

================================================================
== Vivado HLS Report for 'avgpool'
================================================================
* Date:           Fri Dec 11 05:20:01 2020

* Version:        2019.2.1 (Build 2724168 on Thu Dec 05 05:19:09 MST 2019)
* Project:        model
* Solution:       solution1
* Product family: zynquplus
* Target device:  xczu3eg-sbva484-1-e


================================================================
== Performance Estimates
================================================================
+ Timing: 
    * Summary: 
    +--------+---------+----------+------------+
    |  Clock |  Target | Estimated| Uncertainty|
    +--------+---------+----------+------------+
    |ap_clk  | 4.00 ns | 3.360 ns |   0.50 ns  |
    +--------+---------+----------+------------+

+ Latency: 
    * Summary: 
    +---------+---------+----------+----------+------+------+---------+
    |  Latency (cycles) |  Latency (absolute) |   Interval  | Pipeline|
    |   min   |   max   |    min   |    max   |  min |  max |   Type  |
    +---------+---------+----------+----------+------+------+---------+
    |     2241|     2241| 8.964 us | 8.964 us |  2241|  2241|   none  |
    +---------+---------+----------+----------+------+------+---------+

    + Detail: 
        * Instance: 
        N/A

        * Loop: 
        +-------------+---------+---------+----------+-----------+-----------+------+----------+
        |             |  Latency (cycles) | Iteration|  Initiation Interval  | Trip |          |
        |  Loop Name  |   min   |   max   |  Latency |  achieved |   target  | Count| Pipelined|
        +-------------+---------+---------+----------+-----------+-----------+------+----------+
        |- Loop 1     |     2240|     2240|        10|          -|          -|   224|    no    |
        | + Loop 1.1  |        6|        6|         4|          1|          1|     4|    yes   |
        +-------------+---------+---------+----------+-----------+-----------+------+----------+



================================================================
== Utilization Estimates
================================================================
* Summary: 
+-----------------+---------+-------+--------+-------+-----+
|       Name      | BRAM_18K| DSP48E|   FF   |  LUT  | URAM|
+-----------------+---------+-------+--------+-------+-----+
|DSP              |        -|      1|       -|      -|    -|
|Expression       |        -|      0|       0|   8316|    -|
|FIFO             |        -|      -|       -|      -|    -|
|Instance         |        -|      -|       -|      -|    -|
|Memory           |        -|      -|       -|      -|    -|
|Multiplexer      |        -|      -|       -|    594|    -|
|Register         |        0|      -|    1255|     64|    -|
+-----------------+---------+-------+--------+-------+-----+
|Total            |        0|      1|    1255|   8974|    0|
+-----------------+---------+-------+--------+-------+-----+
|Available        |      432|    360|  141120|  70560|    0|
+-----------------+---------+-------+--------+-------+-----+
|Utilization (%)  |        0|   ~0  |   ~0   |     12|    0|
+-----------------+---------+-------+--------+-------+-----+

+ Detail: 
    * Instance: 
    N/A

    * DSP48E: 
    +----------------------------+----------------------+--------------+
    |          Instance          |        Module        |  Expression  |
    +----------------------------+----------------------+--------------+
    |FracNet_mac_muladxdS_U1313  |FracNet_mac_muladxdS  | i0 * i1 + i2 |
    +----------------------------+----------------------+--------------+

    * Memory: 
    N/A

    * FIFO: 
    N/A

    * Expression: 
    +-----------------------------+----------+-------+---+----+------------+------------+
    |        Variable Name        | Operation| DSP48E| FF| LUT| Bitwidth P0| Bitwidth P1|
    +-----------------------------+----------+-------+---+----+------------+------------+
    |mul_ln203_fu_1164_p2         |     *    |      0|  0|  30|           7|           3|
    |add_ln1192_224_fu_1415_p2    |     +    |      0|  0|  24|          17|          17|
    |add_ln1192_225_fu_1518_p2    |     +    |      0|  0|  24|          17|          17|
    |add_ln1192_226_fu_1621_p2    |     +    |      0|  0|  24|          17|          17|
    |add_ln1192_227_fu_1724_p2    |     +    |      0|  0|  24|          17|          17|
    |add_ln1192_228_fu_1827_p2    |     +    |      0|  0|  24|          17|          17|
    |add_ln1192_229_fu_1930_p2    |     +    |      0|  0|  24|          17|          17|
    |add_ln1192_230_fu_2033_p2    |     +    |      0|  0|  24|          17|          17|
    |add_ln1192_231_fu_2136_p2    |     +    |      0|  0|  24|          17|          17|
    |add_ln1192_232_fu_2239_p2    |     +    |      0|  0|  24|          17|          17|
    |add_ln1192_233_fu_2342_p2    |     +    |      0|  0|  24|          17|          17|
    |add_ln1192_234_fu_2445_p2    |     +    |      0|  0|  24|          17|          17|
    |add_ln1192_235_fu_2548_p2    |     +    |      0|  0|  24|          17|          17|
    |add_ln1192_236_fu_2651_p2    |     +    |      0|  0|  24|          17|          17|
    |add_ln1192_237_fu_2754_p2    |     +    |      0|  0|  24|          17|          17|
    |add_ln1192_238_fu_2857_p2    |     +    |      0|  0|  24|          17|          17|
    |add_ln1192_239_fu_2960_p2    |     +    |      0|  0|  24|          17|          17|
    |add_ln1192_240_fu_3063_p2    |     +    |      0|  0|  24|          17|          17|
    |add_ln1192_241_fu_3166_p2    |     +    |      0|  0|  24|          17|          17|
    |add_ln1192_242_fu_3269_p2    |     +    |      0|  0|  24|          17|          17|
    |add_ln1192_243_fu_3372_p2    |     +    |      0|  0|  24|          17|          17|
    |add_ln1192_244_fu_3475_p2    |     +    |      0|  0|  24|          17|          17|
    |add_ln1192_245_fu_3578_p2    |     +    |      0|  0|  24|          17|          17|
    |add_ln1192_246_fu_3681_p2    |     +    |      0|  0|  24|          17|          17|
    |add_ln1192_247_fu_3784_p2    |     +    |      0|  0|  24|          17|          17|
    |add_ln1192_248_fu_3887_p2    |     +    |      0|  0|  24|          17|          17|
    |add_ln1192_249_fu_3990_p2    |     +    |      0|  0|  24|          17|          17|
    |add_ln1192_250_fu_4093_p2    |     +    |      0|  0|  24|          17|          17|
    |add_ln1192_251_fu_4196_p2    |     +    |      0|  0|  24|          17|          17|
    |add_ln1192_252_fu_4299_p2    |     +    |      0|  0|  24|          17|          17|
    |add_ln1192_253_fu_4402_p2    |     +    |      0|  0|  24|          17|          17|
    |add_ln1192_254_fu_4505_p2    |     +    |      0|  0|  24|          17|          17|
    |add_ln1192_fu_1307_p2        |     +    |      0|  0|  24|          17|          17|
    |add_ln203_fu_4763_p2         |     +    |      0|  0|  17|          10|          10|
    |add_ln391_fu_1120_p2         |     +    |      0|  0|  15|           8|           1|
    |add_ln395_1_fu_1184_p2       |     +    |      0|  0|  11|           3|           1|
    |add_ln395_fu_1222_p2         |     +    |      0|  0|  11|           3|           3|
    |add_ln399_fu_1255_p2         |     +    |      0|  0|  15|           7|           7|
    |col_fu_9312_p2               |     +    |      0|  0|  15|           6|           1|
    |ii_fu_1190_p2                |     +    |      0|  0|   9|           2|           1|
    |jj_fu_1243_p2                |     +    |      0|  0|   9|           2|           1|
    |row_fu_1126_p2               |     +    |      0|  0|  11|           1|           3|
    |tmp_0_V_20_fu_1321_p2        |     +    |      0|  0|  23|          16|          16|
    |tmp_10_V_20_fu_2356_p2       |     +    |      0|  0|  23|          16|          16|
    |tmp_11_V_20_fu_2459_p2       |     +    |      0|  0|  23|          16|          16|
    |tmp_12_V_20_fu_2562_p2       |     +    |      0|  0|  23|          16|          16|
    |tmp_13_V_20_fu_2665_p2       |     +    |      0|  0|  23|          16|          16|
    |tmp_14_V_20_fu_2768_p2       |     +    |      0|  0|  23|          16|          16|
    |tmp_15_V_20_fu_2871_p2       |     +    |      0|  0|  23|          16|          16|
    |tmp_16_V_6_fu_2974_p2        |     +    |      0|  0|  23|          16|          16|
    |tmp_17_V_6_fu_3077_p2        |     +    |      0|  0|  23|          16|          16|
    |tmp_18_V_6_fu_3180_p2        |     +    |      0|  0|  23|          16|          16|
    |tmp_19_V_6_fu_3283_p2        |     +    |      0|  0|  23|          16|          16|
    |tmp_1_V_20_fu_1429_p2        |     +    |      0|  0|  23|          16|          16|
    |tmp_20_V_6_fu_3386_p2        |     +    |      0|  0|  23|          16|          16|
    |tmp_21_V_6_fu_3489_p2        |     +    |      0|  0|  23|          16|          16|
    |tmp_22_V_6_fu_3592_p2        |     +    |      0|  0|  23|          16|          16|
    |tmp_23_V_6_fu_3695_p2        |     +    |      0|  0|  23|          16|          16|
    |tmp_24_V_6_fu_3798_p2        |     +    |      0|  0|  23|          16|          16|
    |tmp_25_V_6_fu_3901_p2        |     +    |      0|  0|  23|          16|          16|
    |tmp_26_V_6_fu_4004_p2        |     +    |      0|  0|  23|          16|          16|
    |tmp_27_V_6_fu_4107_p2        |     +    |      0|  0|  23|          16|          16|
    |tmp_28_V_6_fu_4210_p2        |     +    |      0|  0|  23|          16|          16|
    |tmp_29_V_6_fu_4313_p2        |     +    |      0|  0|  23|          16|          16|
    |tmp_2_V_20_fu_1532_p2        |     +    |      0|  0|  23|          16|          16|
    |tmp_30_V_6_fu_4416_p2        |     +    |      0|  0|  23|          16|          16|
    |tmp_31_V_6_fu_4519_p2        |     +    |      0|  0|  23|          16|          16|
    |tmp_3_V_20_fu_1635_p2        |     +    |      0|  0|  23|          16|          16|
    |tmp_4_V_20_fu_1738_p2        |     +    |      0|  0|  23|          16|          16|
    |tmp_5_V_20_fu_1841_p2        |     +    |      0|  0|  23|          16|          16|
    |tmp_6_V_20_fu_1944_p2        |     +    |      0|  0|  23|          16|          16|
    |tmp_7_V_20_fu_2047_p2        |     +    |      0|  0|  23|          16|          16|
    |tmp_8_V_20_fu_2150_p2        |     +    |      0|  0|  23|          16|          16|
    |tmp_9_V_20_fu_2253_p2        |     +    |      0|  0|  23|          16|          16|
    |sub_ln1148_10_fu_5498_p2     |     -    |      0|  0|  31|           1|          24|
    |sub_ln1148_11_fu_5518_p2     |     -    |      0|  0|  23|           1|          16|
    |sub_ln1148_12_fu_5640_p2     |     -    |      0|  0|  31|           1|          24|
    |sub_ln1148_13_fu_5660_p2     |     -    |      0|  0|  23|           1|          16|
    |sub_ln1148_14_fu_5782_p2     |     -    |      0|  0|  31|           1|          24|
    |sub_ln1148_15_fu_5802_p2     |     -    |      0|  0|  23|           1|          16|
    |sub_ln1148_16_fu_5924_p2     |     -    |      0|  0|  31|           1|          24|
    |sub_ln1148_17_fu_5944_p2     |     -    |      0|  0|  23|           1|          16|
    |sub_ln1148_18_fu_6066_p2     |     -    |      0|  0|  31|           1|          24|
    |sub_ln1148_19_fu_6086_p2     |     -    |      0|  0|  23|           1|          16|
    |sub_ln1148_1_fu_4808_p2      |     -    |      0|  0|  23|           1|          16|
    |sub_ln1148_20_fu_6208_p2     |     -    |      0|  0|  31|           1|          24|
    |sub_ln1148_21_fu_6228_p2     |     -    |      0|  0|  23|           1|          16|
    |sub_ln1148_22_fu_6350_p2     |     -    |      0|  0|  31|           1|          24|
    |sub_ln1148_23_fu_6370_p2     |     -    |      0|  0|  23|           1|          16|
    |sub_ln1148_24_fu_6492_p2     |     -    |      0|  0|  31|           1|          24|
    |sub_ln1148_25_fu_6512_p2     |     -    |      0|  0|  23|           1|          16|
    |sub_ln1148_26_fu_6634_p2     |     -    |      0|  0|  31|           1|          24|
    |sub_ln1148_27_fu_6654_p2     |     -    |      0|  0|  23|           1|          16|
    |sub_ln1148_28_fu_6776_p2     |     -    |      0|  0|  31|           1|          24|
    |sub_ln1148_29_fu_6796_p2     |     -    |      0|  0|  23|           1|          16|
    |sub_ln1148_2_fu_4930_p2      |     -    |      0|  0|  31|           1|          24|
    |sub_ln1148_30_fu_6918_p2     |     -    |      0|  0|  31|           1|          24|
    |sub_ln1148_31_fu_6938_p2     |     -    |      0|  0|  23|           1|          16|
    |sub_ln1148_32_fu_7060_p2     |     -    |      0|  0|  31|           1|          24|
    |sub_ln1148_33_fu_7080_p2     |     -    |      0|  0|  23|           1|          16|
    |sub_ln1148_34_fu_7202_p2     |     -    |      0|  0|  31|           1|          24|
    |sub_ln1148_35_fu_7222_p2     |     -    |      0|  0|  23|           1|          16|
    |sub_ln1148_36_fu_7344_p2     |     -    |      0|  0|  31|           1|          24|
    |sub_ln1148_37_fu_7364_p2     |     -    |      0|  0|  23|           1|          16|
    |sub_ln1148_38_fu_7486_p2     |     -    |      0|  0|  31|           1|          24|
    |sub_ln1148_39_fu_7506_p2     |     -    |      0|  0|  23|           1|          16|
    |sub_ln1148_3_fu_4950_p2      |     -    |      0|  0|  23|           1|          16|
    |sub_ln1148_40_fu_7628_p2     |     -    |      0|  0|  31|           1|          24|
    |sub_ln1148_41_fu_7648_p2     |     -    |      0|  0|  23|           1|          16|
    |sub_ln1148_42_fu_7770_p2     |     -    |      0|  0|  31|           1|          24|
    |sub_ln1148_43_fu_7790_p2     |     -    |      0|  0|  23|           1|          16|
    |sub_ln1148_44_fu_7912_p2     |     -    |      0|  0|  31|           1|          24|
    |sub_ln1148_45_fu_7932_p2     |     -    |      0|  0|  23|           1|          16|
    |sub_ln1148_46_fu_8054_p2     |     -    |      0|  0|  31|           1|          24|
    |sub_ln1148_47_fu_8074_p2     |     -    |      0|  0|  23|           1|          16|
    |sub_ln1148_48_fu_8196_p2     |     -    |      0|  0|  31|           1|          24|
    |sub_ln1148_49_fu_8216_p2     |     -    |      0|  0|  23|           1|          16|
    |sub_ln1148_4_fu_5072_p2      |     -    |      0|  0|  31|           1|          24|
    |sub_ln1148_50_fu_8338_p2     |     -    |      0|  0|  31|           1|          24|
    |sub_ln1148_51_fu_8358_p2     |     -    |      0|  0|  23|           1|          16|
    |sub_ln1148_52_fu_8480_p2     |     -    |      0|  0|  31|           1|          24|
    |sub_ln1148_53_fu_8500_p2     |     -    |      0|  0|  23|           1|          16|
    |sub_ln1148_54_fu_8622_p2     |     -    |      0|  0|  31|           1|          24|
    |sub_ln1148_55_fu_8642_p2     |     -    |      0|  0|  23|           1|          16|
    |sub_ln1148_56_fu_8764_p2     |     -    |      0|  0|  31|           1|          24|
    |sub_ln1148_57_fu_8784_p2     |     -    |      0|  0|  23|           1|          16|
    |sub_ln1148_58_fu_8906_p2     |     -    |      0|  0|  31|           1|          24|
    |sub_ln1148_59_fu_8926_p2     |     -    |      0|  0|  23|           1|          16|
    |sub_ln1148_5_fu_5092_p2      |     -    |      0|  0|  23|           1|          16|
    |sub_ln1148_60_fu_9048_p2     |     -    |      0|  0|  31|           1|          24|
    |sub_ln1148_61_fu_9068_p2     |     -    |      0|  0|  23|           1|          16|
    |sub_ln1148_62_fu_9190_p2     |     -    |      0|  0|  31|           1|          24|
    |sub_ln1148_63_fu_9210_p2     |     -    |      0|  0|  23|           1|          16|
    |sub_ln1148_6_fu_5214_p2      |     -    |      0|  0|  31|           1|          24|
    |sub_ln1148_7_fu_5234_p2      |     -    |      0|  0|  23|           1|          16|
    |sub_ln1148_8_fu_5356_p2      |     -    |      0|  0|  31|           1|          24|
    |sub_ln1148_9_fu_5376_p2      |     -    |      0|  0|  23|           1|          16|
    |sub_ln1148_fu_4788_p2        |     -    |      0|  0|  31|           1|          24|
    |sub_ln399_fu_1227_p2         |     -    |      0|  0|   9|           1|           2|
    |and_ln340_100_fu_1908_p2     |    and   |      0|  0|   2|           1|           1|
    |and_ln340_101_fu_2011_p2     |    and   |      0|  0|   2|           1|           1|
    |and_ln340_102_fu_2114_p2     |    and   |      0|  0|   2|           1|           1|
    |and_ln340_103_fu_2217_p2     |    and   |      0|  0|   2|           1|           1|
    |and_ln340_104_fu_2320_p2     |    and   |      0|  0|   2|           1|           1|
    |and_ln340_105_fu_2423_p2     |    and   |      0|  0|   2|           1|           1|
    |and_ln340_106_fu_2526_p2     |    and   |      0|  0|   2|           1|           1|
    |and_ln340_107_fu_2629_p2     |    and   |      0|  0|   2|           1|           1|
    |and_ln340_108_fu_2732_p2     |    and   |      0|  0|   2|           1|           1|
    |and_ln340_109_fu_2835_p2     |    and   |      0|  0|   2|           1|           1|
    |and_ln340_110_fu_2938_p2     |    and   |      0|  0|   2|           1|           1|
    |and_ln340_111_fu_3041_p2     |    and   |      0|  0|   2|           1|           1|
    |and_ln340_112_fu_3144_p2     |    and   |      0|  0|   2|           1|           1|
    |and_ln340_113_fu_3247_p2     |    and   |      0|  0|   2|           1|           1|
    |and_ln340_114_fu_3350_p2     |    and   |      0|  0|   2|           1|           1|
    |and_ln340_115_fu_3453_p2     |    and   |      0|  0|   2|           1|           1|
    |and_ln340_116_fu_3556_p2     |    and   |      0|  0|   2|           1|           1|
    |and_ln340_117_fu_3659_p2     |    and   |      0|  0|   2|           1|           1|
    |and_ln340_118_fu_3762_p2     |    and   |      0|  0|   2|           1|           1|
    |and_ln340_119_fu_3865_p2     |    and   |      0|  0|   2|           1|           1|
    |and_ln340_120_fu_3968_p2     |    and   |      0|  0|   2|           1|           1|
    |and_ln340_121_fu_4071_p2     |    and   |      0|  0|   2|           1|           1|
    |and_ln340_122_fu_4174_p2     |    and   |      0|  0|   2|           1|           1|
    |and_ln340_123_fu_4277_p2     |    and   |      0|  0|   2|           1|           1|
    |and_ln340_124_fu_4380_p2     |    and   |      0|  0|   2|           1|           1|
    |and_ln340_125_fu_4483_p2     |    and   |      0|  0|   2|           1|           1|
    |and_ln340_126_fu_4586_p2     |    and   |      0|  0|   2|           1|           1|
    |and_ln340_96_fu_1496_p2      |    and   |      0|  0|   2|           1|           1|
    |and_ln340_97_fu_1599_p2      |    and   |      0|  0|   2|           1|           1|
    |and_ln340_98_fu_1702_p2      |    and   |      0|  0|   2|           1|           1|
    |and_ln340_99_fu_1805_p2      |    and   |      0|  0|   2|           1|           1|
    |and_ln340_fu_1393_p2         |    and   |      0|  0|   2|           1|           1|
    |and_ln786_544_fu_5010_p2     |    and   |      0|  0|   2|           1|           1|
    |and_ln786_545_fu_1341_p2     |    and   |      0|  0|   2|           1|           1|
    |and_ln786_546_fu_5152_p2     |    and   |      0|  0|   2|           1|           1|
    |and_ln786_547_fu_1449_p2     |    and   |      0|  0|   2|           1|           1|
    |and_ln786_548_fu_5294_p2     |    and   |      0|  0|   2|           1|           1|
    |and_ln786_549_fu_1552_p2     |    and   |      0|  0|   2|           1|           1|
    |and_ln786_550_fu_5436_p2     |    and   |      0|  0|   2|           1|           1|
    |and_ln786_551_fu_5578_p2     |    and   |      0|  0|   2|           1|           1|
    |and_ln786_552_fu_1655_p2     |    and   |      0|  0|   2|           1|           1|
    |and_ln786_553_fu_5720_p2     |    and   |      0|  0|   2|           1|           1|
    |and_ln786_554_fu_1758_p2     |    and   |      0|  0|   2|           1|           1|
    |and_ln786_555_fu_5862_p2     |    and   |      0|  0|   2|           1|           1|
    |and_ln786_556_fu_1861_p2     |    and   |      0|  0|   2|           1|           1|
    |and_ln786_557_fu_6004_p2     |    and   |      0|  0|   2|           1|           1|
    |and_ln786_558_fu_6146_p2     |    and   |      0|  0|   2|           1|           1|
    |and_ln786_559_fu_1964_p2     |    and   |      0|  0|   2|           1|           1|
    |and_ln786_560_fu_6288_p2     |    and   |      0|  0|   2|           1|           1|
    |and_ln786_561_fu_2067_p2     |    and   |      0|  0|   2|           1|           1|
    |and_ln786_562_fu_6430_p2     |    and   |      0|  0|   2|           1|           1|
    |and_ln786_563_fu_2170_p2     |    and   |      0|  0|   2|           1|           1|
    |and_ln786_564_fu_6572_p2     |    and   |      0|  0|   2|           1|           1|
    |and_ln786_565_fu_6714_p2     |    and   |      0|  0|   2|           1|           1|
    |and_ln786_566_fu_2273_p2     |    and   |      0|  0|   2|           1|           1|
    |and_ln786_567_fu_6856_p2     |    and   |      0|  0|   2|           1|           1|
    |and_ln786_568_fu_2376_p2     |    and   |      0|  0|   2|           1|           1|
    |and_ln786_569_fu_6998_p2     |    and   |      0|  0|   2|           1|           1|
    |and_ln786_570_fu_2479_p2     |    and   |      0|  0|   2|           1|           1|
    |and_ln786_571_fu_7140_p2     |    and   |      0|  0|   2|           1|           1|
    |and_ln786_572_fu_7282_p2     |    and   |      0|  0|   2|           1|           1|
    |and_ln786_573_fu_2582_p2     |    and   |      0|  0|   2|           1|           1|
    |and_ln786_574_fu_7424_p2     |    and   |      0|  0|   2|           1|           1|
    |and_ln786_575_fu_2685_p2     |    and   |      0|  0|   2|           1|           1|
    |and_ln786_576_fu_7566_p2     |    and   |      0|  0|   2|           1|           1|
    |and_ln786_577_fu_2788_p2     |    and   |      0|  0|   2|           1|           1|
    |and_ln786_578_fu_7708_p2     |    and   |      0|  0|   2|           1|           1|
    |and_ln786_579_fu_7850_p2     |    and   |      0|  0|   2|           1|           1|
    |and_ln786_580_fu_2891_p2     |    and   |      0|  0|   2|           1|           1|
    |and_ln786_581_fu_7992_p2     |    and   |      0|  0|   2|           1|           1|
    |and_ln786_582_fu_2994_p2     |    and   |      0|  0|   2|           1|           1|
    |and_ln786_583_fu_8134_p2     |    and   |      0|  0|   2|           1|           1|
    |and_ln786_584_fu_3097_p2     |    and   |      0|  0|   2|           1|           1|
    |and_ln786_585_fu_8276_p2     |    and   |      0|  0|   2|           1|           1|
    |and_ln786_586_fu_8418_p2     |    and   |      0|  0|   2|           1|           1|
    |and_ln786_587_fu_3200_p2     |    and   |      0|  0|   2|           1|           1|
    |and_ln786_588_fu_8560_p2     |    and   |      0|  0|   2|           1|           1|
    |and_ln786_589_fu_3303_p2     |    and   |      0|  0|   2|           1|           1|
    |and_ln786_590_fu_8702_p2     |    and   |      0|  0|   2|           1|           1|
    |and_ln786_591_fu_3406_p2     |    and   |      0|  0|   2|           1|           1|
    |and_ln786_592_fu_8844_p2     |    and   |      0|  0|   2|           1|           1|
    |and_ln786_593_fu_8986_p2     |    and   |      0|  0|   2|           1|           1|
    |and_ln786_594_fu_3509_p2     |    and   |      0|  0|   2|           1|           1|
    |and_ln786_595_fu_9128_p2     |    and   |      0|  0|   2|           1|           1|
    |and_ln786_596_fu_3612_p2     |    and   |      0|  0|   2|           1|           1|
    |and_ln786_597_fu_9270_p2     |    and   |      0|  0|   2|           1|           1|
    |and_ln786_598_fu_3715_p2     |    and   |      0|  0|   2|           1|           1|
    |and_ln786_599_fu_3818_p2     |    and   |      0|  0|   2|           1|           1|
    |and_ln786_600_fu_3921_p2     |    and   |      0|  0|   2|           1|           1|
    |and_ln786_601_fu_4024_p2     |    and   |      0|  0|   2|           1|           1|
    |and_ln786_602_fu_4127_p2     |    and   |      0|  0|   2|           1|           1|
    |and_ln786_603_fu_4230_p2     |    and   |      0|  0|   2|           1|           1|
    |and_ln786_604_fu_4333_p2     |    and   |      0|  0|   2|           1|           1|
    |and_ln786_605_fu_4436_p2     |    and   |      0|  0|   2|           1|           1|
    |and_ln786_606_fu_4539_p2     |    and   |      0|  0|   2|           1|           1|
    |and_ln786_fu_4868_p2         |    and   |      0|  0|   2|           1|           1|
    |icmp_ln391_fu_1114_p2        |   icmp   |      0|  0|  11|           8|           7|
    |icmp_ln392_fu_1132_p2        |   icmp   |      0|  0|  11|           6|           5|
    |icmp_ln395_fu_1178_p2        |   icmp   |      0|  0|   9|           3|           4|
    |icmp_ln396_fu_1196_p2        |   icmp   |      0|  0|   9|           2|           3|
    |icmp_ln399_fu_1237_p2        |   icmp   |      0|  0|   9|           3|           3|
    |or_ln340_739_fu_1359_p2      |    or    |      0|  0|   2|           1|           1|
    |or_ln340_742_fu_1467_p2      |    or    |      0|  0|   2|           1|           1|
    |or_ln340_745_fu_1570_p2      |    or    |      0|  0|   2|           1|           1|
    |or_ln340_749_fu_1673_p2      |    or    |      0|  0|   2|           1|           1|
    |or_ln340_752_fu_1776_p2      |    or    |      0|  0|   2|           1|           1|
    |or_ln340_755_fu_1879_p2      |    or    |      0|  0|   2|           1|           1|
    |or_ln340_759_fu_1982_p2      |    or    |      0|  0|   2|           1|           1|
    |or_ln340_762_fu_2085_p2      |    or    |      0|  0|   2|           1|           1|
    |or_ln340_765_fu_2188_p2      |    or    |      0|  0|   2|           1|           1|
    |or_ln340_769_fu_2291_p2      |    or    |      0|  0|   2|           1|           1|
    |or_ln340_772_fu_2394_p2      |    or    |      0|  0|   2|           1|           1|
    |or_ln340_775_fu_2497_p2      |    or    |      0|  0|   2|           1|           1|
    |or_ln340_779_fu_2600_p2      |    or    |      0|  0|   2|           1|           1|
    |or_ln340_782_fu_2703_p2      |    or    |      0|  0|   2|           1|           1|
    |or_ln340_785_fu_2806_p2      |    or    |      0|  0|   2|           1|           1|
    |or_ln340_789_fu_2909_p2      |    or    |      0|  0|   2|           1|           1|
    |or_ln340_792_fu_3012_p2      |    or    |      0|  0|   2|           1|           1|
    |or_ln340_795_fu_3115_p2      |    or    |      0|  0|   2|           1|           1|
    |or_ln340_799_fu_3218_p2      |    or    |      0|  0|   2|           1|           1|
    |or_ln340_802_fu_3321_p2      |    or    |      0|  0|   2|           1|           1|
    |or_ln340_805_fu_3424_p2      |    or    |      0|  0|   2|           1|           1|
    |or_ln340_809_fu_3527_p2      |    or    |      0|  0|   2|           1|           1|
    |or_ln340_812_fu_3630_p2      |    or    |      0|  0|   2|           1|           1|
    |or_ln340_815_fu_3733_p2      |    or    |      0|  0|   2|           1|           1|
    |or_ln340_817_fu_3836_p2      |    or    |      0|  0|   2|           1|           1|
    |or_ln340_819_fu_3939_p2      |    or    |      0|  0|   2|           1|           1|
    |or_ln340_821_fu_4042_p2      |    or    |      0|  0|   2|           1|           1|
    |or_ln340_823_fu_4145_p2      |    or    |      0|  0|   2|           1|           1|
    |or_ln340_825_fu_4248_p2      |    or    |      0|  0|   2|           1|           1|
    |or_ln340_827_fu_4351_p2      |    or    |      0|  0|   2|           1|           1|
    |or_ln340_829_fu_4454_p2      |    or    |      0|  0|   2|           1|           1|
    |or_ln340_831_fu_4557_p2      |    or    |      0|  0|   2|           1|           1|
    |or_ln340_896_fu_5022_p2      |    or    |      0|  0|   2|           1|           1|
    |or_ln340_897_fu_5164_p2      |    or    |      0|  0|   2|           1|           1|
    |or_ln340_898_fu_5306_p2      |    or    |      0|  0|   2|           1|           1|
    |or_ln340_899_fu_5448_p2      |    or    |      0|  0|   2|           1|           1|
    |or_ln340_900_fu_5590_p2      |    or    |      0|  0|   2|           1|           1|
    |or_ln340_901_fu_5732_p2      |    or    |      0|  0|   2|           1|           1|
    |or_ln340_902_fu_5874_p2      |    or    |      0|  0|   2|           1|           1|
    |or_ln340_903_fu_6016_p2      |    or    |      0|  0|   2|           1|           1|
    |or_ln340_904_fu_6158_p2      |    or    |      0|  0|   2|           1|           1|
    |or_ln340_905_fu_6300_p2      |    or    |      0|  0|   2|           1|           1|
    |or_ln340_906_fu_6442_p2      |    or    |      0|  0|   2|           1|           1|
    |or_ln340_907_fu_6584_p2      |    or    |      0|  0|   2|           1|           1|
    |or_ln340_908_fu_6726_p2      |    or    |      0|  0|   2|           1|           1|
    |or_ln340_909_fu_6868_p2      |    or    |      0|  0|   2|           1|           1|
    |or_ln340_910_fu_7010_p2      |    or    |      0|  0|   2|           1|           1|
    |or_ln340_911_fu_7152_p2      |    or    |      0|  0|   2|           1|           1|
    |or_ln340_912_fu_7294_p2      |    or    |      0|  0|   2|           1|           1|
    |or_ln340_913_fu_7436_p2      |    or    |      0|  0|   2|           1|           1|
    |or_ln340_914_fu_7578_p2      |    or    |      0|  0|   2|           1|           1|
    |or_ln340_915_fu_7720_p2      |    or    |      0|  0|   2|           1|           1|
    |or_ln340_916_fu_7862_p2      |    or    |      0|  0|   2|           1|           1|
    |or_ln340_917_fu_8004_p2      |    or    |      0|  0|   2|           1|           1|
    |or_ln340_918_fu_8146_p2      |    or    |      0|  0|   2|           1|           1|
    |or_ln340_919_fu_8288_p2      |    or    |      0|  0|   2|           1|           1|
    |or_ln340_920_fu_8430_p2      |    or    |      0|  0|   2|           1|           1|
    |or_ln340_921_fu_8572_p2      |    or    |      0|  0|   2|           1|           1|
    |or_ln340_922_fu_8714_p2      |    or    |      0|  0|   2|           1|           1|
    |or_ln340_923_fu_8856_p2      |    or    |      0|  0|   2|           1|           1|
    |or_ln340_924_fu_8998_p2      |    or    |      0|  0|   2|           1|           1|
    |or_ln340_925_fu_9140_p2      |    or    |      0|  0|   2|           1|           1|
    |or_ln340_926_fu_9282_p2      |    or    |      0|  0|   2|           1|           1|
    |or_ln340_fu_4880_p2          |    or    |      0|  0|   2|           1|           1|
    |select_ln1148_10_fu_6252_p3  |  select  |      0|  0|  16|           1|          16|
    |select_ln1148_11_fu_6394_p3  |  select  |      0|  0|  16|           1|          16|
    |select_ln1148_12_fu_6536_p3  |  select  |      0|  0|  16|           1|          16|
    |select_ln1148_13_fu_6678_p3  |  select  |      0|  0|  16|           1|          16|
    |select_ln1148_14_fu_6820_p3  |  select  |      0|  0|  16|           1|          16|
    |select_ln1148_15_fu_6962_p3  |  select  |      0|  0|  16|           1|          16|
    |select_ln1148_16_fu_7104_p3  |  select  |      0|  0|  16|           1|          16|
    |select_ln1148_17_fu_7246_p3  |  select  |      0|  0|  16|           1|          16|
    |select_ln1148_18_fu_7388_p3  |  select  |      0|  0|  16|           1|          16|
    |select_ln1148_19_fu_7530_p3  |  select  |      0|  0|  16|           1|          16|
    |select_ln1148_1_fu_4974_p3   |  select  |      0|  0|  16|           1|          16|
    |select_ln1148_20_fu_7672_p3  |  select  |      0|  0|  16|           1|          16|
    |select_ln1148_21_fu_7814_p3  |  select  |      0|  0|  16|           1|          16|
    |select_ln1148_22_fu_7956_p3  |  select  |      0|  0|  16|           1|          16|
    |select_ln1148_23_fu_8098_p3  |  select  |      0|  0|  16|           1|          16|
    |select_ln1148_24_fu_8240_p3  |  select  |      0|  0|  16|           1|          16|
    |select_ln1148_25_fu_8382_p3  |  select  |      0|  0|  16|           1|          16|
    |select_ln1148_26_fu_8524_p3  |  select  |      0|  0|  16|           1|          16|
    |select_ln1148_27_fu_8666_p3  |  select  |      0|  0|  16|           1|          16|
    |select_ln1148_28_fu_8808_p3  |  select  |      0|  0|  16|           1|          16|
    |select_ln1148_29_fu_8950_p3  |  select  |      0|  0|  16|           1|          16|
    |select_ln1148_2_fu_5116_p3   |  select  |      0|  0|  16|           1|          16|
    |select_ln1148_30_fu_9092_p3  |  select  |      0|  0|  16|           1|          16|
    |select_ln1148_31_fu_9234_p3  |  select  |      0|  0|  16|           1|          16|
    |select_ln1148_3_fu_5258_p3   |  select  |      0|  0|  16|           1|          16|
    |select_ln1148_4_fu_5400_p3   |  select  |      0|  0|  16|           1|          16|
    |select_ln1148_5_fu_5542_p3   |  select  |      0|  0|  16|           1|          16|
    |select_ln1148_6_fu_5684_p3   |  select  |      0|  0|  16|           1|          16|
    |select_ln1148_7_fu_5826_p3   |  select  |      0|  0|  16|           1|          16|
    |select_ln1148_8_fu_5968_p3   |  select  |      0|  0|  16|           1|          16|
    |select_ln1148_9_fu_6110_p3   |  select  |      0|  0|  16|           1|          16|
    |select_ln1148_fu_4832_p3     |  select  |      0|  0|  16|           1|          16|
    |select_ln340_10_fu_6306_p3   |  select  |      0|  0|  16|           1|          15|
    |select_ln340_11_fu_6448_p3   |  select  |      0|  0|  16|           1|          15|
    |select_ln340_12_fu_6590_p3   |  select  |      0|  0|  16|           1|          15|
    |select_ln340_13_fu_6732_p3   |  select  |      0|  0|  16|           1|          15|
    |select_ln340_14_fu_6874_p3   |  select  |      0|  0|  16|           1|          15|
    |select_ln340_15_fu_7016_p3   |  select  |      0|  0|  16|           1|          15|
    |select_ln340_16_fu_7158_p3   |  select  |      0|  0|  16|           1|          15|
    |select_ln340_17_fu_7300_p3   |  select  |      0|  0|  16|           1|          15|
    |select_ln340_18_fu_7442_p3   |  select  |      0|  0|  16|           1|          15|
    |select_ln340_19_fu_7584_p3   |  select  |      0|  0|  16|           1|          15|
    |select_ln340_1_fu_5028_p3    |  select  |      0|  0|  16|           1|          15|
    |select_ln340_20_fu_7726_p3   |  select  |      0|  0|  16|           1|          15|
    |select_ln340_21_fu_7868_p3   |  select  |      0|  0|  16|           1|          15|
    |select_ln340_22_fu_8010_p3   |  select  |      0|  0|  16|           1|          15|
    |select_ln340_23_fu_8152_p3   |  select  |      0|  0|  16|           1|          15|
    |select_ln340_24_fu_8294_p3   |  select  |      0|  0|  16|           1|          15|
    |select_ln340_25_fu_8436_p3   |  select  |      0|  0|  16|           1|          15|
    |select_ln340_26_fu_8578_p3   |  select  |      0|  0|  16|           1|          15|
    |select_ln340_27_fu_8720_p3   |  select  |      0|  0|  16|           1|          15|
    |select_ln340_28_fu_8862_p3   |  select  |      0|  0|  16|           1|          15|
    |select_ln340_29_fu_9004_p3   |  select  |      0|  0|  16|           1|          15|
    |select_ln340_2_fu_5170_p3    |  select  |      0|  0|  16|           1|          15|
    |select_ln340_30_fu_9146_p3   |  select  |      0|  0|  16|           1|          15|
    |select_ln340_31_fu_9288_p3   |  select  |      0|  0|  16|           1|          15|
    |select_ln340_352_fu_1365_p3  |  select  |      0|  0|  16|           1|          15|
    |select_ln340_353_fu_1473_p3  |  select  |      0|  0|  16|           1|          15|
    |select_ln340_354_fu_1576_p3  |  select  |      0|  0|  16|           1|          15|
    |select_ln340_355_fu_1679_p3  |  select  |      0|  0|  16|           1|          15|
    |select_ln340_356_fu_1782_p3  |  select  |      0|  0|  16|           1|          15|
    |select_ln340_357_fu_1885_p3  |  select  |      0|  0|  16|           1|          15|
    |select_ln340_358_fu_1988_p3  |  select  |      0|  0|  16|           1|          15|
    |select_ln340_359_fu_2091_p3  |  select  |      0|  0|  16|           1|          15|
    |select_ln340_360_fu_2194_p3  |  select  |      0|  0|  16|           1|          15|
    |select_ln340_361_fu_2297_p3  |  select  |      0|  0|  16|           1|          15|
    |select_ln340_362_fu_2400_p3  |  select  |      0|  0|  16|           1|          15|
    |select_ln340_363_fu_2503_p3  |  select  |      0|  0|  16|           1|          15|
    |select_ln340_364_fu_2606_p3  |  select  |      0|  0|  16|           1|          15|
    |select_ln340_365_fu_2709_p3  |  select  |      0|  0|  16|           1|          15|
    |select_ln340_366_fu_2812_p3  |  select  |      0|  0|  16|           1|          15|
    |select_ln340_367_fu_2915_p3  |  select  |      0|  0|  16|           1|          15|
    |select_ln340_368_fu_3018_p3  |  select  |      0|  0|  16|           1|          15|
    |select_ln340_369_fu_3121_p3  |  select  |      0|  0|  16|           1|          15|
    |select_ln340_370_fu_3224_p3  |  select  |      0|  0|  16|           1|          15|
    |select_ln340_371_fu_3327_p3  |  select  |      0|  0|  16|           1|          15|
    |select_ln340_372_fu_3430_p3  |  select  |      0|  0|  16|           1|          15|
    |select_ln340_373_fu_3533_p3  |  select  |      0|  0|  16|           1|          15|
    |select_ln340_374_fu_3636_p3  |  select  |      0|  0|  16|           1|          15|
    |select_ln340_375_fu_3739_p3  |  select  |      0|  0|  16|           1|          15|
    |select_ln340_376_fu_3842_p3  |  select  |      0|  0|  16|           1|          15|
    |select_ln340_377_fu_3945_p3  |  select  |      0|  0|  16|           1|          15|
    |select_ln340_378_fu_4048_p3  |  select  |      0|  0|  16|           1|          15|
    |select_ln340_379_fu_4151_p3  |  select  |      0|  0|  16|           1|          15|
    |select_ln340_380_fu_4254_p3  |  select  |      0|  0|  16|           1|          15|
    |select_ln340_381_fu_4357_p3  |  select  |      0|  0|  16|           1|          15|
    |select_ln340_382_fu_4460_p3  |  select  |      0|  0|  16|           1|          15|
    |select_ln340_383_fu_4563_p3  |  select  |      0|  0|  16|           1|          15|
    |select_ln340_3_fu_5312_p3    |  select  |      0|  0|  16|           1|          15|
    |select_ln340_4_fu_5454_p3    |  select  |      0|  0|  16|           1|          15|
    |select_ln340_5_fu_5596_p3    |  select  |      0|  0|  16|           1|          15|
    |select_ln340_6_fu_5738_p3    |  select  |      0|  0|  16|           1|          15|
    |select_ln340_704_fu_4902_p3  |  select  |      0|  0|  16|           1|          16|
    |select_ln340_705_fu_5044_p3  |  select  |      0|  0|  16|           1|          16|
    |select_ln340_706_fu_5186_p3  |  select  |      0|  0|  16|           1|          16|
    |select_ln340_707_fu_5328_p3  |  select  |      0|  0|  16|           1|          16|
    |select_ln340_708_fu_5470_p3  |  select  |      0|  0|  16|           1|          16|
    |select_ln340_709_fu_5612_p3  |  select  |      0|  0|  16|           1|          16|
    |select_ln340_710_fu_5754_p3  |  select  |      0|  0|  16|           1|          16|
    |select_ln340_711_fu_5896_p3  |  select  |      0|  0|  16|           1|          16|
    |select_ln340_712_fu_6038_p3  |  select  |      0|  0|  16|           1|          16|
    |select_ln340_713_fu_6180_p3  |  select  |      0|  0|  16|           1|          16|
    |select_ln340_714_fu_6322_p3  |  select  |      0|  0|  16|           1|          16|
    |select_ln340_715_fu_6464_p3  |  select  |      0|  0|  16|           1|          16|
    |select_ln340_716_fu_6606_p3  |  select  |      0|  0|  16|           1|          16|
    |select_ln340_717_fu_6748_p3  |  select  |      0|  0|  16|           1|          16|
    |select_ln340_718_fu_6890_p3  |  select  |      0|  0|  16|           1|          16|
    |select_ln340_719_fu_7032_p3  |  select  |      0|  0|  16|           1|          16|
    |select_ln340_720_fu_7174_p3  |  select  |      0|  0|  16|           1|          16|
    |select_ln340_721_fu_7316_p3  |  select  |      0|  0|  16|           1|          16|
    |select_ln340_722_fu_7458_p3  |  select  |      0|  0|  16|           1|          16|
    |select_ln340_723_fu_7600_p3  |  select  |      0|  0|  16|           1|          16|
    |select_ln340_724_fu_7742_p3  |  select  |      0|  0|  16|           1|          16|
    |select_ln340_725_fu_7884_p3  |  select  |      0|  0|  16|           1|          16|
    |select_ln340_726_fu_8026_p3  |  select  |      0|  0|  16|           1|          16|
    |select_ln340_727_fu_8168_p3  |  select  |      0|  0|  16|           1|          16|
    |select_ln340_728_fu_8310_p3  |  select  |      0|  0|  16|           1|          16|
    |select_ln340_729_fu_8452_p3  |  select  |      0|  0|  16|           1|          16|
    |select_ln340_730_fu_8594_p3  |  select  |      0|  0|  16|           1|          16|
    |select_ln340_731_fu_8736_p3  |  select  |      0|  0|  16|           1|          16|
    |select_ln340_732_fu_8878_p3  |  select  |      0|  0|  16|           1|          16|
    |select_ln340_733_fu_9020_p3  |  select  |      0|  0|  16|           1|          16|
    |select_ln340_734_fu_9162_p3  |  select  |      0|  0|  16|           1|          16|
    |select_ln340_735_fu_9304_p3  |  select  |      0|  0|  16|           1|          16|
    |select_ln340_7_fu_5880_p3    |  select  |      0|  0|  16|           1|          15|
    |select_ln340_8_fu_6022_p3    |  select  |      0|  0|  16|           1|          15|
    |select_ln340_9_fu_6164_p3    |  select  |      0|  0|  16|           1|          15|
    |select_ln340_fu_4886_p3      |  select  |      0|  0|  16|           1|          15|
    |select_ln388_10_fu_6314_p3   |  select  |      0|  0|  17|           1|          17|
    |select_ln388_11_fu_6456_p3   |  select  |      0|  0|  17|           1|          17|
    |select_ln388_12_fu_6598_p3   |  select  |      0|  0|  17|           1|          17|
    |select_ln388_13_fu_6740_p3   |  select  |      0|  0|  17|           1|          17|
    |select_ln388_14_fu_6882_p3   |  select  |      0|  0|  17|           1|          17|
    |select_ln388_15_fu_7024_p3   |  select  |      0|  0|  17|           1|          17|
    |select_ln388_16_fu_7166_p3   |  select  |      0|  0|  17|           1|          17|
    |select_ln388_17_fu_7308_p3   |  select  |      0|  0|  17|           1|          17|
    |select_ln388_18_fu_7450_p3   |  select  |      0|  0|  17|           1|          17|
    |select_ln388_19_fu_7592_p3   |  select  |      0|  0|  17|           1|          17|
    |select_ln388_1_fu_5036_p3    |  select  |      0|  0|  17|           1|          17|
    |select_ln388_20_fu_7734_p3   |  select  |      0|  0|  17|           1|          17|
    |select_ln388_21_fu_7876_p3   |  select  |      0|  0|  17|           1|          17|
    |select_ln388_22_fu_8018_p3   |  select  |      0|  0|  17|           1|          17|
    |select_ln388_23_fu_8160_p3   |  select  |      0|  0|  17|           1|          17|
    |select_ln388_24_fu_8302_p3   |  select  |      0|  0|  17|           1|          17|
    |select_ln388_25_fu_8444_p3   |  select  |      0|  0|  17|           1|          17|
    |select_ln388_26_fu_8586_p3   |  select  |      0|  0|  17|           1|          17|
    |select_ln388_27_fu_8728_p3   |  select  |      0|  0|  17|           1|          17|
    |select_ln388_28_fu_8870_p3   |  select  |      0|  0|  17|           1|          17|
    |select_ln388_29_fu_9012_p3   |  select  |      0|  0|  17|           1|          17|
    |select_ln388_2_fu_5178_p3    |  select  |      0|  0|  17|           1|          17|
    |select_ln388_30_fu_9154_p3   |  select  |      0|  0|  17|           1|          17|
    |select_ln388_31_fu_9296_p3   |  select  |      0|  0|  17|           1|          17|
    |select_ln388_3_fu_5320_p3    |  select  |      0|  0|  17|           1|          17|
    |select_ln388_4_fu_5462_p3    |  select  |      0|  0|  17|           1|          17|
    |select_ln388_5_fu_5604_p3    |  select  |      0|  0|  17|           1|          17|
    |select_ln388_6_fu_5746_p3    |  select  |      0|  0|  17|           1|          17|
    |select_ln388_7_fu_5888_p3    |  select  |      0|  0|  17|           1|          17|
    |select_ln388_8_fu_6030_p3    |  select  |      0|  0|  17|           1|          17|
    |select_ln388_9_fu_6172_p3    |  select  |      0|  0|  17|           1|          17|
    |select_ln388_fu_4894_p3      |  select  |      0|  0|  17|           1|          17|
    |select_ln395_1_fu_1210_p3    |  select  |      0|  0|   2|           1|           2|
    |select_ln395_fu_1202_p3      |  select  |      0|  0|   2|           1|           1|
    |select_ln399_1_fu_1146_p3    |  select  |      0|  0|   3|           1|           3|
    |select_ln399_fu_1138_p3      |  select  |      0|  0|   6|           1|           1|
    |tmp_0_V_21_fu_1373_p3        |  select  |      0|  0|  17|           1|          17|
    |tmp_0_V_22_fu_1381_p3        |  select  |      0|  0|  16|           1|          16|
    |tmp_0_V_23_fu_1399_p3        |  select  |      0|  0|  16|           1|          16|
    |tmp_10_V_21_fu_2408_p3       |  select  |      0|  0|  17|           1|          17|
    |tmp_10_V_22_fu_2416_p3       |  select  |      0|  0|  16|           1|          16|
    |tmp_10_V_23_fu_2429_p3       |  select  |      0|  0|  16|           1|          16|
    |tmp_11_V_21_fu_2511_p3       |  select  |      0|  0|  17|           1|          17|
    |tmp_11_V_22_fu_2519_p3       |  select  |      0|  0|  16|           1|          16|
    |tmp_11_V_23_fu_2532_p3       |  select  |      0|  0|  16|           1|          16|
    |tmp_12_V_21_fu_2614_p3       |  select  |      0|  0|  17|           1|          17|
    |tmp_12_V_22_fu_2622_p3       |  select  |      0|  0|  16|           1|          16|
    |tmp_12_V_23_fu_2635_p3       |  select  |      0|  0|  16|           1|          16|
    |tmp_13_V_21_fu_2717_p3       |  select  |      0|  0|  17|           1|          17|
    |tmp_13_V_22_fu_2725_p3       |  select  |      0|  0|  16|           1|          16|
    |tmp_13_V_23_fu_2738_p3       |  select  |      0|  0|  16|           1|          16|
    |tmp_14_V_21_fu_2820_p3       |  select  |      0|  0|  17|           1|          17|
    |tmp_14_V_22_fu_2828_p3       |  select  |      0|  0|  16|           1|          16|
    |tmp_14_V_23_fu_2841_p3       |  select  |      0|  0|  16|           1|          16|
    |tmp_15_V_21_fu_2923_p3       |  select  |      0|  0|  17|           1|          17|
    |tmp_15_V_22_fu_2931_p3       |  select  |      0|  0|  16|           1|          16|
    |tmp_15_V_23_fu_2944_p3       |  select  |      0|  0|  16|           1|          16|
    |tmp_16_V_7_fu_3026_p3        |  select  |      0|  0|  17|           1|          17|
    |tmp_16_V_8_fu_3034_p3        |  select  |      0|  0|  16|           1|          16|
    |tmp_16_V_9_fu_3047_p3        |  select  |      0|  0|  16|           1|          16|
    |tmp_17_V_7_fu_3129_p3        |  select  |      0|  0|  17|           1|          17|
    |tmp_17_V_8_fu_3137_p3        |  select  |      0|  0|  16|           1|          16|
    |tmp_17_V_9_fu_3150_p3        |  select  |      0|  0|  16|           1|          16|
    |tmp_18_V_7_fu_3232_p3        |  select  |      0|  0|  17|           1|          17|
    |tmp_18_V_8_fu_3240_p3        |  select  |      0|  0|  16|           1|          16|
    |tmp_18_V_9_fu_3253_p3        |  select  |      0|  0|  16|           1|          16|
    |tmp_19_V_7_fu_3335_p3        |  select  |      0|  0|  17|           1|          17|
    |tmp_19_V_8_fu_3343_p3        |  select  |      0|  0|  16|           1|          16|
    |tmp_19_V_9_fu_3356_p3        |  select  |      0|  0|  16|           1|          16|
    |tmp_1_V_21_fu_1481_p3        |  select  |      0|  0|  17|           1|          17|
    |tmp_1_V_22_fu_1489_p3        |  select  |      0|  0|  16|           1|          16|
    |tmp_1_V_23_fu_1502_p3        |  select  |      0|  0|  16|           1|          16|
    |tmp_20_V_7_fu_3438_p3        |  select  |      0|  0|  17|           1|          17|
    |tmp_20_V_8_fu_3446_p3        |  select  |      0|  0|  16|           1|          16|
    |tmp_20_V_9_fu_3459_p3        |  select  |      0|  0|  16|           1|          16|
    |tmp_21_V_7_fu_3541_p3        |  select  |      0|  0|  17|           1|          17|
    |tmp_21_V_8_fu_3549_p3        |  select  |      0|  0|  16|           1|          16|
    |tmp_21_V_9_fu_3562_p3        |  select  |      0|  0|  16|           1|          16|
    |tmp_22_V_7_fu_3644_p3        |  select  |      0|  0|  17|           1|          17|
    |tmp_22_V_8_fu_3652_p3        |  select  |      0|  0|  16|           1|          16|
    |tmp_22_V_9_fu_3665_p3        |  select  |      0|  0|  16|           1|          16|
    |tmp_23_V_7_fu_3747_p3        |  select  |      0|  0|  17|           1|          17|
    |tmp_23_V_8_fu_3755_p3        |  select  |      0|  0|  16|           1|          16|
    |tmp_23_V_9_fu_3768_p3        |  select  |      0|  0|  16|           1|          16|
    |tmp_24_V_7_fu_3850_p3        |  select  |      0|  0|  17|           1|          17|
    |tmp_24_V_8_fu_3858_p3        |  select  |      0|  0|  16|           1|          16|
    |tmp_24_V_9_fu_3871_p3        |  select  |      0|  0|  16|           1|          16|
    |tmp_25_V_7_fu_3953_p3        |  select  |      0|  0|  17|           1|          17|
    |tmp_25_V_8_fu_3961_p3        |  select  |      0|  0|  16|           1|          16|
    |tmp_25_V_9_fu_3974_p3        |  select  |      0|  0|  16|           1|          16|
    |tmp_26_V_7_fu_4056_p3        |  select  |      0|  0|  17|           1|          17|
    |tmp_26_V_8_fu_4064_p3        |  select  |      0|  0|  16|           1|          16|
    |tmp_26_V_9_fu_4077_p3        |  select  |      0|  0|  16|           1|          16|
    |tmp_27_V_7_fu_4159_p3        |  select  |      0|  0|  17|           1|          17|
    |tmp_27_V_8_fu_4167_p3        |  select  |      0|  0|  16|           1|          16|
    |tmp_27_V_9_fu_4180_p3        |  select  |      0|  0|  16|           1|          16|
    |tmp_28_V_7_fu_4262_p3        |  select  |      0|  0|  17|           1|          17|
    |tmp_28_V_8_fu_4270_p3        |  select  |      0|  0|  16|           1|          16|
    |tmp_28_V_9_fu_4283_p3        |  select  |      0|  0|  16|           1|          16|
    |tmp_29_V_7_fu_4365_p3        |  select  |      0|  0|  17|           1|          17|
    |tmp_29_V_8_fu_4373_p3        |  select  |      0|  0|  16|           1|          16|
    |tmp_29_V_9_fu_4386_p3        |  select  |      0|  0|  16|           1|          16|
    |tmp_2_V_21_fu_1584_p3        |  select  |      0|  0|  17|           1|          17|
    |tmp_2_V_22_fu_1592_p3        |  select  |      0|  0|  16|           1|          16|
    |tmp_2_V_23_fu_1605_p3        |  select  |      0|  0|  16|           1|          16|
    |tmp_30_V_7_fu_4468_p3        |  select  |      0|  0|  17|           1|          17|
    |tmp_30_V_8_fu_4476_p3        |  select  |      0|  0|  16|           1|          16|
    |tmp_30_V_9_fu_4489_p3        |  select  |      0|  0|  16|           1|          16|
    |tmp_31_V_7_fu_4571_p3        |  select  |      0|  0|  17|           1|          17|
    |tmp_31_V_8_fu_4579_p3        |  select  |      0|  0|  16|           1|          16|
    |tmp_31_V_9_fu_4592_p3        |  select  |      0|  0|  16|           1|          16|
    |tmp_3_V_21_fu_1687_p3        |  select  |      0|  0|  17|           1|          17|
    |tmp_3_V_22_fu_1695_p3        |  select  |      0|  0|  16|           1|          16|
    |tmp_3_V_23_fu_1708_p3        |  select  |      0|  0|  16|           1|          16|
    |tmp_4_V_21_fu_1790_p3        |  select  |      0|  0|  17|           1|          17|
    |tmp_4_V_22_fu_1798_p3        |  select  |      0|  0|  16|           1|          16|
    |tmp_4_V_23_fu_1811_p3        |  select  |      0|  0|  16|           1|          16|
    |tmp_5_V_21_fu_1893_p3        |  select  |      0|  0|  17|           1|          17|
    |tmp_5_V_22_fu_1901_p3        |  select  |      0|  0|  16|           1|          16|
    |tmp_5_V_23_fu_1914_p3        |  select  |      0|  0|  16|           1|          16|
    |tmp_6_V_21_fu_1996_p3        |  select  |      0|  0|  17|           1|          17|
    |tmp_6_V_22_fu_2004_p3        |  select  |      0|  0|  16|           1|          16|
    |tmp_6_V_23_fu_2017_p3        |  select  |      0|  0|  16|           1|          16|
    |tmp_7_V_21_fu_2099_p3        |  select  |      0|  0|  17|           1|          17|
    |tmp_7_V_22_fu_2107_p3        |  select  |      0|  0|  16|           1|          16|
    |tmp_7_V_23_fu_2120_p3        |  select  |      0|  0|  16|           1|          16|
    |tmp_8_V_21_fu_2202_p3        |  select  |      0|  0|  17|           1|          17|
    |tmp_8_V_22_fu_2210_p3        |  select  |      0|  0|  16|           1|          16|
    |tmp_8_V_23_fu_2223_p3        |  select  |      0|  0|  16|           1|          16|
    |tmp_9_V_21_fu_2305_p3        |  select  |      0|  0|  17|           1|          17|
    |tmp_9_V_22_fu_2313_p3        |  select  |      0|  0|  16|           1|          16|
    |tmp_9_V_23_fu_2326_p3        |  select  |      0|  0|  16|           1|          16|
    |ap_enable_pp0                |    xor   |      0|  0|   2|           1|           2|
    |ap_enable_reg_pp0_iter1      |    xor   |      0|  0|   2|           2|           1|
    |xor_ln340_160_fu_5016_p2     |    xor   |      0|  0|   2|           1|           1|
    |xor_ln340_161_fu_5158_p2     |    xor   |      0|  0|   2|           1|           1|
    |xor_ln340_162_fu_5300_p2     |    xor   |      0|  0|   2|           1|           1|
    |xor_ln340_163_fu_5442_p2     |    xor   |      0|  0|   2|           1|           1|
    |xor_ln340_164_fu_5584_p2     |    xor   |      0|  0|   2|           1|           1|
    |xor_ln340_165_fu_5726_p2     |    xor   |      0|  0|   2|           1|           1|
    |xor_ln340_166_fu_5868_p2     |    xor   |      0|  0|   2|           1|           1|
    |xor_ln340_167_fu_6010_p2     |    xor   |      0|  0|   2|           1|           1|
    |xor_ln340_168_fu_6152_p2     |    xor   |      0|  0|   2|           1|           1|
    |xor_ln340_169_fu_6294_p2     |    xor   |      0|  0|   2|           1|           1|
    |xor_ln340_170_fu_6436_p2     |    xor   |      0|  0|   2|           1|           1|
    |xor_ln340_171_fu_6578_p2     |    xor   |      0|  0|   2|           1|           1|
    |xor_ln340_172_fu_6720_p2     |    xor   |      0|  0|   2|           1|           1|
    |xor_ln340_173_fu_6862_p2     |    xor   |      0|  0|   2|           1|           1|
    |xor_ln340_174_fu_7004_p2     |    xor   |      0|  0|   2|           1|           1|
    |xor_ln340_175_fu_7146_p2     |    xor   |      0|  0|   2|           1|           1|
    |xor_ln340_176_fu_7288_p2     |    xor   |      0|  0|   2|           1|           1|
    |xor_ln340_177_fu_7430_p2     |    xor   |      0|  0|   2|           1|           1|
    |xor_ln340_178_fu_7572_p2     |    xor   |      0|  0|   2|           1|           1|
    |xor_ln340_179_fu_7714_p2     |    xor   |      0|  0|   2|           1|           1|
    |xor_ln340_180_fu_7856_p2     |    xor   |      0|  0|   2|           1|           1|
    |xor_ln340_181_fu_7998_p2     |    xor   |      0|  0|   2|           1|           1|
    |xor_ln340_182_fu_8140_p2     |    xor   |      0|  0|   2|           1|           1|
    |xor_ln340_183_fu_8282_p2     |    xor   |      0|  0|   2|           1|           1|
    |xor_ln340_184_fu_8424_p2     |    xor   |      0|  0|   2|           1|           1|
    |xor_ln340_185_fu_8566_p2     |    xor   |      0|  0|   2|           1|           1|
    |xor_ln340_186_fu_8708_p2     |    xor   |      0|  0|   2|           1|           1|
    |xor_ln340_187_fu_8850_p2     |    xor   |      0|  0|   2|           1|           1|
    |xor_ln340_188_fu_8992_p2     |    xor   |      0|  0|   2|           1|           1|
    |xor_ln340_189_fu_9134_p2     |    xor   |      0|  0|   2|           1|           1|
    |xor_ln340_190_fu_9276_p2     |    xor   |      0|  0|   2|           1|           1|
    |xor_ln340_191_fu_1347_p2     |    xor   |      0|  0|   2|           1|           1|
    |xor_ln340_192_fu_1353_p2     |    xor   |      0|  0|   2|           1|           2|
    |xor_ln340_193_fu_1455_p2     |    xor   |      0|  0|   2|           1|           1|
    |xor_ln340_194_fu_1461_p2     |    xor   |      0|  0|   2|           1|           2|
    |xor_ln340_195_fu_1558_p2     |    xor   |      0|  0|   2|           1|           1|
    |xor_ln340_196_fu_1564_p2     |    xor   |      0|  0|   2|           1|           2|
    |xor_ln340_197_fu_1661_p2     |    xor   |      0|  0|   2|           1|           1|
    |xor_ln340_198_fu_1667_p2     |    xor   |      0|  0|   2|           1|           2|
    |xor_ln340_199_fu_1764_p2     |    xor   |      0|  0|   2|           1|           1|
    |xor_ln340_200_fu_1770_p2     |    xor   |      0|  0|   2|           1|           2|
    |xor_ln340_201_fu_1867_p2     |    xor   |      0|  0|   2|           1|           1|
    |xor_ln340_202_fu_1873_p2     |    xor   |      0|  0|   2|           1|           2|
    |xor_ln340_203_fu_1970_p2     |    xor   |      0|  0|   2|           1|           1|
    |xor_ln340_204_fu_1976_p2     |    xor   |      0|  0|   2|           1|           2|
    |xor_ln340_205_fu_2073_p2     |    xor   |      0|  0|   2|           1|           1|
    |xor_ln340_206_fu_2079_p2     |    xor   |      0|  0|   2|           1|           2|
    |xor_ln340_207_fu_2176_p2     |    xor   |      0|  0|   2|           1|           1|
    |xor_ln340_208_fu_2182_p2     |    xor   |      0|  0|   2|           1|           2|
    |xor_ln340_209_fu_2279_p2     |    xor   |      0|  0|   2|           1|           1|
    |xor_ln340_210_fu_2285_p2     |    xor   |      0|  0|   2|           1|           2|
    |xor_ln340_211_fu_2382_p2     |    xor   |      0|  0|   2|           1|           1|
    |xor_ln340_212_fu_2388_p2     |    xor   |      0|  0|   2|           1|           2|
    |xor_ln340_213_fu_2485_p2     |    xor   |      0|  0|   2|           1|           1|
    |xor_ln340_214_fu_2491_p2     |    xor   |      0|  0|   2|           1|           2|
    |xor_ln340_215_fu_2588_p2     |    xor   |      0|  0|   2|           1|           1|
    |xor_ln340_216_fu_2594_p2     |    xor   |      0|  0|   2|           1|           2|
    |xor_ln340_217_fu_2691_p2     |    xor   |      0|  0|   2|           1|           1|
    |xor_ln340_218_fu_2697_p2     |    xor   |      0|  0|   2|           1|           2|
    |xor_ln340_219_fu_2794_p2     |    xor   |      0|  0|   2|           1|           1|
    |xor_ln340_220_fu_2800_p2     |    xor   |      0|  0|   2|           1|           2|
    |xor_ln340_221_fu_2897_p2     |    xor   |      0|  0|   2|           1|           1|
    |xor_ln340_222_fu_2903_p2     |    xor   |      0|  0|   2|           1|           2|
    |xor_ln340_223_fu_3000_p2     |    xor   |      0|  0|   2|           1|           1|
    |xor_ln340_224_fu_3006_p2     |    xor   |      0|  0|   2|           1|           2|
    |xor_ln340_225_fu_3103_p2     |    xor   |      0|  0|   2|           1|           1|
    |xor_ln340_226_fu_3109_p2     |    xor   |      0|  0|   2|           1|           2|
    |xor_ln340_227_fu_3206_p2     |    xor   |      0|  0|   2|           1|           1|
    |xor_ln340_228_fu_3212_p2     |    xor   |      0|  0|   2|           1|           2|
    |xor_ln340_229_fu_3309_p2     |    xor   |      0|  0|   2|           1|           1|
    |xor_ln340_230_fu_3315_p2     |    xor   |      0|  0|   2|           1|           2|
    |xor_ln340_231_fu_3412_p2     |    xor   |      0|  0|   2|           1|           1|
    |xor_ln340_232_fu_3418_p2     |    xor   |      0|  0|   2|           1|           2|
    |xor_ln340_233_fu_3515_p2     |    xor   |      0|  0|   2|           1|           1|
    |xor_ln340_234_fu_3521_p2     |    xor   |      0|  0|   2|           1|           2|
    |xor_ln340_235_fu_3618_p2     |    xor   |      0|  0|   2|           1|           1|
    |xor_ln340_236_fu_3624_p2     |    xor   |      0|  0|   2|           1|           2|
    |xor_ln340_237_fu_3721_p2     |    xor   |      0|  0|   2|           1|           1|
    |xor_ln340_238_fu_3727_p2     |    xor   |      0|  0|   2|           1|           2|
    |xor_ln340_239_fu_3824_p2     |    xor   |      0|  0|   2|           1|           1|
    |xor_ln340_240_fu_3830_p2     |    xor   |      0|  0|   2|           1|           2|
    |xor_ln340_241_fu_3927_p2     |    xor   |      0|  0|   2|           1|           1|
    |xor_ln340_242_fu_3933_p2     |    xor   |      0|  0|   2|           1|           2|
    |xor_ln340_243_fu_4030_p2     |    xor   |      0|  0|   2|           1|           1|
    |xor_ln340_244_fu_4036_p2     |    xor   |      0|  0|   2|           1|           2|
    |xor_ln340_245_fu_4133_p2     |    xor   |      0|  0|   2|           1|           1|
    |xor_ln340_246_fu_4139_p2     |    xor   |      0|  0|   2|           1|           2|
    |xor_ln340_247_fu_4236_p2     |    xor   |      0|  0|   2|           1|           1|
    |xor_ln340_248_fu_4242_p2     |    xor   |      0|  0|   2|           1|           2|
    |xor_ln340_249_fu_4339_p2     |    xor   |      0|  0|   2|           1|           1|
    |xor_ln340_250_fu_4345_p2     |    xor   |      0|  0|   2|           1|           2|
    |xor_ln340_251_fu_4442_p2     |    xor   |      0|  0|   2|           1|           1|
    |xor_ln340_252_fu_4448_p2     |    xor   |      0|  0|   2|           1|           2|
    |xor_ln340_253_fu_4545_p2     |    xor   |      0|  0|   2|           1|           1|
    |xor_ln340_254_fu_4551_p2     |    xor   |      0|  0|   2|           1|           2|
    |xor_ln340_fu_4874_p2         |    xor   |      0|  0|   2|           1|           1|
    |xor_ln399_fu_1388_p2         |    xor   |      0|  0|   2|           1|           2|
    |xor_ln785_10_fu_6276_p2      |    xor   |      0|  0|   2|           1|           2|
    |xor_ln785_11_fu_6418_p2      |    xor   |      0|  0|   2|           1|           2|
    |xor_ln785_12_fu_6560_p2      |    xor   |      0|  0|   2|           1|           2|
    |xor_ln785_13_fu_6702_p2      |    xor   |      0|  0|   2|           1|           2|
    |xor_ln785_14_fu_6844_p2      |    xor   |      0|  0|   2|           1|           2|
    |xor_ln785_15_fu_6986_p2      |    xor   |      0|  0|   2|           1|           2|
    |xor_ln785_16_fu_7128_p2      |    xor   |      0|  0|   2|           1|           2|
    |xor_ln785_17_fu_7270_p2      |    xor   |      0|  0|   2|           1|           2|
    |xor_ln785_18_fu_7412_p2      |    xor   |      0|  0|   2|           1|           2|
    |xor_ln785_19_fu_7554_p2      |    xor   |      0|  0|   2|           1|           2|
    |xor_ln785_1_fu_4998_p2       |    xor   |      0|  0|   2|           1|           2|
    |xor_ln785_20_fu_7696_p2      |    xor   |      0|  0|   2|           1|           2|
    |xor_ln785_21_fu_7838_p2      |    xor   |      0|  0|   2|           1|           2|
    |xor_ln785_22_fu_7980_p2      |    xor   |      0|  0|   2|           1|           2|
    |xor_ln785_23_fu_8122_p2      |    xor   |      0|  0|   2|           1|           2|
    |xor_ln785_24_fu_8264_p2      |    xor   |      0|  0|   2|           1|           2|
    |xor_ln785_25_fu_8406_p2      |    xor   |      0|  0|   2|           1|           2|
    |xor_ln785_26_fu_8548_p2      |    xor   |      0|  0|   2|           1|           2|
    |xor_ln785_27_fu_8690_p2      |    xor   |      0|  0|   2|           1|           2|
    |xor_ln785_28_fu_8832_p2      |    xor   |      0|  0|   2|           1|           2|
    |xor_ln785_29_fu_8974_p2      |    xor   |      0|  0|   2|           1|           2|
    |xor_ln785_2_fu_5140_p2       |    xor   |      0|  0|   2|           1|           2|
    |xor_ln785_30_fu_9116_p2      |    xor   |      0|  0|   2|           1|           2|
    |xor_ln785_31_fu_9258_p2      |    xor   |      0|  0|   2|           1|           2|
    |xor_ln785_3_fu_5282_p2       |    xor   |      0|  0|   2|           1|           2|
    |xor_ln785_4_fu_5424_p2       |    xor   |      0|  0|   2|           1|           2|
    |xor_ln785_5_fu_5566_p2       |    xor   |      0|  0|   2|           1|           2|
    |xor_ln785_6_fu_5708_p2       |    xor   |      0|  0|   2|           1|           2|
    |xor_ln785_7_fu_5850_p2       |    xor   |      0|  0|   2|           1|           2|
    |xor_ln785_8_fu_5992_p2       |    xor   |      0|  0|   2|           1|           2|
    |xor_ln785_9_fu_6134_p2       |    xor   |      0|  0|   2|           1|           2|
    |xor_ln785_fu_4856_p2         |    xor   |      0|  0|   2|           1|           2|
    |xor_ln786_320_fu_1335_p2     |    xor   |      0|  0|   2|           1|           2|
    |xor_ln786_321_fu_1443_p2     |    xor   |      0|  0|   2|           1|           2|
    |xor_ln786_322_fu_1546_p2     |    xor   |      0|  0|   2|           1|           2|
    |xor_ln786_323_fu_1649_p2     |    xor   |      0|  0|   2|           1|           2|
    |xor_ln786_324_fu_1752_p2     |    xor   |      0|  0|   2|           1|           2|
    |xor_ln786_325_fu_1855_p2     |    xor   |      0|  0|   2|           1|           2|
    |xor_ln786_326_fu_1958_p2     |    xor   |      0|  0|   2|           1|           2|
    |xor_ln786_327_fu_2061_p2     |    xor   |      0|  0|   2|           1|           2|
    |xor_ln786_328_fu_2164_p2     |    xor   |      0|  0|   2|           1|           2|
    |xor_ln786_329_fu_2267_p2     |    xor   |      0|  0|   2|           1|           2|
    |xor_ln786_330_fu_2370_p2     |    xor   |      0|  0|   2|           1|           2|
    |xor_ln786_331_fu_2473_p2     |    xor   |      0|  0|   2|           1|           2|
    |xor_ln786_332_fu_2576_p2     |    xor   |      0|  0|   2|           1|           2|
    |xor_ln786_333_fu_2679_p2     |    xor   |      0|  0|   2|           1|           2|
    |xor_ln786_334_fu_2782_p2     |    xor   |      0|  0|   2|           1|           2|
    |xor_ln786_335_fu_2885_p2     |    xor   |      0|  0|   2|           1|           2|
    |xor_ln786_336_fu_2988_p2     |    xor   |      0|  0|   2|           1|           2|
    |xor_ln786_337_fu_3091_p2     |    xor   |      0|  0|   2|           1|           2|
    |xor_ln786_338_fu_3194_p2     |    xor   |      0|  0|   2|           1|           2|
    |xor_ln786_339_fu_3297_p2     |    xor   |      0|  0|   2|           1|           2|
    |xor_ln786_340_fu_3400_p2     |    xor   |      0|  0|   2|           1|           2|
    |xor_ln786_341_fu_3503_p2     |    xor   |      0|  0|   2|           1|           2|
    |xor_ln786_342_fu_3606_p2     |    xor   |      0|  0|   2|           1|           2|
    |xor_ln786_343_fu_3709_p2     |    xor   |      0|  0|   2|           1|           2|
    |xor_ln786_344_fu_3812_p2     |    xor   |      0|  0|   2|           1|           2|
    |xor_ln786_345_fu_3915_p2     |    xor   |      0|  0|   2|           1|           2|
    |xor_ln786_346_fu_4018_p2     |    xor   |      0|  0|   2|           1|           2|
    |xor_ln786_347_fu_4121_p2     |    xor   |      0|  0|   2|           1|           2|
    |xor_ln786_348_fu_4224_p2     |    xor   |      0|  0|   2|           1|           2|
    |xor_ln786_349_fu_4327_p2     |    xor   |      0|  0|   2|           1|           2|
    |xor_ln786_350_fu_4430_p2     |    xor   |      0|  0|   2|           1|           2|
    |xor_ln786_351_fu_4533_p2     |    xor   |      0|  0|   2|           1|           2|
    |xor_ln786_352_fu_5004_p2     |    xor   |      0|  0|   2|           1|           2|
    |xor_ln786_353_fu_5146_p2     |    xor   |      0|  0|   2|           1|           2|
    |xor_ln786_354_fu_5288_p2     |    xor   |      0|  0|   2|           1|           2|
    |xor_ln786_355_fu_5430_p2     |    xor   |      0|  0|   2|           1|           2|
    |xor_ln786_356_fu_5572_p2     |    xor   |      0|  0|   2|           1|           2|
    |xor_ln786_357_fu_5714_p2     |    xor   |      0|  0|   2|           1|           2|
    |xor_ln786_358_fu_5856_p2     |    xor   |      0|  0|   2|           1|           2|
    |xor_ln786_359_fu_5998_p2     |    xor   |      0|  0|   2|           1|           2|
    |xor_ln786_360_fu_6140_p2     |    xor   |      0|  0|   2|           1|           2|
    |xor_ln786_361_fu_6282_p2     |    xor   |      0|  0|   2|           1|           2|
    |xor_ln786_362_fu_6424_p2     |    xor   |      0|  0|   2|           1|           2|
    |xor_ln786_363_fu_6566_p2     |    xor   |      0|  0|   2|           1|           2|
    |xor_ln786_364_fu_6708_p2     |    xor   |      0|  0|   2|           1|           2|
    |xor_ln786_365_fu_6850_p2     |    xor   |      0|  0|   2|           1|           2|
    |xor_ln786_366_fu_6992_p2     |    xor   |      0|  0|   2|           1|           2|
    |xor_ln786_367_fu_7134_p2     |    xor   |      0|  0|   2|           1|           2|
    |xor_ln786_368_fu_7276_p2     |    xor   |      0|  0|   2|           1|           2|
    |xor_ln786_369_fu_7418_p2     |    xor   |      0|  0|   2|           1|           2|
    |xor_ln786_370_fu_7560_p2     |    xor   |      0|  0|   2|           1|           2|
    |xor_ln786_371_fu_7702_p2     |    xor   |      0|  0|   2|           1|           2|
    |xor_ln786_372_fu_7844_p2     |    xor   |      0|  0|   2|           1|           2|
    |xor_ln786_373_fu_7986_p2     |    xor   |      0|  0|   2|           1|           2|
    |xor_ln786_374_fu_8128_p2     |    xor   |      0|  0|   2|           1|           2|
    |xor_ln786_375_fu_8270_p2     |    xor   |      0|  0|   2|           1|           2|
    |xor_ln786_376_fu_8412_p2     |    xor   |      0|  0|   2|           1|           2|
    |xor_ln786_377_fu_8554_p2     |    xor   |      0|  0|   2|           1|           2|
    |xor_ln786_378_fu_8696_p2     |    xor   |      0|  0|   2|           1|           2|
    |xor_ln786_379_fu_8838_p2     |    xor   |      0|  0|   2|           1|           2|
    |xor_ln786_380_fu_8980_p2     |    xor   |      0|  0|   2|           1|           2|
    |xor_ln786_381_fu_9122_p2     |    xor   |      0|  0|   2|           1|           2|
    |xor_ln786_382_fu_9264_p2     |    xor   |      0|  0|   2|           1|           2|
    |xor_ln786_fu_4862_p2         |    xor   |      0|  0|   2|           1|           2|
    +-----------------------------+----------+-------+---+----+------------+------------+
    |Total                        |          |      0|  0|8316|        1808|        6979|
    +-----------------------------+----------+-------+---+----+------------+------------+

    * Multiplexer: 
    +--------------------------------+----+-----------+-----+-----------+
    |              Name              | LUT| Input Size| Bits| Total Bits|
    +--------------------------------+----+-----------+-----+-----------+
    |ap_NS_fsm                       |  33|          6|    1|          6|
    |ap_enable_reg_pp0_iter1         |   9|          2|    1|          2|
    |ap_enable_reg_pp0_iter3         |   9|          2|    1|          2|
    |ap_phi_mux_ii_0_phi_fu_1000_p4  |   9|          2|    2|          4|
    |col_0_reg_974                   |   9|          2|    6|         12|
    |ii_0_reg_996                    |   9|          2|    2|          4|
    |indvar_flatten6_reg_952         |   9|          2|    8|         16|
    |indvar_flatten_reg_985          |   9|          2|    3|          6|
    |jj_0_reg_1007                   |   9|          2|    2|          4|
    |out_buf_sc_0_V_address0         |  15|          3|   10|         30|
    |out_buf_sc_10_V_address0        |  15|          3|   10|         30|
    |out_buf_sc_11_V_address0        |  15|          3|   10|         30|
    |out_buf_sc_12_V_address0        |  15|          3|   10|         30|
    |out_buf_sc_13_V_address0        |  15|          3|   10|         30|
    |out_buf_sc_14_V_address0        |  15|          3|   10|         30|
    |out_buf_sc_15_V_address0        |  15|          3|   10|         30|
    |out_buf_sc_16_V_address0        |  15|          3|   10|         30|
    |out_buf_sc_17_V_address0        |  15|          3|   10|         30|
    |out_buf_sc_18_V_address0        |  15|          3|   10|         30|
    |out_buf_sc_19_V_address0        |  15|          3|   10|         30|
    |out_buf_sc_1_V_address0         |  15|          3|   10|         30|
    |out_buf_sc_20_V_address0        |  15|          3|   10|         30|
    |out_buf_sc_21_V_address0        |  15|          3|   10|         30|
    |out_buf_sc_22_V_address0        |  15|          3|   10|         30|
    |out_buf_sc_23_V_address0        |  15|          3|   10|         30|
    |out_buf_sc_24_V_address0        |  15|          3|   10|         30|
    |out_buf_sc_25_V_address0        |  15|          3|   10|         30|
    |out_buf_sc_26_V_address0        |  15|          3|   10|         30|
    |out_buf_sc_27_V_address0        |  15|          3|   10|         30|
    |out_buf_sc_28_V_address0        |  15|          3|   10|         30|
    |out_buf_sc_29_V_address0        |  15|          3|   10|         30|
    |out_buf_sc_2_V_address0         |  15|          3|   10|         30|
    |out_buf_sc_30_V_address0        |  15|          3|   10|         30|
    |out_buf_sc_31_V_address0        |  15|          3|   10|         30|
    |out_buf_sc_3_V_address0         |  15|          3|   10|         30|
    |out_buf_sc_4_V_address0         |  15|          3|   10|         30|
    |out_buf_sc_5_V_address0         |  15|          3|   10|         30|
    |out_buf_sc_6_V_address0         |  15|          3|   10|         30|
    |out_buf_sc_7_V_address0         |  15|          3|   10|         30|
    |out_buf_sc_8_V_address0         |  15|          3|   10|         30|
    |out_buf_sc_9_V_address0         |  15|          3|   10|         30|
    |row_0_reg_963                   |   9|          2|    3|          6|
    +--------------------------------+----+-----------+-----+-----------+
    |Total                           | 594|        120|  349|       1022|
    +--------------------------------+----+-----------+-----+-----------+

    * Register: 
    +---------------------------+----+----+-----+-----------+
    |            Name           | FF | LUT| Bits| Const Bits|
    +---------------------------+----+----+-----+-----------+
    |add_ln203_1_reg_9653       |  10|   0|   10|          0|
    |add_ln203_reg_9818         |  10|   0|   10|          0|
    |add_ln391_reg_9556         |   8|   0|    8|          0|
    |add_ln395_reg_9606         |   3|   0|    3|          0|
    |ap_CS_fsm                  |   5|   0|    5|          0|
    |ap_enable_reg_pp0_iter0    |   1|   0|    1|          0|
    |ap_enable_reg_pp0_iter1    |   1|   0|    1|          0|
    |ap_enable_reg_pp0_iter2    |   1|   0|    1|          0|
    |ap_enable_reg_pp0_iter3    |   1|   0|    1|          0|
    |col_0_reg_974              |   6|   0|    6|          0|
    |col_reg_9983               |   6|   0|    6|          0|
    |icmp_ln395_reg_9587        |   1|   0|    1|          0|
    |icmp_ln399_reg_9611        |   1|   0|    1|          0|
    |ii_0_reg_996               |   2|   0|    2|          0|
    |indvar_flatten6_reg_952    |   8|   0|    8|          0|
    |indvar_flatten_reg_985     |   3|   0|    3|          0|
    |jj_0_reg_1007              |   2|   0|    2|          0|
    |mul_ln203_reg_9577         |  10|   0|   10|          0|
    |row_0_reg_963              |   3|   0|    3|          0|
    |select_ln340_704_reg_9823  |  16|   0|   16|          0|
    |select_ln340_705_reg_9828  |  16|   0|   16|          0|
    |select_ln340_706_reg_9833  |  16|   0|   16|          0|
    |select_ln340_707_reg_9838  |  16|   0|   16|          0|
    |select_ln340_708_reg_9843  |  16|   0|   16|          0|
    |select_ln340_709_reg_9848  |  16|   0|   16|          0|
    |select_ln340_710_reg_9853  |  16|   0|   16|          0|
    |select_ln340_711_reg_9858  |  16|   0|   16|          0|
    |select_ln340_712_reg_9863  |  16|   0|   16|          0|
    |select_ln340_713_reg_9868  |  16|   0|   16|          0|
    |select_ln340_714_reg_9873  |  16|   0|   16|          0|
    |select_ln340_715_reg_9878  |  16|   0|   16|          0|
    |select_ln340_716_reg_9883  |  16|   0|   16|          0|
    |select_ln340_717_reg_9888  |  16|   0|   16|          0|
    |select_ln340_718_reg_9893  |  16|   0|   16|          0|
    |select_ln340_719_reg_9898  |  16|   0|   16|          0|
    |select_ln340_720_reg_9903  |  16|   0|   16|          0|
    |select_ln340_721_reg_9908  |  16|   0|   16|          0|
    |select_ln340_722_reg_9913  |  16|   0|   16|          0|
    |select_ln340_723_reg_9918  |  16|   0|   16|          0|
    |select_ln340_724_reg_9923  |  16|   0|   16|          0|
    |select_ln340_725_reg_9928  |  16|   0|   16|          0|
    |select_ln340_726_reg_9933  |  16|   0|   16|          0|
    |select_ln340_727_reg_9938  |  16|   0|   16|          0|
    |select_ln340_728_reg_9943  |  16|   0|   16|          0|
    |select_ln340_729_reg_9948  |  16|   0|   16|          0|
    |select_ln340_730_reg_9953  |  16|   0|   16|          0|
    |select_ln340_731_reg_9958  |  16|   0|   16|          0|
    |select_ln340_732_reg_9963  |  16|   0|   16|          0|
    |select_ln340_733_reg_9968  |  16|   0|   16|          0|
    |select_ln340_734_reg_9973  |  16|   0|   16|          0|
    |select_ln340_735_reg_9978  |  16|   0|   16|          0|
    |select_ln395_1_reg_9601    |   2|   0|    2|          0|
    |select_ln395_reg_9596      |   2|   0|    2|          0|
    |select_ln399_1_reg_9567    |   3|   0|    3|          0|
    |select_ln399_reg_9561      |   6|   0|    6|          0|
    |shl_ln399_1_reg_9582       |   6|   0|    7|          1|
    |shl_ln399_reg_9572         |   2|   0|    3|          1|
    |tmp_0_V_19_fu_152          |  16|   0|   16|          0|
    |tmp_10_V_19_fu_192         |  16|   0|   16|          0|
    |tmp_11_V_19_fu_196         |  16|   0|   16|          0|
    |tmp_12_V_19_fu_200         |  16|   0|   16|          0|
    |tmp_13_V_19_fu_204         |  16|   0|   16|          0|
    |tmp_14_V_19_fu_208         |  16|   0|   16|          0|
    |tmp_15_V_19_fu_212         |  16|   0|   16|          0|
    |tmp_16_V_5_fu_216          |  16|   0|   16|          0|
    |tmp_17_V_5_fu_220          |  16|   0|   16|          0|
    |tmp_18_V_5_fu_224          |  16|   0|   16|          0|
    |tmp_19_V_5_fu_228          |  16|   0|   16|          0|
    |tmp_1_V_19_fu_156          |  16|   0|   16|          0|
    |tmp_20_V_5_fu_232          |  16|   0|   16|          0|
    |tmp_21_V_5_fu_236          |  16|   0|   16|          0|
    |tmp_22_V_5_fu_240          |  16|   0|   16|          0|
    |tmp_23_V_5_fu_244          |  16|   0|   16|          0|
    |tmp_24_V_5_fu_248          |  16|   0|   16|          0|
    |tmp_25_V_5_fu_252          |  16|   0|   16|          0|
    |tmp_26_V_5_fu_256          |  16|   0|   16|          0|
    |tmp_27_V_5_fu_260          |  16|   0|   16|          0|
    |tmp_28_V_5_fu_264          |  16|   0|   16|          0|
    |tmp_29_V_5_fu_268          |  16|   0|   16|          0|
    |tmp_2_V_19_fu_160          |  16|   0|   16|          0|
    |tmp_30_V_5_fu_272          |  16|   0|   16|          0|
    |tmp_31_V_5_fu_276          |  16|   0|   16|          0|
    |tmp_3_V_19_fu_164          |  16|   0|   16|          0|
    |tmp_4_V_19_fu_168          |  16|   0|   16|          0|
    |tmp_5_V_19_fu_172          |  16|   0|   16|          0|
    |tmp_6_V_19_fu_176          |  16|   0|   16|          0|
    |tmp_7_V_19_fu_180          |  16|   0|   16|          0|
    |tmp_8_V_19_fu_184          |  16|   0|   16|          0|
    |tmp_9_V_19_fu_188          |  16|   0|   16|          0|
    |icmp_ln395_reg_9587        |  64|  32|    1|          0|
    |icmp_ln399_reg_9611        |  64|  32|    1|          0|
    +---------------------------+----+----+-----+-----------+
    |Total                      |1255|  64| 1131|          2|
    +---------------------------+----+----+-----+-----------+



================================================================
== Interface
================================================================
* Summary: 
+--------------------------+-----+-----+------------+-----------------+--------------+
|         RTL Ports        | Dir | Bits|  Protocol  |  Source Object  |    C Type    |
+--------------------------+-----+-----+------------+-----------------+--------------+
|ap_clk                    |  in |    1| ap_ctrl_hs |     avgpool     | return value |
|ap_rst                    |  in |    1| ap_ctrl_hs |     avgpool     | return value |
|ap_start                  |  in |    1| ap_ctrl_hs |     avgpool     | return value |
|ap_done                   | out |    1| ap_ctrl_hs |     avgpool     | return value |
|ap_idle                   | out |    1| ap_ctrl_hs |     avgpool     | return value |
|ap_ready                  | out |    1| ap_ctrl_hs |     avgpool     | return value |
|out_buf_sc_0_V_address0   | out |   10|  ap_memory |  out_buf_sc_0_V |     array    |
|out_buf_sc_0_V_ce0        | out |    1|  ap_memory |  out_buf_sc_0_V |     array    |
|out_buf_sc_0_V_we0        | out |    1|  ap_memory |  out_buf_sc_0_V |     array    |
|out_buf_sc_0_V_d0         | out |   16|  ap_memory |  out_buf_sc_0_V |     array    |
|out_buf_sc_0_V_q0         |  in |   16|  ap_memory |  out_buf_sc_0_V |     array    |
|out_buf_sc_1_V_address0   | out |   10|  ap_memory |  out_buf_sc_1_V |     array    |
|out_buf_sc_1_V_ce0        | out |    1|  ap_memory |  out_buf_sc_1_V |     array    |
|out_buf_sc_1_V_we0        | out |    1|  ap_memory |  out_buf_sc_1_V |     array    |
|out_buf_sc_1_V_d0         | out |   16|  ap_memory |  out_buf_sc_1_V |     array    |
|out_buf_sc_1_V_q0         |  in |   16|  ap_memory |  out_buf_sc_1_V |     array    |
|out_buf_sc_2_V_address0   | out |   10|  ap_memory |  out_buf_sc_2_V |     array    |
|out_buf_sc_2_V_ce0        | out |    1|  ap_memory |  out_buf_sc_2_V |     array    |
|out_buf_sc_2_V_we0        | out |    1|  ap_memory |  out_buf_sc_2_V |     array    |
|out_buf_sc_2_V_d0         | out |   16|  ap_memory |  out_buf_sc_2_V |     array    |
|out_buf_sc_2_V_q0         |  in |   16|  ap_memory |  out_buf_sc_2_V |     array    |
|out_buf_sc_3_V_address0   | out |   10|  ap_memory |  out_buf_sc_3_V |     array    |
|out_buf_sc_3_V_ce0        | out |    1|  ap_memory |  out_buf_sc_3_V |     array    |
|out_buf_sc_3_V_we0        | out |    1|  ap_memory |  out_buf_sc_3_V |     array    |
|out_buf_sc_3_V_d0         | out |   16|  ap_memory |  out_buf_sc_3_V |     array    |
|out_buf_sc_3_V_q0         |  in |   16|  ap_memory |  out_buf_sc_3_V |     array    |
|out_buf_sc_4_V_address0   | out |   10|  ap_memory |  out_buf_sc_4_V |     array    |
|out_buf_sc_4_V_ce0        | out |    1|  ap_memory |  out_buf_sc_4_V |     array    |
|out_buf_sc_4_V_we0        | out |    1|  ap_memory |  out_buf_sc_4_V |     array    |
|out_buf_sc_4_V_d0         | out |   16|  ap_memory |  out_buf_sc_4_V |     array    |
|out_buf_sc_4_V_q0         |  in |   16|  ap_memory |  out_buf_sc_4_V |     array    |
|out_buf_sc_5_V_address0   | out |   10|  ap_memory |  out_buf_sc_5_V |     array    |
|out_buf_sc_5_V_ce0        | out |    1|  ap_memory |  out_buf_sc_5_V |     array    |
|out_buf_sc_5_V_we0        | out |    1|  ap_memory |  out_buf_sc_5_V |     array    |
|out_buf_sc_5_V_d0         | out |   16|  ap_memory |  out_buf_sc_5_V |     array    |
|out_buf_sc_5_V_q0         |  in |   16|  ap_memory |  out_buf_sc_5_V |     array    |
|out_buf_sc_6_V_address0   | out |   10|  ap_memory |  out_buf_sc_6_V |     array    |
|out_buf_sc_6_V_ce0        | out |    1|  ap_memory |  out_buf_sc_6_V |     array    |
|out_buf_sc_6_V_we0        | out |    1|  ap_memory |  out_buf_sc_6_V |     array    |
|out_buf_sc_6_V_d0         | out |   16|  ap_memory |  out_buf_sc_6_V |     array    |
|out_buf_sc_6_V_q0         |  in |   16|  ap_memory |  out_buf_sc_6_V |     array    |
|out_buf_sc_7_V_address0   | out |   10|  ap_memory |  out_buf_sc_7_V |     array    |
|out_buf_sc_7_V_ce0        | out |    1|  ap_memory |  out_buf_sc_7_V |     array    |
|out_buf_sc_7_V_we0        | out |    1|  ap_memory |  out_buf_sc_7_V |     array    |
|out_buf_sc_7_V_d0         | out |   16|  ap_memory |  out_buf_sc_7_V |     array    |
|out_buf_sc_7_V_q0         |  in |   16|  ap_memory |  out_buf_sc_7_V |     array    |
|out_buf_sc_8_V_address0   | out |   10|  ap_memory |  out_buf_sc_8_V |     array    |
|out_buf_sc_8_V_ce0        | out |    1|  ap_memory |  out_buf_sc_8_V |     array    |
|out_buf_sc_8_V_we0        | out |    1|  ap_memory |  out_buf_sc_8_V |     array    |
|out_buf_sc_8_V_d0         | out |   16|  ap_memory |  out_buf_sc_8_V |     array    |
|out_buf_sc_8_V_q0         |  in |   16|  ap_memory |  out_buf_sc_8_V |     array    |
|out_buf_sc_9_V_address0   | out |   10|  ap_memory |  out_buf_sc_9_V |     array    |
|out_buf_sc_9_V_ce0        | out |    1|  ap_memory |  out_buf_sc_9_V |     array    |
|out_buf_sc_9_V_we0        | out |    1|  ap_memory |  out_buf_sc_9_V |     array    |
|out_buf_sc_9_V_d0         | out |   16|  ap_memory |  out_buf_sc_9_V |     array    |
|out_buf_sc_9_V_q0         |  in |   16|  ap_memory |  out_buf_sc_9_V |     array    |
|out_buf_sc_10_V_address0  | out |   10|  ap_memory | out_buf_sc_10_V |     array    |
|out_buf_sc_10_V_ce0       | out |    1|  ap_memory | out_buf_sc_10_V |     array    |
|out_buf_sc_10_V_we0       | out |    1|  ap_memory | out_buf_sc_10_V |     array    |
|out_buf_sc_10_V_d0        | out |   16|  ap_memory | out_buf_sc_10_V |     array    |
|out_buf_sc_10_V_q0        |  in |   16|  ap_memory | out_buf_sc_10_V |     array    |
|out_buf_sc_11_V_address0  | out |   10|  ap_memory | out_buf_sc_11_V |     array    |
|out_buf_sc_11_V_ce0       | out |    1|  ap_memory | out_buf_sc_11_V |     array    |
|out_buf_sc_11_V_we0       | out |    1|  ap_memory | out_buf_sc_11_V |     array    |
|out_buf_sc_11_V_d0        | out |   16|  ap_memory | out_buf_sc_11_V |     array    |
|out_buf_sc_11_V_q0        |  in |   16|  ap_memory | out_buf_sc_11_V |     array    |
|out_buf_sc_12_V_address0  | out |   10|  ap_memory | out_buf_sc_12_V |     array    |
|out_buf_sc_12_V_ce0       | out |    1|  ap_memory | out_buf_sc_12_V |     array    |
|out_buf_sc_12_V_we0       | out |    1|  ap_memory | out_buf_sc_12_V |     array    |
|out_buf_sc_12_V_d0        | out |   16|  ap_memory | out_buf_sc_12_V |     array    |
|out_buf_sc_12_V_q0        |  in |   16|  ap_memory | out_buf_sc_12_V |     array    |
|out_buf_sc_13_V_address0  | out |   10|  ap_memory | out_buf_sc_13_V |     array    |
|out_buf_sc_13_V_ce0       | out |    1|  ap_memory | out_buf_sc_13_V |     array    |
|out_buf_sc_13_V_we0       | out |    1|  ap_memory | out_buf_sc_13_V |     array    |
|out_buf_sc_13_V_d0        | out |   16|  ap_memory | out_buf_sc_13_V |     array    |
|out_buf_sc_13_V_q0        |  in |   16|  ap_memory | out_buf_sc_13_V |     array    |
|out_buf_sc_14_V_address0  | out |   10|  ap_memory | out_buf_sc_14_V |     array    |
|out_buf_sc_14_V_ce0       | out |    1|  ap_memory | out_buf_sc_14_V |     array    |
|out_buf_sc_14_V_we0       | out |    1|  ap_memory | out_buf_sc_14_V |     array    |
|out_buf_sc_14_V_d0        | out |   16|  ap_memory | out_buf_sc_14_V |     array    |
|out_buf_sc_14_V_q0        |  in |   16|  ap_memory | out_buf_sc_14_V |     array    |
|out_buf_sc_15_V_address0  | out |   10|  ap_memory | out_buf_sc_15_V |     array    |
|out_buf_sc_15_V_ce0       | out |    1|  ap_memory | out_buf_sc_15_V |     array    |
|out_buf_sc_15_V_we0       | out |    1|  ap_memory | out_buf_sc_15_V |     array    |
|out_buf_sc_15_V_d0        | out |   16|  ap_memory | out_buf_sc_15_V |     array    |
|out_buf_sc_15_V_q0        |  in |   16|  ap_memory | out_buf_sc_15_V |     array    |
|out_buf_sc_16_V_address0  | out |   10|  ap_memory | out_buf_sc_16_V |     array    |
|out_buf_sc_16_V_ce0       | out |    1|  ap_memory | out_buf_sc_16_V |     array    |
|out_buf_sc_16_V_we0       | out |    1|  ap_memory | out_buf_sc_16_V |     array    |
|out_buf_sc_16_V_d0        | out |   16|  ap_memory | out_buf_sc_16_V |     array    |
|out_buf_sc_16_V_q0        |  in |   16|  ap_memory | out_buf_sc_16_V |     array    |
|out_buf_sc_17_V_address0  | out |   10|  ap_memory | out_buf_sc_17_V |     array    |
|out_buf_sc_17_V_ce0       | out |    1|  ap_memory | out_buf_sc_17_V |     array    |
|out_buf_sc_17_V_we0       | out |    1|  ap_memory | out_buf_sc_17_V |     array    |
|out_buf_sc_17_V_d0        | out |   16|  ap_memory | out_buf_sc_17_V |     array    |
|out_buf_sc_17_V_q0        |  in |   16|  ap_memory | out_buf_sc_17_V |     array    |
|out_buf_sc_18_V_address0  | out |   10|  ap_memory | out_buf_sc_18_V |     array    |
|out_buf_sc_18_V_ce0       | out |    1|  ap_memory | out_buf_sc_18_V |     array    |
|out_buf_sc_18_V_we0       | out |    1|  ap_memory | out_buf_sc_18_V |     array    |
|out_buf_sc_18_V_d0        | out |   16|  ap_memory | out_buf_sc_18_V |     array    |
|out_buf_sc_18_V_q0        |  in |   16|  ap_memory | out_buf_sc_18_V |     array    |
|out_buf_sc_19_V_address0  | out |   10|  ap_memory | out_buf_sc_19_V |     array    |
|out_buf_sc_19_V_ce0       | out |    1|  ap_memory | out_buf_sc_19_V |     array    |
|out_buf_sc_19_V_we0       | out |    1|  ap_memory | out_buf_sc_19_V |     array    |
|out_buf_sc_19_V_d0        | out |   16|  ap_memory | out_buf_sc_19_V |     array    |
|out_buf_sc_19_V_q0        |  in |   16|  ap_memory | out_buf_sc_19_V |     array    |
|out_buf_sc_20_V_address0  | out |   10|  ap_memory | out_buf_sc_20_V |     array    |
|out_buf_sc_20_V_ce0       | out |    1|  ap_memory | out_buf_sc_20_V |     array    |
|out_buf_sc_20_V_we0       | out |    1|  ap_memory | out_buf_sc_20_V |     array    |
|out_buf_sc_20_V_d0        | out |   16|  ap_memory | out_buf_sc_20_V |     array    |
|out_buf_sc_20_V_q0        |  in |   16|  ap_memory | out_buf_sc_20_V |     array    |
|out_buf_sc_21_V_address0  | out |   10|  ap_memory | out_buf_sc_21_V |     array    |
|out_buf_sc_21_V_ce0       | out |    1|  ap_memory | out_buf_sc_21_V |     array    |
|out_buf_sc_21_V_we0       | out |    1|  ap_memory | out_buf_sc_21_V |     array    |
|out_buf_sc_21_V_d0        | out |   16|  ap_memory | out_buf_sc_21_V |     array    |
|out_buf_sc_21_V_q0        |  in |   16|  ap_memory | out_buf_sc_21_V |     array    |
|out_buf_sc_22_V_address0  | out |   10|  ap_memory | out_buf_sc_22_V |     array    |
|out_buf_sc_22_V_ce0       | out |    1|  ap_memory | out_buf_sc_22_V |     array    |
|out_buf_sc_22_V_we0       | out |    1|  ap_memory | out_buf_sc_22_V |     array    |
|out_buf_sc_22_V_d0        | out |   16|  ap_memory | out_buf_sc_22_V |     array    |
|out_buf_sc_22_V_q0        |  in |   16|  ap_memory | out_buf_sc_22_V |     array    |
|out_buf_sc_23_V_address0  | out |   10|  ap_memory | out_buf_sc_23_V |     array    |
|out_buf_sc_23_V_ce0       | out |    1|  ap_memory | out_buf_sc_23_V |     array    |
|out_buf_sc_23_V_we0       | out |    1|  ap_memory | out_buf_sc_23_V |     array    |
|out_buf_sc_23_V_d0        | out |   16|  ap_memory | out_buf_sc_23_V |     array    |
|out_buf_sc_23_V_q0        |  in |   16|  ap_memory | out_buf_sc_23_V |     array    |
|out_buf_sc_24_V_address0  | out |   10|  ap_memory | out_buf_sc_24_V |     array    |
|out_buf_sc_24_V_ce0       | out |    1|  ap_memory | out_buf_sc_24_V |     array    |
|out_buf_sc_24_V_we0       | out |    1|  ap_memory | out_buf_sc_24_V |     array    |
|out_buf_sc_24_V_d0        | out |   16|  ap_memory | out_buf_sc_24_V |     array    |
|out_buf_sc_24_V_q0        |  in |   16|  ap_memory | out_buf_sc_24_V |     array    |
|out_buf_sc_25_V_address0  | out |   10|  ap_memory | out_buf_sc_25_V |     array    |
|out_buf_sc_25_V_ce0       | out |    1|  ap_memory | out_buf_sc_25_V |     array    |
|out_buf_sc_25_V_we0       | out |    1|  ap_memory | out_buf_sc_25_V |     array    |
|out_buf_sc_25_V_d0        | out |   16|  ap_memory | out_buf_sc_25_V |     array    |
|out_buf_sc_25_V_q0        |  in |   16|  ap_memory | out_buf_sc_25_V |     array    |
|out_buf_sc_26_V_address0  | out |   10|  ap_memory | out_buf_sc_26_V |     array    |
|out_buf_sc_26_V_ce0       | out |    1|  ap_memory | out_buf_sc_26_V |     array    |
|out_buf_sc_26_V_we0       | out |    1|  ap_memory | out_buf_sc_26_V |     array    |
|out_buf_sc_26_V_d0        | out |   16|  ap_memory | out_buf_sc_26_V |     array    |
|out_buf_sc_26_V_q0        |  in |   16|  ap_memory | out_buf_sc_26_V |     array    |
|out_buf_sc_27_V_address0  | out |   10|  ap_memory | out_buf_sc_27_V |     array    |
|out_buf_sc_27_V_ce0       | out |    1|  ap_memory | out_buf_sc_27_V |     array    |
|out_buf_sc_27_V_we0       | out |    1|  ap_memory | out_buf_sc_27_V |     array    |
|out_buf_sc_27_V_d0        | out |   16|  ap_memory | out_buf_sc_27_V |     array    |
|out_buf_sc_27_V_q0        |  in |   16|  ap_memory | out_buf_sc_27_V |     array    |
|out_buf_sc_28_V_address0  | out |   10|  ap_memory | out_buf_sc_28_V |     array    |
|out_buf_sc_28_V_ce0       | out |    1|  ap_memory | out_buf_sc_28_V |     array    |
|out_buf_sc_28_V_we0       | out |    1|  ap_memory | out_buf_sc_28_V |     array    |
|out_buf_sc_28_V_d0        | out |   16|  ap_memory | out_buf_sc_28_V |     array    |
|out_buf_sc_28_V_q0        |  in |   16|  ap_memory | out_buf_sc_28_V |     array    |
|out_buf_sc_29_V_address0  | out |   10|  ap_memory | out_buf_sc_29_V |     array    |
|out_buf_sc_29_V_ce0       | out |    1|  ap_memory | out_buf_sc_29_V |     array    |
|out_buf_sc_29_V_we0       | out |    1|  ap_memory | out_buf_sc_29_V |     array    |
|out_buf_sc_29_V_d0        | out |   16|  ap_memory | out_buf_sc_29_V |     array    |
|out_buf_sc_29_V_q0        |  in |   16|  ap_memory | out_buf_sc_29_V |     array    |
|out_buf_sc_30_V_address0  | out |   10|  ap_memory | out_buf_sc_30_V |     array    |
|out_buf_sc_30_V_ce0       | out |    1|  ap_memory | out_buf_sc_30_V |     array    |
|out_buf_sc_30_V_we0       | out |    1|  ap_memory | out_buf_sc_30_V |     array    |
|out_buf_sc_30_V_d0        | out |   16|  ap_memory | out_buf_sc_30_V |     array    |
|out_buf_sc_30_V_q0        |  in |   16|  ap_memory | out_buf_sc_30_V |     array    |
|out_buf_sc_31_V_address0  | out |   10|  ap_memory | out_buf_sc_31_V |     array    |
|out_buf_sc_31_V_ce0       | out |    1|  ap_memory | out_buf_sc_31_V |     array    |
|out_buf_sc_31_V_we0       | out |    1|  ap_memory | out_buf_sc_31_V |     array    |
|out_buf_sc_31_V_d0        | out |   16|  ap_memory | out_buf_sc_31_V |     array    |
|out_buf_sc_31_V_q0        |  in |   16|  ap_memory | out_buf_sc_31_V |     array    |
+--------------------------+-----+-----+------------+-----------------+--------------+

