

================================================================
== Vivado HLS Report for 'avgpool'
================================================================
* Date:           Fri Dec 11 06:16:32 2020

* Version:        2019.2.1 (Build 2724168 on Thu Dec 05 05:19:09 MST 2019)
* Project:        model
* Solution:       solution1
* Product family: zynquplus
* Target device:  xczu3eg-sbva484-1-e


================================================================
== Performance Estimates
================================================================
+ Timing: 
    * Summary: 
    +--------+---------+----------+------------+
    |  Clock |  Target | Estimated| Uncertainty|
    +--------+---------+----------+------------+
    |ap_clk  | 4.00 ns | 3.360 ns |   0.50 ns  |
    +--------+---------+----------+------------+

+ Latency: 
    * Summary: 
    +---------+---------+----------+----------+-----+------+---------+
    |  Latency (cycles) |  Latency (absolute) |  Interval  | Pipeline|
    |   min   |   max   |    min   |    max   | min |  max |   Type  |
    +---------+---------+----------+----------+-----+------+---------+
    |      281|     2241| 1.124 us | 8.964 us |  281|  2241|   none  |
    +---------+---------+----------+----------+-----+------+---------+

    + Detail: 
        * Instance: 
        N/A

        * Loop: 
        +-------------+---------+---------+----------+-----------+-----------+----------+----------+
        |             |  Latency (cycles) | Iteration|  Initiation Interval  |   Trip   |          |
        |  Loop Name  |   min   |   max   |  Latency |  achieved |   target  |   Count  | Pipelined|
        +-------------+---------+---------+----------+-----------+-----------+----------+----------+
        |- Loop 1     |      280|     2240|        10|          -|          -| 28 ~ 224 |    no    |
        | + Loop 1.1  |        6|        6|         4|          1|          1|         4|    yes   |
        +-------------+---------+---------+----------+-----------+-----------+----------+----------+



================================================================
== Utilization Estimates
================================================================
* Summary: 
+-----------------+---------+-------+--------+-------+-----+
|       Name      | BRAM_18K| DSP48E|   FF   |  LUT  | URAM|
+-----------------+---------+-------+--------+-------+-----+
|DSP              |        -|      1|       -|      -|    -|
|Expression       |        -|      0|       0|   8316|    -|
|FIFO             |        -|      -|       -|      -|    -|
|Instance         |        -|      -|       -|      -|    -|
|Memory           |        -|      -|       -|      -|    -|
|Multiplexer      |        -|      -|       -|    594|    -|
|Register         |        0|      -|    1267|     64|    -|
+-----------------+---------+-------+--------+-------+-----+
|Total            |        0|      1|    1267|   8974|    0|
+-----------------+---------+-------+--------+-------+-----+
|Available        |      432|    360|  141120|  70560|    0|
+-----------------+---------+-------+--------+-------+-----+
|Utilization (%)  |        0|   ~0  |   ~0   |     12|    0|
+-----------------+---------+-------+--------+-------+-----+

+ Detail: 
    * Instance: 
    N/A

    * DSP48E: 
    +----------------------------+----------------------+--------------+
    |          Instance          |        Module        |  Expression  |
    +----------------------------+----------------------+--------------+
    |FracNet_mac_muladyd2_U1316  |FracNet_mac_muladyd2  | i0 * i1 + i2 |
    +----------------------------+----------------------+--------------+

    * Memory: 
    N/A

    * FIFO: 
    N/A

    * Expression: 
    +-----------------------------+----------+-------+---+----+------------+------------+
    |        Variable Name        | Operation| DSP48E| FF| LUT| Bitwidth P0| Bitwidth P1|
    +-----------------------------+----------+-------+---+----+------------+------------+
    |mul_ln203_fu_1194_p2         |     *    |      0|  0|  30|           7|           3|
    |add_ln1192_224_fu_1445_p2    |     +    |      0|  0|  24|          17|          17|
    |add_ln1192_225_fu_1548_p2    |     +    |      0|  0|  24|          17|          17|
    |add_ln1192_226_fu_1651_p2    |     +    |      0|  0|  24|          17|          17|
    |add_ln1192_227_fu_1754_p2    |     +    |      0|  0|  24|          17|          17|
    |add_ln1192_228_fu_1857_p2    |     +    |      0|  0|  24|          17|          17|
    |add_ln1192_229_fu_1960_p2    |     +    |      0|  0|  24|          17|          17|
    |add_ln1192_230_fu_2063_p2    |     +    |      0|  0|  24|          17|          17|
    |add_ln1192_231_fu_2166_p2    |     +    |      0|  0|  24|          17|          17|
    |add_ln1192_232_fu_2269_p2    |     +    |      0|  0|  24|          17|          17|
    |add_ln1192_233_fu_2372_p2    |     +    |      0|  0|  24|          17|          17|
    |add_ln1192_234_fu_2475_p2    |     +    |      0|  0|  24|          17|          17|
    |add_ln1192_235_fu_2578_p2    |     +    |      0|  0|  24|          17|          17|
    |add_ln1192_236_fu_2681_p2    |     +    |      0|  0|  24|          17|          17|
    |add_ln1192_237_fu_2784_p2    |     +    |      0|  0|  24|          17|          17|
    |add_ln1192_238_fu_2887_p2    |     +    |      0|  0|  24|          17|          17|
    |add_ln1192_239_fu_2990_p2    |     +    |      0|  0|  24|          17|          17|
    |add_ln1192_240_fu_3093_p2    |     +    |      0|  0|  24|          17|          17|
    |add_ln1192_241_fu_3196_p2    |     +    |      0|  0|  24|          17|          17|
    |add_ln1192_242_fu_3299_p2    |     +    |      0|  0|  24|          17|          17|
    |add_ln1192_243_fu_3402_p2    |     +    |      0|  0|  24|          17|          17|
    |add_ln1192_244_fu_3505_p2    |     +    |      0|  0|  24|          17|          17|
    |add_ln1192_245_fu_3608_p2    |     +    |      0|  0|  24|          17|          17|
    |add_ln1192_246_fu_3711_p2    |     +    |      0|  0|  24|          17|          17|
    |add_ln1192_247_fu_3814_p2    |     +    |      0|  0|  24|          17|          17|
    |add_ln1192_248_fu_3917_p2    |     +    |      0|  0|  24|          17|          17|
    |add_ln1192_249_fu_4020_p2    |     +    |      0|  0|  24|          17|          17|
    |add_ln1192_250_fu_4123_p2    |     +    |      0|  0|  24|          17|          17|
    |add_ln1192_251_fu_4226_p2    |     +    |      0|  0|  24|          17|          17|
    |add_ln1192_252_fu_4329_p2    |     +    |      0|  0|  24|          17|          17|
    |add_ln1192_253_fu_4432_p2    |     +    |      0|  0|  24|          17|          17|
    |add_ln1192_254_fu_4535_p2    |     +    |      0|  0|  24|          17|          17|
    |add_ln1192_fu_1337_p2        |     +    |      0|  0|  24|          17|          17|
    |add_ln203_fu_4793_p2         |     +    |      0|  0|  17|          10|          10|
    |add_ln391_fu_1151_p2         |     +    |      0|  0|  15|           8|           1|
    |add_ln395_1_fu_1214_p2       |     +    |      0|  0|  11|           3|           1|
    |add_ln395_fu_1252_p2         |     +    |      0|  0|  11|           3|           3|
    |add_ln399_fu_1285_p2         |     +    |      0|  0|  15|           7|           7|
    |col_fu_9342_p2               |     +    |      0|  0|  15|           6|           1|
    |ii_fu_1220_p2                |     +    |      0|  0|   9|           2|           1|
    |jj_fu_1273_p2                |     +    |      0|  0|   9|           2|           1|
    |row_fu_1157_p2               |     +    |      0|  0|  11|           1|           3|
    |tmp_0_V_20_fu_1351_p2        |     +    |      0|  0|  23|          16|          16|
    |tmp_10_V_20_fu_2386_p2       |     +    |      0|  0|  23|          16|          16|
    |tmp_11_V_20_fu_2489_p2       |     +    |      0|  0|  23|          16|          16|
    |tmp_12_V_20_fu_2592_p2       |     +    |      0|  0|  23|          16|          16|
    |tmp_13_V_20_fu_2695_p2       |     +    |      0|  0|  23|          16|          16|
    |tmp_14_V_20_fu_2798_p2       |     +    |      0|  0|  23|          16|          16|
    |tmp_15_V_20_fu_2901_p2       |     +    |      0|  0|  23|          16|          16|
    |tmp_16_V_6_fu_3004_p2        |     +    |      0|  0|  23|          16|          16|
    |tmp_17_V_6_fu_3107_p2        |     +    |      0|  0|  23|          16|          16|
    |tmp_18_V_6_fu_3210_p2        |     +    |      0|  0|  23|          16|          16|
    |tmp_19_V_6_fu_3313_p2        |     +    |      0|  0|  23|          16|          16|
    |tmp_1_V_20_fu_1459_p2        |     +    |      0|  0|  23|          16|          16|
    |tmp_20_V_6_fu_3416_p2        |     +    |      0|  0|  23|          16|          16|
    |tmp_21_V_6_fu_3519_p2        |     +    |      0|  0|  23|          16|          16|
    |tmp_22_V_6_fu_3622_p2        |     +    |      0|  0|  23|          16|          16|
    |tmp_23_V_6_fu_3725_p2        |     +    |      0|  0|  23|          16|          16|
    |tmp_24_V_6_fu_3828_p2        |     +    |      0|  0|  23|          16|          16|
    |tmp_25_V_6_fu_3931_p2        |     +    |      0|  0|  23|          16|          16|
    |tmp_26_V_6_fu_4034_p2        |     +    |      0|  0|  23|          16|          16|
    |tmp_27_V_6_fu_4137_p2        |     +    |      0|  0|  23|          16|          16|
    |tmp_28_V_6_fu_4240_p2        |     +    |      0|  0|  23|          16|          16|
    |tmp_29_V_6_fu_4343_p2        |     +    |      0|  0|  23|          16|          16|
    |tmp_2_V_20_fu_1562_p2        |     +    |      0|  0|  23|          16|          16|
    |tmp_30_V_6_fu_4446_p2        |     +    |      0|  0|  23|          16|          16|
    |tmp_31_V_6_fu_4549_p2        |     +    |      0|  0|  23|          16|          16|
    |tmp_3_V_20_fu_1665_p2        |     +    |      0|  0|  23|          16|          16|
    |tmp_4_V_20_fu_1768_p2        |     +    |      0|  0|  23|          16|          16|
    |tmp_5_V_20_fu_1871_p2        |     +    |      0|  0|  23|          16|          16|
    |tmp_6_V_20_fu_1974_p2        |     +    |      0|  0|  23|          16|          16|
    |tmp_7_V_20_fu_2077_p2        |     +    |      0|  0|  23|          16|          16|
    |tmp_8_V_20_fu_2180_p2        |     +    |      0|  0|  23|          16|          16|
    |tmp_9_V_20_fu_2283_p2        |     +    |      0|  0|  23|          16|          16|
    |sub_ln1148_10_fu_5528_p2     |     -    |      0|  0|  31|           1|          24|
    |sub_ln1148_11_fu_5548_p2     |     -    |      0|  0|  23|           1|          16|
    |sub_ln1148_12_fu_5670_p2     |     -    |      0|  0|  31|           1|          24|
    |sub_ln1148_13_fu_5690_p2     |     -    |      0|  0|  23|           1|          16|
    |sub_ln1148_14_fu_5812_p2     |     -    |      0|  0|  31|           1|          24|
    |sub_ln1148_15_fu_5832_p2     |     -    |      0|  0|  23|           1|          16|
    |sub_ln1148_16_fu_5954_p2     |     -    |      0|  0|  31|           1|          24|
    |sub_ln1148_17_fu_5974_p2     |     -    |      0|  0|  23|           1|          16|
    |sub_ln1148_18_fu_6096_p2     |     -    |      0|  0|  31|           1|          24|
    |sub_ln1148_19_fu_6116_p2     |     -    |      0|  0|  23|           1|          16|
    |sub_ln1148_1_fu_4838_p2      |     -    |      0|  0|  23|           1|          16|
    |sub_ln1148_20_fu_6238_p2     |     -    |      0|  0|  31|           1|          24|
    |sub_ln1148_21_fu_6258_p2     |     -    |      0|  0|  23|           1|          16|
    |sub_ln1148_22_fu_6380_p2     |     -    |      0|  0|  31|           1|          24|
    |sub_ln1148_23_fu_6400_p2     |     -    |      0|  0|  23|           1|          16|
    |sub_ln1148_24_fu_6522_p2     |     -    |      0|  0|  31|           1|          24|
    |sub_ln1148_25_fu_6542_p2     |     -    |      0|  0|  23|           1|          16|
    |sub_ln1148_26_fu_6664_p2     |     -    |      0|  0|  31|           1|          24|
    |sub_ln1148_27_fu_6684_p2     |     -    |      0|  0|  23|           1|          16|
    |sub_ln1148_28_fu_6806_p2     |     -    |      0|  0|  31|           1|          24|
    |sub_ln1148_29_fu_6826_p2     |     -    |      0|  0|  23|           1|          16|
    |sub_ln1148_2_fu_4960_p2      |     -    |      0|  0|  31|           1|          24|
    |sub_ln1148_30_fu_6948_p2     |     -    |      0|  0|  31|           1|          24|
    |sub_ln1148_31_fu_6968_p2     |     -    |      0|  0|  23|           1|          16|
    |sub_ln1148_32_fu_7090_p2     |     -    |      0|  0|  31|           1|          24|
    |sub_ln1148_33_fu_7110_p2     |     -    |      0|  0|  23|           1|          16|
    |sub_ln1148_34_fu_7232_p2     |     -    |      0|  0|  31|           1|          24|
    |sub_ln1148_35_fu_7252_p2     |     -    |      0|  0|  23|           1|          16|
    |sub_ln1148_36_fu_7374_p2     |     -    |      0|  0|  31|           1|          24|
    |sub_ln1148_37_fu_7394_p2     |     -    |      0|  0|  23|           1|          16|
    |sub_ln1148_38_fu_7516_p2     |     -    |      0|  0|  31|           1|          24|
    |sub_ln1148_39_fu_7536_p2     |     -    |      0|  0|  23|           1|          16|
    |sub_ln1148_3_fu_4980_p2      |     -    |      0|  0|  23|           1|          16|
    |sub_ln1148_40_fu_7658_p2     |     -    |      0|  0|  31|           1|          24|
    |sub_ln1148_41_fu_7678_p2     |     -    |      0|  0|  23|           1|          16|
    |sub_ln1148_42_fu_7800_p2     |     -    |      0|  0|  31|           1|          24|
    |sub_ln1148_43_fu_7820_p2     |     -    |      0|  0|  23|           1|          16|
    |sub_ln1148_44_fu_7942_p2     |     -    |      0|  0|  31|           1|          24|
    |sub_ln1148_45_fu_7962_p2     |     -    |      0|  0|  23|           1|          16|
    |sub_ln1148_46_fu_8084_p2     |     -    |      0|  0|  31|           1|          24|
    |sub_ln1148_47_fu_8104_p2     |     -    |      0|  0|  23|           1|          16|
    |sub_ln1148_48_fu_8226_p2     |     -    |      0|  0|  31|           1|          24|
    |sub_ln1148_49_fu_8246_p2     |     -    |      0|  0|  23|           1|          16|
    |sub_ln1148_4_fu_5102_p2      |     -    |      0|  0|  31|           1|          24|
    |sub_ln1148_50_fu_8368_p2     |     -    |      0|  0|  31|           1|          24|
    |sub_ln1148_51_fu_8388_p2     |     -    |      0|  0|  23|           1|          16|
    |sub_ln1148_52_fu_8510_p2     |     -    |      0|  0|  31|           1|          24|
    |sub_ln1148_53_fu_8530_p2     |     -    |      0|  0|  23|           1|          16|
    |sub_ln1148_54_fu_8652_p2     |     -    |      0|  0|  31|           1|          24|
    |sub_ln1148_55_fu_8672_p2     |     -    |      0|  0|  23|           1|          16|
    |sub_ln1148_56_fu_8794_p2     |     -    |      0|  0|  31|           1|          24|
    |sub_ln1148_57_fu_8814_p2     |     -    |      0|  0|  23|           1|          16|
    |sub_ln1148_58_fu_8936_p2     |     -    |      0|  0|  31|           1|          24|
    |sub_ln1148_59_fu_8956_p2     |     -    |      0|  0|  23|           1|          16|
    |sub_ln1148_5_fu_5122_p2      |     -    |      0|  0|  23|           1|          16|
    |sub_ln1148_60_fu_9078_p2     |     -    |      0|  0|  31|           1|          24|
    |sub_ln1148_61_fu_9098_p2     |     -    |      0|  0|  23|           1|          16|
    |sub_ln1148_62_fu_9220_p2     |     -    |      0|  0|  31|           1|          24|
    |sub_ln1148_63_fu_9240_p2     |     -    |      0|  0|  23|           1|          16|
    |sub_ln1148_6_fu_5244_p2      |     -    |      0|  0|  31|           1|          24|
    |sub_ln1148_7_fu_5264_p2      |     -    |      0|  0|  23|           1|          16|
    |sub_ln1148_8_fu_5386_p2      |     -    |      0|  0|  31|           1|          24|
    |sub_ln1148_9_fu_5406_p2      |     -    |      0|  0|  23|           1|          16|
    |sub_ln1148_fu_4818_p2        |     -    |      0|  0|  31|           1|          24|
    |sub_ln399_fu_1257_p2         |     -    |      0|  0|   9|           1|           2|
    |and_ln340_100_fu_1938_p2     |    and   |      0|  0|   2|           1|           1|
    |and_ln340_101_fu_2041_p2     |    and   |      0|  0|   2|           1|           1|
    |and_ln340_102_fu_2144_p2     |    and   |      0|  0|   2|           1|           1|
    |and_ln340_103_fu_2247_p2     |    and   |      0|  0|   2|           1|           1|
    |and_ln340_104_fu_2350_p2     |    and   |      0|  0|   2|           1|           1|
    |and_ln340_105_fu_2453_p2     |    and   |      0|  0|   2|           1|           1|
    |and_ln340_106_fu_2556_p2     |    and   |      0|  0|   2|           1|           1|
    |and_ln340_107_fu_2659_p2     |    and   |      0|  0|   2|           1|           1|
    |and_ln340_108_fu_2762_p2     |    and   |      0|  0|   2|           1|           1|
    |and_ln340_109_fu_2865_p2     |    and   |      0|  0|   2|           1|           1|
    |and_ln340_110_fu_2968_p2     |    and   |      0|  0|   2|           1|           1|
    |and_ln340_111_fu_3071_p2     |    and   |      0|  0|   2|           1|           1|
    |and_ln340_112_fu_3174_p2     |    and   |      0|  0|   2|           1|           1|
    |and_ln340_113_fu_3277_p2     |    and   |      0|  0|   2|           1|           1|
    |and_ln340_114_fu_3380_p2     |    and   |      0|  0|   2|           1|           1|
    |and_ln340_115_fu_3483_p2     |    and   |      0|  0|   2|           1|           1|
    |and_ln340_116_fu_3586_p2     |    and   |      0|  0|   2|           1|           1|
    |and_ln340_117_fu_3689_p2     |    and   |      0|  0|   2|           1|           1|
    |and_ln340_118_fu_3792_p2     |    and   |      0|  0|   2|           1|           1|
    |and_ln340_119_fu_3895_p2     |    and   |      0|  0|   2|           1|           1|
    |and_ln340_120_fu_3998_p2     |    and   |      0|  0|   2|           1|           1|
    |and_ln340_121_fu_4101_p2     |    and   |      0|  0|   2|           1|           1|
    |and_ln340_122_fu_4204_p2     |    and   |      0|  0|   2|           1|           1|
    |and_ln340_123_fu_4307_p2     |    and   |      0|  0|   2|           1|           1|
    |and_ln340_124_fu_4410_p2     |    and   |      0|  0|   2|           1|           1|
    |and_ln340_125_fu_4513_p2     |    and   |      0|  0|   2|           1|           1|
    |and_ln340_126_fu_4616_p2     |    and   |      0|  0|   2|           1|           1|
    |and_ln340_96_fu_1526_p2      |    and   |      0|  0|   2|           1|           1|
    |and_ln340_97_fu_1629_p2      |    and   |      0|  0|   2|           1|           1|
    |and_ln340_98_fu_1732_p2      |    and   |      0|  0|   2|           1|           1|
    |and_ln340_99_fu_1835_p2      |    and   |      0|  0|   2|           1|           1|
    |and_ln340_fu_1423_p2         |    and   |      0|  0|   2|           1|           1|
    |and_ln786_544_fu_5040_p2     |    and   |      0|  0|   2|           1|           1|
    |and_ln786_545_fu_1371_p2     |    and   |      0|  0|   2|           1|           1|
    |and_ln786_546_fu_5182_p2     |    and   |      0|  0|   2|           1|           1|
    |and_ln786_547_fu_1479_p2     |    and   |      0|  0|   2|           1|           1|
    |and_ln786_548_fu_5324_p2     |    and   |      0|  0|   2|           1|           1|
    |and_ln786_549_fu_1582_p2     |    and   |      0|  0|   2|           1|           1|
    |and_ln786_550_fu_5466_p2     |    and   |      0|  0|   2|           1|           1|
    |and_ln786_551_fu_5608_p2     |    and   |      0|  0|   2|           1|           1|
    |and_ln786_552_fu_1685_p2     |    and   |      0|  0|   2|           1|           1|
    |and_ln786_553_fu_5750_p2     |    and   |      0|  0|   2|           1|           1|
    |and_ln786_554_fu_1788_p2     |    and   |      0|  0|   2|           1|           1|
    |and_ln786_555_fu_5892_p2     |    and   |      0|  0|   2|           1|           1|
    |and_ln786_556_fu_1891_p2     |    and   |      0|  0|   2|           1|           1|
    |and_ln786_557_fu_6034_p2     |    and   |      0|  0|   2|           1|           1|
    |and_ln786_558_fu_6176_p2     |    and   |      0|  0|   2|           1|           1|
    |and_ln786_559_fu_1994_p2     |    and   |      0|  0|   2|           1|           1|
    |and_ln786_560_fu_6318_p2     |    and   |      0|  0|   2|           1|           1|
    |and_ln786_561_fu_2097_p2     |    and   |      0|  0|   2|           1|           1|
    |and_ln786_562_fu_6460_p2     |    and   |      0|  0|   2|           1|           1|
    |and_ln786_563_fu_2200_p2     |    and   |      0|  0|   2|           1|           1|
    |and_ln786_564_fu_6602_p2     |    and   |      0|  0|   2|           1|           1|
    |and_ln786_565_fu_6744_p2     |    and   |      0|  0|   2|           1|           1|
    |and_ln786_566_fu_2303_p2     |    and   |      0|  0|   2|           1|           1|
    |and_ln786_567_fu_6886_p2     |    and   |      0|  0|   2|           1|           1|
    |and_ln786_568_fu_2406_p2     |    and   |      0|  0|   2|           1|           1|
    |and_ln786_569_fu_7028_p2     |    and   |      0|  0|   2|           1|           1|
    |and_ln786_570_fu_2509_p2     |    and   |      0|  0|   2|           1|           1|
    |and_ln786_571_fu_7170_p2     |    and   |      0|  0|   2|           1|           1|
    |and_ln786_572_fu_7312_p2     |    and   |      0|  0|   2|           1|           1|
    |and_ln786_573_fu_2612_p2     |    and   |      0|  0|   2|           1|           1|
    |and_ln786_574_fu_7454_p2     |    and   |      0|  0|   2|           1|           1|
    |and_ln786_575_fu_2715_p2     |    and   |      0|  0|   2|           1|           1|
    |and_ln786_576_fu_7596_p2     |    and   |      0|  0|   2|           1|           1|
    |and_ln786_577_fu_2818_p2     |    and   |      0|  0|   2|           1|           1|
    |and_ln786_578_fu_7738_p2     |    and   |      0|  0|   2|           1|           1|
    |and_ln786_579_fu_7880_p2     |    and   |      0|  0|   2|           1|           1|
    |and_ln786_580_fu_2921_p2     |    and   |      0|  0|   2|           1|           1|
    |and_ln786_581_fu_8022_p2     |    and   |      0|  0|   2|           1|           1|
    |and_ln786_582_fu_3024_p2     |    and   |      0|  0|   2|           1|           1|
    |and_ln786_583_fu_8164_p2     |    and   |      0|  0|   2|           1|           1|
    |and_ln786_584_fu_3127_p2     |    and   |      0|  0|   2|           1|           1|
    |and_ln786_585_fu_8306_p2     |    and   |      0|  0|   2|           1|           1|
    |and_ln786_586_fu_8448_p2     |    and   |      0|  0|   2|           1|           1|
    |and_ln786_587_fu_3230_p2     |    and   |      0|  0|   2|           1|           1|
    |and_ln786_588_fu_8590_p2     |    and   |      0|  0|   2|           1|           1|
    |and_ln786_589_fu_3333_p2     |    and   |      0|  0|   2|           1|           1|
    |and_ln786_590_fu_8732_p2     |    and   |      0|  0|   2|           1|           1|
    |and_ln786_591_fu_3436_p2     |    and   |      0|  0|   2|           1|           1|
    |and_ln786_592_fu_8874_p2     |    and   |      0|  0|   2|           1|           1|
    |and_ln786_593_fu_9016_p2     |    and   |      0|  0|   2|           1|           1|
    |and_ln786_594_fu_3539_p2     |    and   |      0|  0|   2|           1|           1|
    |and_ln786_595_fu_9158_p2     |    and   |      0|  0|   2|           1|           1|
    |and_ln786_596_fu_3642_p2     |    and   |      0|  0|   2|           1|           1|
    |and_ln786_597_fu_9300_p2     |    and   |      0|  0|   2|           1|           1|
    |and_ln786_598_fu_3745_p2     |    and   |      0|  0|   2|           1|           1|
    |and_ln786_599_fu_3848_p2     |    and   |      0|  0|   2|           1|           1|
    |and_ln786_600_fu_3951_p2     |    and   |      0|  0|   2|           1|           1|
    |and_ln786_601_fu_4054_p2     |    and   |      0|  0|   2|           1|           1|
    |and_ln786_602_fu_4157_p2     |    and   |      0|  0|   2|           1|           1|
    |and_ln786_603_fu_4260_p2     |    and   |      0|  0|   2|           1|           1|
    |and_ln786_604_fu_4363_p2     |    and   |      0|  0|   2|           1|           1|
    |and_ln786_605_fu_4466_p2     |    and   |      0|  0|   2|           1|           1|
    |and_ln786_606_fu_4569_p2     |    and   |      0|  0|   2|           1|           1|
    |and_ln786_fu_4898_p2         |    and   |      0|  0|   2|           1|           1|
    |icmp_ln391_fu_1146_p2        |   icmp   |      0|  0|  11|           8|           8|
    |icmp_ln392_fu_1163_p2        |   icmp   |      0|  0|  11|           6|           6|
    |icmp_ln395_fu_1208_p2        |   icmp   |      0|  0|   9|           3|           4|
    |icmp_ln396_fu_1226_p2        |   icmp   |      0|  0|   9|           2|           3|
    |icmp_ln399_fu_1267_p2        |   icmp   |      0|  0|   9|           3|           3|
    |or_ln340_739_fu_1389_p2      |    or    |      0|  0|   2|           1|           1|
    |or_ln340_742_fu_1497_p2      |    or    |      0|  0|   2|           1|           1|
    |or_ln340_745_fu_1600_p2      |    or    |      0|  0|   2|           1|           1|
    |or_ln340_749_fu_1703_p2      |    or    |      0|  0|   2|           1|           1|
    |or_ln340_752_fu_1806_p2      |    or    |      0|  0|   2|           1|           1|
    |or_ln340_755_fu_1909_p2      |    or    |      0|  0|   2|           1|           1|
    |or_ln340_759_fu_2012_p2      |    or    |      0|  0|   2|           1|           1|
    |or_ln340_762_fu_2115_p2      |    or    |      0|  0|   2|           1|           1|
    |or_ln340_765_fu_2218_p2      |    or    |      0|  0|   2|           1|           1|
    |or_ln340_769_fu_2321_p2      |    or    |      0|  0|   2|           1|           1|
    |or_ln340_772_fu_2424_p2      |    or    |      0|  0|   2|           1|           1|
    |or_ln340_775_fu_2527_p2      |    or    |      0|  0|   2|           1|           1|
    |or_ln340_780_fu_2630_p2      |    or    |      0|  0|   2|           1|           1|
    |or_ln340_783_fu_2733_p2      |    or    |      0|  0|   2|           1|           1|
    |or_ln340_786_fu_2836_p2      |    or    |      0|  0|   2|           1|           1|
    |or_ln340_790_fu_2939_p2      |    or    |      0|  0|   2|           1|           1|
    |or_ln340_793_fu_3042_p2      |    or    |      0|  0|   2|           1|           1|
    |or_ln340_796_fu_3145_p2      |    or    |      0|  0|   2|           1|           1|
    |or_ln340_800_fu_3248_p2      |    or    |      0|  0|   2|           1|           1|
    |or_ln340_803_fu_3351_p2      |    or    |      0|  0|   2|           1|           1|
    |or_ln340_806_fu_3454_p2      |    or    |      0|  0|   2|           1|           1|
    |or_ln340_810_fu_3557_p2      |    or    |      0|  0|   2|           1|           1|
    |or_ln340_813_fu_3660_p2      |    or    |      0|  0|   2|           1|           1|
    |or_ln340_816_fu_3763_p2      |    or    |      0|  0|   2|           1|           1|
    |or_ln340_818_fu_3866_p2      |    or    |      0|  0|   2|           1|           1|
    |or_ln340_820_fu_3969_p2      |    or    |      0|  0|   2|           1|           1|
    |or_ln340_822_fu_4072_p2      |    or    |      0|  0|   2|           1|           1|
    |or_ln340_824_fu_4175_p2      |    or    |      0|  0|   2|           1|           1|
    |or_ln340_826_fu_4278_p2      |    or    |      0|  0|   2|           1|           1|
    |or_ln340_828_fu_4381_p2      |    or    |      0|  0|   2|           1|           1|
    |or_ln340_830_fu_4484_p2      |    or    |      0|  0|   2|           1|           1|
    |or_ln340_832_fu_4587_p2      |    or    |      0|  0|   2|           1|           1|
    |or_ln340_896_fu_5052_p2      |    or    |      0|  0|   2|           1|           1|
    |or_ln340_897_fu_5194_p2      |    or    |      0|  0|   2|           1|           1|
    |or_ln340_898_fu_5336_p2      |    or    |      0|  0|   2|           1|           1|
    |or_ln340_899_fu_5478_p2      |    or    |      0|  0|   2|           1|           1|
    |or_ln340_900_fu_5620_p2      |    or    |      0|  0|   2|           1|           1|
    |or_ln340_901_fu_5762_p2      |    or    |      0|  0|   2|           1|           1|
    |or_ln340_902_fu_5904_p2      |    or    |      0|  0|   2|           1|           1|
    |or_ln340_903_fu_6046_p2      |    or    |      0|  0|   2|           1|           1|
    |or_ln340_904_fu_6188_p2      |    or    |      0|  0|   2|           1|           1|
    |or_ln340_905_fu_6330_p2      |    or    |      0|  0|   2|           1|           1|
    |or_ln340_906_fu_6472_p2      |    or    |      0|  0|   2|           1|           1|
    |or_ln340_907_fu_6614_p2      |    or    |      0|  0|   2|           1|           1|
    |or_ln340_908_fu_6756_p2      |    or    |      0|  0|   2|           1|           1|
    |or_ln340_909_fu_6898_p2      |    or    |      0|  0|   2|           1|           1|
    |or_ln340_910_fu_7040_p2      |    or    |      0|  0|   2|           1|           1|
    |or_ln340_911_fu_7182_p2      |    or    |      0|  0|   2|           1|           1|
    |or_ln340_912_fu_7324_p2      |    or    |      0|  0|   2|           1|           1|
    |or_ln340_913_fu_7466_p2      |    or    |      0|  0|   2|           1|           1|
    |or_ln340_914_fu_7608_p2      |    or    |      0|  0|   2|           1|           1|
    |or_ln340_915_fu_7750_p2      |    or    |      0|  0|   2|           1|           1|
    |or_ln340_916_fu_7892_p2      |    or    |      0|  0|   2|           1|           1|
    |or_ln340_917_fu_8034_p2      |    or    |      0|  0|   2|           1|           1|
    |or_ln340_918_fu_8176_p2      |    or    |      0|  0|   2|           1|           1|
    |or_ln340_919_fu_8318_p2      |    or    |      0|  0|   2|           1|           1|
    |or_ln340_920_fu_8460_p2      |    or    |      0|  0|   2|           1|           1|
    |or_ln340_921_fu_8602_p2      |    or    |      0|  0|   2|           1|           1|
    |or_ln340_922_fu_8744_p2      |    or    |      0|  0|   2|           1|           1|
    |or_ln340_923_fu_8886_p2      |    or    |      0|  0|   2|           1|           1|
    |or_ln340_924_fu_9028_p2      |    or    |      0|  0|   2|           1|           1|
    |or_ln340_925_fu_9170_p2      |    or    |      0|  0|   2|           1|           1|
    |or_ln340_926_fu_9312_p2      |    or    |      0|  0|   2|           1|           1|
    |or_ln340_fu_4910_p2          |    or    |      0|  0|   2|           1|           1|
    |select_ln1148_10_fu_6282_p3  |  select  |      0|  0|  16|           1|          16|
    |select_ln1148_11_fu_6424_p3  |  select  |      0|  0|  16|           1|          16|
    |select_ln1148_12_fu_6566_p3  |  select  |      0|  0|  16|           1|          16|
    |select_ln1148_13_fu_6708_p3  |  select  |      0|  0|  16|           1|          16|
    |select_ln1148_14_fu_6850_p3  |  select  |      0|  0|  16|           1|          16|
    |select_ln1148_15_fu_6992_p3  |  select  |      0|  0|  16|           1|          16|
    |select_ln1148_16_fu_7134_p3  |  select  |      0|  0|  16|           1|          16|
    |select_ln1148_17_fu_7276_p3  |  select  |      0|  0|  16|           1|          16|
    |select_ln1148_18_fu_7418_p3  |  select  |      0|  0|  16|           1|          16|
    |select_ln1148_19_fu_7560_p3  |  select  |      0|  0|  16|           1|          16|
    |select_ln1148_1_fu_5004_p3   |  select  |      0|  0|  16|           1|          16|
    |select_ln1148_20_fu_7702_p3  |  select  |      0|  0|  16|           1|          16|
    |select_ln1148_21_fu_7844_p3  |  select  |      0|  0|  16|           1|          16|
    |select_ln1148_22_fu_7986_p3  |  select  |      0|  0|  16|           1|          16|
    |select_ln1148_23_fu_8128_p3  |  select  |      0|  0|  16|           1|          16|
    |select_ln1148_24_fu_8270_p3  |  select  |      0|  0|  16|           1|          16|
    |select_ln1148_25_fu_8412_p3  |  select  |      0|  0|  16|           1|          16|
    |select_ln1148_26_fu_8554_p3  |  select  |      0|  0|  16|           1|          16|
    |select_ln1148_27_fu_8696_p3  |  select  |      0|  0|  16|           1|          16|
    |select_ln1148_28_fu_8838_p3  |  select  |      0|  0|  16|           1|          16|
    |select_ln1148_29_fu_8980_p3  |  select  |      0|  0|  16|           1|          16|
    |select_ln1148_2_fu_5146_p3   |  select  |      0|  0|  16|           1|          16|
    |select_ln1148_30_fu_9122_p3  |  select  |      0|  0|  16|           1|          16|
    |select_ln1148_31_fu_9264_p3  |  select  |      0|  0|  16|           1|          16|
    |select_ln1148_3_fu_5288_p3   |  select  |      0|  0|  16|           1|          16|
    |select_ln1148_4_fu_5430_p3   |  select  |      0|  0|  16|           1|          16|
    |select_ln1148_5_fu_5572_p3   |  select  |      0|  0|  16|           1|          16|
    |select_ln1148_6_fu_5714_p3   |  select  |      0|  0|  16|           1|          16|
    |select_ln1148_7_fu_5856_p3   |  select  |      0|  0|  16|           1|          16|
    |select_ln1148_8_fu_5998_p3   |  select  |      0|  0|  16|           1|          16|
    |select_ln1148_9_fu_6140_p3   |  select  |      0|  0|  16|           1|          16|
    |select_ln1148_fu_4862_p3     |  select  |      0|  0|  16|           1|          16|
    |select_ln340_10_fu_6336_p3   |  select  |      0|  0|  16|           1|          15|
    |select_ln340_11_fu_6478_p3   |  select  |      0|  0|  16|           1|          15|
    |select_ln340_12_fu_6620_p3   |  select  |      0|  0|  16|           1|          15|
    |select_ln340_13_fu_6762_p3   |  select  |      0|  0|  16|           1|          15|
    |select_ln340_14_fu_6904_p3   |  select  |      0|  0|  16|           1|          15|
    |select_ln340_15_fu_7046_p3   |  select  |      0|  0|  16|           1|          15|
    |select_ln340_16_fu_7188_p3   |  select  |      0|  0|  16|           1|          15|
    |select_ln340_17_fu_7330_p3   |  select  |      0|  0|  16|           1|          15|
    |select_ln340_18_fu_7472_p3   |  select  |      0|  0|  16|           1|          15|
    |select_ln340_19_fu_7614_p3   |  select  |      0|  0|  16|           1|          15|
    |select_ln340_1_fu_5058_p3    |  select  |      0|  0|  16|           1|          15|
    |select_ln340_20_fu_7756_p3   |  select  |      0|  0|  16|           1|          15|
    |select_ln340_21_fu_7898_p3   |  select  |      0|  0|  16|           1|          15|
    |select_ln340_22_fu_8040_p3   |  select  |      0|  0|  16|           1|          15|
    |select_ln340_23_fu_8182_p3   |  select  |      0|  0|  16|           1|          15|
    |select_ln340_24_fu_8324_p3   |  select  |      0|  0|  16|           1|          15|
    |select_ln340_25_fu_8466_p3   |  select  |      0|  0|  16|           1|          15|
    |select_ln340_26_fu_8608_p3   |  select  |      0|  0|  16|           1|          15|
    |select_ln340_27_fu_8750_p3   |  select  |      0|  0|  16|           1|          15|
    |select_ln340_28_fu_8892_p3   |  select  |      0|  0|  16|           1|          15|
    |select_ln340_29_fu_9034_p3   |  select  |      0|  0|  16|           1|          15|
    |select_ln340_2_fu_5200_p3    |  select  |      0|  0|  16|           1|          15|
    |select_ln340_30_fu_9176_p3   |  select  |      0|  0|  16|           1|          15|
    |select_ln340_31_fu_9318_p3   |  select  |      0|  0|  16|           1|          15|
    |select_ln340_352_fu_1395_p3  |  select  |      0|  0|  16|           1|          15|
    |select_ln340_353_fu_1503_p3  |  select  |      0|  0|  16|           1|          15|
    |select_ln340_354_fu_1606_p3  |  select  |      0|  0|  16|           1|          15|
    |select_ln340_355_fu_1709_p3  |  select  |      0|  0|  16|           1|          15|
    |select_ln340_356_fu_1812_p3  |  select  |      0|  0|  16|           1|          15|
    |select_ln340_357_fu_1915_p3  |  select  |      0|  0|  16|           1|          15|
    |select_ln340_358_fu_2018_p3  |  select  |      0|  0|  16|           1|          15|
    |select_ln340_359_fu_2121_p3  |  select  |      0|  0|  16|           1|          15|
    |select_ln340_360_fu_2224_p3  |  select  |      0|  0|  16|           1|          15|
    |select_ln340_361_fu_2327_p3  |  select  |      0|  0|  16|           1|          15|
    |select_ln340_362_fu_2430_p3  |  select  |      0|  0|  16|           1|          15|
    |select_ln340_363_fu_2533_p3  |  select  |      0|  0|  16|           1|          15|
    |select_ln340_364_fu_2636_p3  |  select  |      0|  0|  16|           1|          15|
    |select_ln340_365_fu_2739_p3  |  select  |      0|  0|  16|           1|          15|
    |select_ln340_366_fu_2842_p3  |  select  |      0|  0|  16|           1|          15|
    |select_ln340_367_fu_2945_p3  |  select  |      0|  0|  16|           1|          15|
    |select_ln340_368_fu_3048_p3  |  select  |      0|  0|  16|           1|          15|
    |select_ln340_369_fu_3151_p3  |  select  |      0|  0|  16|           1|          15|
    |select_ln340_370_fu_3254_p3  |  select  |      0|  0|  16|           1|          15|
    |select_ln340_371_fu_3357_p3  |  select  |      0|  0|  16|           1|          15|
    |select_ln340_372_fu_3460_p3  |  select  |      0|  0|  16|           1|          15|
    |select_ln340_373_fu_3563_p3  |  select  |      0|  0|  16|           1|          15|
    |select_ln340_374_fu_3666_p3  |  select  |      0|  0|  16|           1|          15|
    |select_ln340_375_fu_3769_p3  |  select  |      0|  0|  16|           1|          15|
    |select_ln340_376_fu_3872_p3  |  select  |      0|  0|  16|           1|          15|
    |select_ln340_377_fu_3975_p3  |  select  |      0|  0|  16|           1|          15|
    |select_ln340_378_fu_4078_p3  |  select  |      0|  0|  16|           1|          15|
    |select_ln340_379_fu_4181_p3  |  select  |      0|  0|  16|           1|          15|
    |select_ln340_380_fu_4284_p3  |  select  |      0|  0|  16|           1|          15|
    |select_ln340_381_fu_4387_p3  |  select  |      0|  0|  16|           1|          15|
    |select_ln340_382_fu_4490_p3  |  select  |      0|  0|  16|           1|          15|
    |select_ln340_383_fu_4593_p3  |  select  |      0|  0|  16|           1|          15|
    |select_ln340_3_fu_5342_p3    |  select  |      0|  0|  16|           1|          15|
    |select_ln340_4_fu_5484_p3    |  select  |      0|  0|  16|           1|          15|
    |select_ln340_5_fu_5626_p3    |  select  |      0|  0|  16|           1|          15|
    |select_ln340_6_fu_5768_p3    |  select  |      0|  0|  16|           1|          15|
    |select_ln340_704_fu_4932_p3  |  select  |      0|  0|  16|           1|          16|
    |select_ln340_705_fu_5074_p3  |  select  |      0|  0|  16|           1|          16|
    |select_ln340_706_fu_5216_p3  |  select  |      0|  0|  16|           1|          16|
    |select_ln340_707_fu_5358_p3  |  select  |      0|  0|  16|           1|          16|
    |select_ln340_708_fu_5500_p3  |  select  |      0|  0|  16|           1|          16|
    |select_ln340_709_fu_5642_p3  |  select  |      0|  0|  16|           1|          16|
    |select_ln340_710_fu_5784_p3  |  select  |      0|  0|  16|           1|          16|
    |select_ln340_711_fu_5926_p3  |  select  |      0|  0|  16|           1|          16|
    |select_ln340_712_fu_6068_p3  |  select  |      0|  0|  16|           1|          16|
    |select_ln340_713_fu_6210_p3  |  select  |      0|  0|  16|           1|          16|
    |select_ln340_714_fu_6352_p3  |  select  |      0|  0|  16|           1|          16|
    |select_ln340_715_fu_6494_p3  |  select  |      0|  0|  16|           1|          16|
    |select_ln340_716_fu_6636_p3  |  select  |      0|  0|  16|           1|          16|
    |select_ln340_717_fu_6778_p3  |  select  |      0|  0|  16|           1|          16|
    |select_ln340_718_fu_6920_p3  |  select  |      0|  0|  16|           1|          16|
    |select_ln340_719_fu_7062_p3  |  select  |      0|  0|  16|           1|          16|
    |select_ln340_720_fu_7204_p3  |  select  |      0|  0|  16|           1|          16|
    |select_ln340_721_fu_7346_p3  |  select  |      0|  0|  16|           1|          16|
    |select_ln340_722_fu_7488_p3  |  select  |      0|  0|  16|           1|          16|
    |select_ln340_723_fu_7630_p3  |  select  |      0|  0|  16|           1|          16|
    |select_ln340_724_fu_7772_p3  |  select  |      0|  0|  16|           1|          16|
    |select_ln340_725_fu_7914_p3  |  select  |      0|  0|  16|           1|          16|
    |select_ln340_726_fu_8056_p3  |  select  |      0|  0|  16|           1|          16|
    |select_ln340_727_fu_8198_p3  |  select  |      0|  0|  16|           1|          16|
    |select_ln340_728_fu_8340_p3  |  select  |      0|  0|  16|           1|          16|
    |select_ln340_729_fu_8482_p3  |  select  |      0|  0|  16|           1|          16|
    |select_ln340_730_fu_8624_p3  |  select  |      0|  0|  16|           1|          16|
    |select_ln340_731_fu_8766_p3  |  select  |      0|  0|  16|           1|          16|
    |select_ln340_732_fu_8908_p3  |  select  |      0|  0|  16|           1|          16|
    |select_ln340_733_fu_9050_p3  |  select  |      0|  0|  16|           1|          16|
    |select_ln340_734_fu_9192_p3  |  select  |      0|  0|  16|           1|          16|
    |select_ln340_735_fu_9334_p3  |  select  |      0|  0|  16|           1|          16|
    |select_ln340_7_fu_5910_p3    |  select  |      0|  0|  16|           1|          15|
    |select_ln340_8_fu_6052_p3    |  select  |      0|  0|  16|           1|          15|
    |select_ln340_9_fu_6194_p3    |  select  |      0|  0|  16|           1|          15|
    |select_ln340_fu_4916_p3      |  select  |      0|  0|  16|           1|          15|
    |select_ln388_10_fu_6344_p3   |  select  |      0|  0|  17|           1|          17|
    |select_ln388_11_fu_6486_p3   |  select  |      0|  0|  17|           1|          17|
    |select_ln388_12_fu_6628_p3   |  select  |      0|  0|  17|           1|          17|
    |select_ln388_13_fu_6770_p3   |  select  |      0|  0|  17|           1|          17|
    |select_ln388_14_fu_6912_p3   |  select  |      0|  0|  17|           1|          17|
    |select_ln388_15_fu_7054_p3   |  select  |      0|  0|  17|           1|          17|
    |select_ln388_16_fu_7196_p3   |  select  |      0|  0|  17|           1|          17|
    |select_ln388_17_fu_7338_p3   |  select  |      0|  0|  17|           1|          17|
    |select_ln388_18_fu_7480_p3   |  select  |      0|  0|  17|           1|          17|
    |select_ln388_19_fu_7622_p3   |  select  |      0|  0|  17|           1|          17|
    |select_ln388_1_fu_5066_p3    |  select  |      0|  0|  17|           1|          17|
    |select_ln388_20_fu_7764_p3   |  select  |      0|  0|  17|           1|          17|
    |select_ln388_21_fu_7906_p3   |  select  |      0|  0|  17|           1|          17|
    |select_ln388_22_fu_8048_p3   |  select  |      0|  0|  17|           1|          17|
    |select_ln388_23_fu_8190_p3   |  select  |      0|  0|  17|           1|          17|
    |select_ln388_24_fu_8332_p3   |  select  |      0|  0|  17|           1|          17|
    |select_ln388_25_fu_8474_p3   |  select  |      0|  0|  17|           1|          17|
    |select_ln388_26_fu_8616_p3   |  select  |      0|  0|  17|           1|          17|
    |select_ln388_27_fu_8758_p3   |  select  |      0|  0|  17|           1|          17|
    |select_ln388_28_fu_8900_p3   |  select  |      0|  0|  17|           1|          17|
    |select_ln388_29_fu_9042_p3   |  select  |      0|  0|  17|           1|          17|
    |select_ln388_2_fu_5208_p3    |  select  |      0|  0|  17|           1|          17|
    |select_ln388_30_fu_9184_p3   |  select  |      0|  0|  17|           1|          17|
    |select_ln388_31_fu_9326_p3   |  select  |      0|  0|  17|           1|          17|
    |select_ln388_3_fu_5350_p3    |  select  |      0|  0|  17|           1|          17|
    |select_ln388_4_fu_5492_p3    |  select  |      0|  0|  17|           1|          17|
    |select_ln388_5_fu_5634_p3    |  select  |      0|  0|  17|           1|          17|
    |select_ln388_6_fu_5776_p3    |  select  |      0|  0|  17|           1|          17|
    |select_ln388_7_fu_5918_p3    |  select  |      0|  0|  17|           1|          17|
    |select_ln388_8_fu_6060_p3    |  select  |      0|  0|  17|           1|          17|
    |select_ln388_9_fu_6202_p3    |  select  |      0|  0|  17|           1|          17|
    |select_ln388_fu_4924_p3      |  select  |      0|  0|  17|           1|          17|
    |select_ln395_1_fu_1240_p3    |  select  |      0|  0|   2|           1|           2|
    |select_ln395_fu_1232_p3      |  select  |      0|  0|   2|           1|           1|
    |select_ln399_1_fu_1176_p3    |  select  |      0|  0|   3|           1|           3|
    |select_ln399_fu_1168_p3      |  select  |      0|  0|   6|           1|           6|
    |tmp_0_V_21_fu_1403_p3        |  select  |      0|  0|  17|           1|          17|
    |tmp_0_V_22_fu_1411_p3        |  select  |      0|  0|  16|           1|          16|
    |tmp_0_V_23_fu_1429_p3        |  select  |      0|  0|  16|           1|          16|
    |tmp_10_V_21_fu_2438_p3       |  select  |      0|  0|  17|           1|          17|
    |tmp_10_V_22_fu_2446_p3       |  select  |      0|  0|  16|           1|          16|
    |tmp_10_V_23_fu_2459_p3       |  select  |      0|  0|  16|           1|          16|
    |tmp_11_V_21_fu_2541_p3       |  select  |      0|  0|  17|           1|          17|
    |tmp_11_V_22_fu_2549_p3       |  select  |      0|  0|  16|           1|          16|
    |tmp_11_V_23_fu_2562_p3       |  select  |      0|  0|  16|           1|          16|
    |tmp_12_V_21_fu_2644_p3       |  select  |      0|  0|  17|           1|          17|
    |tmp_12_V_22_fu_2652_p3       |  select  |      0|  0|  16|           1|          16|
    |tmp_12_V_23_fu_2665_p3       |  select  |      0|  0|  16|           1|          16|
    |tmp_13_V_21_fu_2747_p3       |  select  |      0|  0|  17|           1|          17|
    |tmp_13_V_22_fu_2755_p3       |  select  |      0|  0|  16|           1|          16|
    |tmp_13_V_23_fu_2768_p3       |  select  |      0|  0|  16|           1|          16|
    |tmp_14_V_21_fu_2850_p3       |  select  |      0|  0|  17|           1|          17|
    |tmp_14_V_22_fu_2858_p3       |  select  |      0|  0|  16|           1|          16|
    |tmp_14_V_23_fu_2871_p3       |  select  |      0|  0|  16|           1|          16|
    |tmp_15_V_21_fu_2953_p3       |  select  |      0|  0|  17|           1|          17|
    |tmp_15_V_22_fu_2961_p3       |  select  |      0|  0|  16|           1|          16|
    |tmp_15_V_23_fu_2974_p3       |  select  |      0|  0|  16|           1|          16|
    |tmp_16_V_7_fu_3056_p3        |  select  |      0|  0|  17|           1|          17|
    |tmp_16_V_8_fu_3064_p3        |  select  |      0|  0|  16|           1|          16|
    |tmp_16_V_9_fu_3077_p3        |  select  |      0|  0|  16|           1|          16|
    |tmp_17_V_7_fu_3159_p3        |  select  |      0|  0|  17|           1|          17|
    |tmp_17_V_8_fu_3167_p3        |  select  |      0|  0|  16|           1|          16|
    |tmp_17_V_9_fu_3180_p3        |  select  |      0|  0|  16|           1|          16|
    |tmp_18_V_7_fu_3262_p3        |  select  |      0|  0|  17|           1|          17|
    |tmp_18_V_8_fu_3270_p3        |  select  |      0|  0|  16|           1|          16|
    |tmp_18_V_9_fu_3283_p3        |  select  |      0|  0|  16|           1|          16|
    |tmp_19_V_7_fu_3365_p3        |  select  |      0|  0|  17|           1|          17|
    |tmp_19_V_8_fu_3373_p3        |  select  |      0|  0|  16|           1|          16|
    |tmp_19_V_9_fu_3386_p3        |  select  |      0|  0|  16|           1|          16|
    |tmp_1_V_21_fu_1511_p3        |  select  |      0|  0|  17|           1|          17|
    |tmp_1_V_22_fu_1519_p3        |  select  |      0|  0|  16|           1|          16|
    |tmp_1_V_23_fu_1532_p3        |  select  |      0|  0|  16|           1|          16|
    |tmp_20_V_7_fu_3468_p3        |  select  |      0|  0|  17|           1|          17|
    |tmp_20_V_8_fu_3476_p3        |  select  |      0|  0|  16|           1|          16|
    |tmp_20_V_9_fu_3489_p3        |  select  |      0|  0|  16|           1|          16|
    |tmp_21_V_7_fu_3571_p3        |  select  |      0|  0|  17|           1|          17|
    |tmp_21_V_8_fu_3579_p3        |  select  |      0|  0|  16|           1|          16|
    |tmp_21_V_9_fu_3592_p3        |  select  |      0|  0|  16|           1|          16|
    |tmp_22_V_7_fu_3674_p3        |  select  |      0|  0|  17|           1|          17|
    |tmp_22_V_8_fu_3682_p3        |  select  |      0|  0|  16|           1|          16|
    |tmp_22_V_9_fu_3695_p3        |  select  |      0|  0|  16|           1|          16|
    |tmp_23_V_7_fu_3777_p3        |  select  |      0|  0|  17|           1|          17|
    |tmp_23_V_8_fu_3785_p3        |  select  |      0|  0|  16|           1|          16|
    |tmp_23_V_9_fu_3798_p3        |  select  |      0|  0|  16|           1|          16|
    |tmp_24_V_7_fu_3880_p3        |  select  |      0|  0|  17|           1|          17|
    |tmp_24_V_8_fu_3888_p3        |  select  |      0|  0|  16|           1|          16|
    |tmp_24_V_9_fu_3901_p3        |  select  |      0|  0|  16|           1|          16|
    |tmp_25_V_7_fu_3983_p3        |  select  |      0|  0|  17|           1|          17|
    |tmp_25_V_8_fu_3991_p3        |  select  |      0|  0|  16|           1|          16|
    |tmp_25_V_9_fu_4004_p3        |  select  |      0|  0|  16|           1|          16|
    |tmp_26_V_7_fu_4086_p3        |  select  |      0|  0|  17|           1|          17|
    |tmp_26_V_8_fu_4094_p3        |  select  |      0|  0|  16|           1|          16|
    |tmp_26_V_9_fu_4107_p3        |  select  |      0|  0|  16|           1|          16|
    |tmp_27_V_7_fu_4189_p3        |  select  |      0|  0|  17|           1|          17|
    |tmp_27_V_8_fu_4197_p3        |  select  |      0|  0|  16|           1|          16|
    |tmp_27_V_9_fu_4210_p3        |  select  |      0|  0|  16|           1|          16|
    |tmp_28_V_7_fu_4292_p3        |  select  |      0|  0|  17|           1|          17|
    |tmp_28_V_8_fu_4300_p3        |  select  |      0|  0|  16|           1|          16|
    |tmp_28_V_9_fu_4313_p3        |  select  |      0|  0|  16|           1|          16|
    |tmp_29_V_7_fu_4395_p3        |  select  |      0|  0|  17|           1|          17|
    |tmp_29_V_8_fu_4403_p3        |  select  |      0|  0|  16|           1|          16|
    |tmp_29_V_9_fu_4416_p3        |  select  |      0|  0|  16|           1|          16|
    |tmp_2_V_21_fu_1614_p3        |  select  |      0|  0|  17|           1|          17|
    |tmp_2_V_22_fu_1622_p3        |  select  |      0|  0|  16|           1|          16|
    |tmp_2_V_23_fu_1635_p3        |  select  |      0|  0|  16|           1|          16|
    |tmp_30_V_7_fu_4498_p3        |  select  |      0|  0|  17|           1|          17|
    |tmp_30_V_8_fu_4506_p3        |  select  |      0|  0|  16|           1|          16|
    |tmp_30_V_9_fu_4519_p3        |  select  |      0|  0|  16|           1|          16|
    |tmp_31_V_7_fu_4601_p3        |  select  |      0|  0|  17|           1|          17|
    |tmp_31_V_8_fu_4609_p3        |  select  |      0|  0|  16|           1|          16|
    |tmp_31_V_9_fu_4622_p3        |  select  |      0|  0|  16|           1|          16|
    |tmp_3_V_21_fu_1717_p3        |  select  |      0|  0|  17|           1|          17|
    |tmp_3_V_22_fu_1725_p3        |  select  |      0|  0|  16|           1|          16|
    |tmp_3_V_23_fu_1738_p3        |  select  |      0|  0|  16|           1|          16|
    |tmp_4_V_21_fu_1820_p3        |  select  |      0|  0|  17|           1|          17|
    |tmp_4_V_22_fu_1828_p3        |  select  |      0|  0|  16|           1|          16|
    |tmp_4_V_23_fu_1841_p3        |  select  |      0|  0|  16|           1|          16|
    |tmp_5_V_21_fu_1923_p3        |  select  |      0|  0|  17|           1|          17|
    |tmp_5_V_22_fu_1931_p3        |  select  |      0|  0|  16|           1|          16|
    |tmp_5_V_23_fu_1944_p3        |  select  |      0|  0|  16|           1|          16|
    |tmp_6_V_21_fu_2026_p3        |  select  |      0|  0|  17|           1|          17|
    |tmp_6_V_22_fu_2034_p3        |  select  |      0|  0|  16|           1|          16|
    |tmp_6_V_23_fu_2047_p3        |  select  |      0|  0|  16|           1|          16|
    |tmp_7_V_21_fu_2129_p3        |  select  |      0|  0|  17|           1|          17|
    |tmp_7_V_22_fu_2137_p3        |  select  |      0|  0|  16|           1|          16|
    |tmp_7_V_23_fu_2150_p3        |  select  |      0|  0|  16|           1|          16|
    |tmp_8_V_21_fu_2232_p3        |  select  |      0|  0|  17|           1|          17|
    |tmp_8_V_22_fu_2240_p3        |  select  |      0|  0|  16|           1|          16|
    |tmp_8_V_23_fu_2253_p3        |  select  |      0|  0|  16|           1|          16|
    |tmp_9_V_21_fu_2335_p3        |  select  |      0|  0|  17|           1|          17|
    |tmp_9_V_22_fu_2343_p3        |  select  |      0|  0|  16|           1|          16|
    |tmp_9_V_23_fu_2356_p3        |  select  |      0|  0|  16|           1|          16|
    |ap_enable_pp0                |    xor   |      0|  0|   2|           1|           2|
    |ap_enable_reg_pp0_iter1      |    xor   |      0|  0|   2|           2|           1|
    |xor_ln340_160_fu_5046_p2     |    xor   |      0|  0|   2|           1|           1|
    |xor_ln340_161_fu_5188_p2     |    xor   |      0|  0|   2|           1|           1|
    |xor_ln340_162_fu_5330_p2     |    xor   |      0|  0|   2|           1|           1|
    |xor_ln340_163_fu_5472_p2     |    xor   |      0|  0|   2|           1|           1|
    |xor_ln340_164_fu_5614_p2     |    xor   |      0|  0|   2|           1|           1|
    |xor_ln340_165_fu_5756_p2     |    xor   |      0|  0|   2|           1|           1|
    |xor_ln340_166_fu_5898_p2     |    xor   |      0|  0|   2|           1|           1|
    |xor_ln340_167_fu_6040_p2     |    xor   |      0|  0|   2|           1|           1|
    |xor_ln340_168_fu_6182_p2     |    xor   |      0|  0|   2|           1|           1|
    |xor_ln340_169_fu_6324_p2     |    xor   |      0|  0|   2|           1|           1|
    |xor_ln340_170_fu_6466_p2     |    xor   |      0|  0|   2|           1|           1|
    |xor_ln340_171_fu_6608_p2     |    xor   |      0|  0|   2|           1|           1|
    |xor_ln340_172_fu_6750_p2     |    xor   |      0|  0|   2|           1|           1|
    |xor_ln340_173_fu_6892_p2     |    xor   |      0|  0|   2|           1|           1|
    |xor_ln340_174_fu_7034_p2     |    xor   |      0|  0|   2|           1|           1|
    |xor_ln340_175_fu_7176_p2     |    xor   |      0|  0|   2|           1|           1|
    |xor_ln340_176_fu_7318_p2     |    xor   |      0|  0|   2|           1|           1|
    |xor_ln340_177_fu_7460_p2     |    xor   |      0|  0|   2|           1|           1|
    |xor_ln340_178_fu_7602_p2     |    xor   |      0|  0|   2|           1|           1|
    |xor_ln340_179_fu_7744_p2     |    xor   |      0|  0|   2|           1|           1|
    |xor_ln340_180_fu_7886_p2     |    xor   |      0|  0|   2|           1|           1|
    |xor_ln340_181_fu_8028_p2     |    xor   |      0|  0|   2|           1|           1|
    |xor_ln340_182_fu_8170_p2     |    xor   |      0|  0|   2|           1|           1|
    |xor_ln340_183_fu_8312_p2     |    xor   |      0|  0|   2|           1|           1|
    |xor_ln340_184_fu_8454_p2     |    xor   |      0|  0|   2|           1|           1|
    |xor_ln340_185_fu_8596_p2     |    xor   |      0|  0|   2|           1|           1|
    |xor_ln340_186_fu_8738_p2     |    xor   |      0|  0|   2|           1|           1|
    |xor_ln340_187_fu_8880_p2     |    xor   |      0|  0|   2|           1|           1|
    |xor_ln340_188_fu_9022_p2     |    xor   |      0|  0|   2|           1|           1|
    |xor_ln340_189_fu_9164_p2     |    xor   |      0|  0|   2|           1|           1|
    |xor_ln340_190_fu_9306_p2     |    xor   |      0|  0|   2|           1|           1|
    |xor_ln340_191_fu_1377_p2     |    xor   |      0|  0|   2|           1|           1|
    |xor_ln340_192_fu_1383_p2     |    xor   |      0|  0|   2|           1|           2|
    |xor_ln340_193_fu_1485_p2     |    xor   |      0|  0|   2|           1|           1|
    |xor_ln340_194_fu_1491_p2     |    xor   |      0|  0|   2|           1|           2|
    |xor_ln340_195_fu_1588_p2     |    xor   |      0|  0|   2|           1|           1|
    |xor_ln340_196_fu_1594_p2     |    xor   |      0|  0|   2|           1|           2|
    |xor_ln340_197_fu_1691_p2     |    xor   |      0|  0|   2|           1|           1|
    |xor_ln340_198_fu_1697_p2     |    xor   |      0|  0|   2|           1|           2|
    |xor_ln340_199_fu_1794_p2     |    xor   |      0|  0|   2|           1|           1|
    |xor_ln340_200_fu_1800_p2     |    xor   |      0|  0|   2|           1|           2|
    |xor_ln340_201_fu_1897_p2     |    xor   |      0|  0|   2|           1|           1|
    |xor_ln340_202_fu_1903_p2     |    xor   |      0|  0|   2|           1|           2|
    |xor_ln340_203_fu_2000_p2     |    xor   |      0|  0|   2|           1|           1|
    |xor_ln340_204_fu_2006_p2     |    xor   |      0|  0|   2|           1|           2|
    |xor_ln340_205_fu_2103_p2     |    xor   |      0|  0|   2|           1|           1|
    |xor_ln340_206_fu_2109_p2     |    xor   |      0|  0|   2|           1|           2|
    |xor_ln340_207_fu_2206_p2     |    xor   |      0|  0|   2|           1|           1|
    |xor_ln340_208_fu_2212_p2     |    xor   |      0|  0|   2|           1|           2|
    |xor_ln340_209_fu_2309_p2     |    xor   |      0|  0|   2|           1|           1|
    |xor_ln340_210_fu_2315_p2     |    xor   |      0|  0|   2|           1|           2|
    |xor_ln340_211_fu_2412_p2     |    xor   |      0|  0|   2|           1|           1|
    |xor_ln340_212_fu_2418_p2     |    xor   |      0|  0|   2|           1|           2|
    |xor_ln340_213_fu_2515_p2     |    xor   |      0|  0|   2|           1|           1|
    |xor_ln340_214_fu_2521_p2     |    xor   |      0|  0|   2|           1|           2|
    |xor_ln340_215_fu_2618_p2     |    xor   |      0|  0|   2|           1|           1|
    |xor_ln340_216_fu_2624_p2     |    xor   |      0|  0|   2|           1|           2|
    |xor_ln340_217_fu_2721_p2     |    xor   |      0|  0|   2|           1|           1|
    |xor_ln340_218_fu_2727_p2     |    xor   |      0|  0|   2|           1|           2|
    |xor_ln340_219_fu_2824_p2     |    xor   |      0|  0|   2|           1|           1|
    |xor_ln340_220_fu_2830_p2     |    xor   |      0|  0|   2|           1|           2|
    |xor_ln340_221_fu_2927_p2     |    xor   |      0|  0|   2|           1|           1|
    |xor_ln340_222_fu_2933_p2     |    xor   |      0|  0|   2|           1|           2|
    |xor_ln340_223_fu_3030_p2     |    xor   |      0|  0|   2|           1|           1|
    |xor_ln340_224_fu_3036_p2     |    xor   |      0|  0|   2|           1|           2|
    |xor_ln340_225_fu_3133_p2     |    xor   |      0|  0|   2|           1|           1|
    |xor_ln340_226_fu_3139_p2     |    xor   |      0|  0|   2|           1|           2|
    |xor_ln340_227_fu_3236_p2     |    xor   |      0|  0|   2|           1|           1|
    |xor_ln340_228_fu_3242_p2     |    xor   |      0|  0|   2|           1|           2|
    |xor_ln340_229_fu_3339_p2     |    xor   |      0|  0|   2|           1|           1|
    |xor_ln340_230_fu_3345_p2     |    xor   |      0|  0|   2|           1|           2|
    |xor_ln340_231_fu_3442_p2     |    xor   |      0|  0|   2|           1|           1|
    |xor_ln340_232_fu_3448_p2     |    xor   |      0|  0|   2|           1|           2|
    |xor_ln340_233_fu_3545_p2     |    xor   |      0|  0|   2|           1|           1|
    |xor_ln340_234_fu_3551_p2     |    xor   |      0|  0|   2|           1|           2|
    |xor_ln340_235_fu_3648_p2     |    xor   |      0|  0|   2|           1|           1|
    |xor_ln340_236_fu_3654_p2     |    xor   |      0|  0|   2|           1|           2|
    |xor_ln340_237_fu_3751_p2     |    xor   |      0|  0|   2|           1|           1|
    |xor_ln340_238_fu_3757_p2     |    xor   |      0|  0|   2|           1|           2|
    |xor_ln340_239_fu_3854_p2     |    xor   |      0|  0|   2|           1|           1|
    |xor_ln340_240_fu_3860_p2     |    xor   |      0|  0|   2|           1|           2|
    |xor_ln340_241_fu_3957_p2     |    xor   |      0|  0|   2|           1|           1|
    |xor_ln340_242_fu_3963_p2     |    xor   |      0|  0|   2|           1|           2|
    |xor_ln340_243_fu_4060_p2     |    xor   |      0|  0|   2|           1|           1|
    |xor_ln340_244_fu_4066_p2     |    xor   |      0|  0|   2|           1|           2|
    |xor_ln340_245_fu_4163_p2     |    xor   |      0|  0|   2|           1|           1|
    |xor_ln340_246_fu_4169_p2     |    xor   |      0|  0|   2|           1|           2|
    |xor_ln340_247_fu_4266_p2     |    xor   |      0|  0|   2|           1|           1|
    |xor_ln340_248_fu_4272_p2     |    xor   |      0|  0|   2|           1|           2|
    |xor_ln340_249_fu_4369_p2     |    xor   |      0|  0|   2|           1|           1|
    |xor_ln340_250_fu_4375_p2     |    xor   |      0|  0|   2|           1|           2|
    |xor_ln340_251_fu_4472_p2     |    xor   |      0|  0|   2|           1|           1|
    |xor_ln340_252_fu_4478_p2     |    xor   |      0|  0|   2|           1|           2|
    |xor_ln340_253_fu_4575_p2     |    xor   |      0|  0|   2|           1|           1|
    |xor_ln340_254_fu_4581_p2     |    xor   |      0|  0|   2|           1|           2|
    |xor_ln340_fu_4904_p2         |    xor   |      0|  0|   2|           1|           1|
    |xor_ln399_fu_1418_p2         |    xor   |      0|  0|   2|           1|           2|
    |xor_ln785_10_fu_6306_p2      |    xor   |      0|  0|   2|           1|           2|
    |xor_ln785_11_fu_6448_p2      |    xor   |      0|  0|   2|           1|           2|
    |xor_ln785_12_fu_6590_p2      |    xor   |      0|  0|   2|           1|           2|
    |xor_ln785_13_fu_6732_p2      |    xor   |      0|  0|   2|           1|           2|
    |xor_ln785_14_fu_6874_p2      |    xor   |      0|  0|   2|           1|           2|
    |xor_ln785_15_fu_7016_p2      |    xor   |      0|  0|   2|           1|           2|
    |xor_ln785_16_fu_7158_p2      |    xor   |      0|  0|   2|           1|           2|
    |xor_ln785_17_fu_7300_p2      |    xor   |      0|  0|   2|           1|           2|
    |xor_ln785_18_fu_7442_p2      |    xor   |      0|  0|   2|           1|           2|
    |xor_ln785_19_fu_7584_p2      |    xor   |      0|  0|   2|           1|           2|
    |xor_ln785_1_fu_5028_p2       |    xor   |      0|  0|   2|           1|           2|
    |xor_ln785_20_fu_7726_p2      |    xor   |      0|  0|   2|           1|           2|
    |xor_ln785_21_fu_7868_p2      |    xor   |      0|  0|   2|           1|           2|
    |xor_ln785_22_fu_8010_p2      |    xor   |      0|  0|   2|           1|           2|
    |xor_ln785_23_fu_8152_p2      |    xor   |      0|  0|   2|           1|           2|
    |xor_ln785_24_fu_8294_p2      |    xor   |      0|  0|   2|           1|           2|
    |xor_ln785_25_fu_8436_p2      |    xor   |      0|  0|   2|           1|           2|
    |xor_ln785_26_fu_8578_p2      |    xor   |      0|  0|   2|           1|           2|
    |xor_ln785_27_fu_8720_p2      |    xor   |      0|  0|   2|           1|           2|
    |xor_ln785_28_fu_8862_p2      |    xor   |      0|  0|   2|           1|           2|
    |xor_ln785_29_fu_9004_p2      |    xor   |      0|  0|   2|           1|           2|
    |xor_ln785_2_fu_5170_p2       |    xor   |      0|  0|   2|           1|           2|
    |xor_ln785_30_fu_9146_p2      |    xor   |      0|  0|   2|           1|           2|
    |xor_ln785_31_fu_9288_p2      |    xor   |      0|  0|   2|           1|           2|
    |xor_ln785_3_fu_5312_p2       |    xor   |      0|  0|   2|           1|           2|
    |xor_ln785_4_fu_5454_p2       |    xor   |      0|  0|   2|           1|           2|
    |xor_ln785_5_fu_5596_p2       |    xor   |      0|  0|   2|           1|           2|
    |xor_ln785_6_fu_5738_p2       |    xor   |      0|  0|   2|           1|           2|
    |xor_ln785_7_fu_5880_p2       |    xor   |      0|  0|   2|           1|           2|
    |xor_ln785_8_fu_6022_p2       |    xor   |      0|  0|   2|           1|           2|
    |xor_ln785_9_fu_6164_p2       |    xor   |      0|  0|   2|           1|           2|
    |xor_ln785_fu_4886_p2         |    xor   |      0|  0|   2|           1|           2|
    |xor_ln786_320_fu_1365_p2     |    xor   |      0|  0|   2|           1|           2|
    |xor_ln786_321_fu_1473_p2     |    xor   |      0|  0|   2|           1|           2|
    |xor_ln786_322_fu_1576_p2     |    xor   |      0|  0|   2|           1|           2|
    |xor_ln786_323_fu_1679_p2     |    xor   |      0|  0|   2|           1|           2|
    |xor_ln786_324_fu_1782_p2     |    xor   |      0|  0|   2|           1|           2|
    |xor_ln786_325_fu_1885_p2     |    xor   |      0|  0|   2|           1|           2|
    |xor_ln786_326_fu_1988_p2     |    xor   |      0|  0|   2|           1|           2|
    |xor_ln786_327_fu_2091_p2     |    xor   |      0|  0|   2|           1|           2|
    |xor_ln786_328_fu_2194_p2     |    xor   |      0|  0|   2|           1|           2|
    |xor_ln786_329_fu_2297_p2     |    xor   |      0|  0|   2|           1|           2|
    |xor_ln786_330_fu_2400_p2     |    xor   |      0|  0|   2|           1|           2|
    |xor_ln786_331_fu_2503_p2     |    xor   |      0|  0|   2|           1|           2|
    |xor_ln786_332_fu_2606_p2     |    xor   |      0|  0|   2|           1|           2|
    |xor_ln786_333_fu_2709_p2     |    xor   |      0|  0|   2|           1|           2|
    |xor_ln786_334_fu_2812_p2     |    xor   |      0|  0|   2|           1|           2|
    |xor_ln786_335_fu_2915_p2     |    xor   |      0|  0|   2|           1|           2|
    |xor_ln786_336_fu_3018_p2     |    xor   |      0|  0|   2|           1|           2|
    |xor_ln786_337_fu_3121_p2     |    xor   |      0|  0|   2|           1|           2|
    |xor_ln786_338_fu_3224_p2     |    xor   |      0|  0|   2|           1|           2|
    |xor_ln786_339_fu_3327_p2     |    xor   |      0|  0|   2|           1|           2|
    |xor_ln786_340_fu_3430_p2     |    xor   |      0|  0|   2|           1|           2|
    |xor_ln786_341_fu_3533_p2     |    xor   |      0|  0|   2|           1|           2|
    |xor_ln786_342_fu_3636_p2     |    xor   |      0|  0|   2|           1|           2|
    |xor_ln786_343_fu_3739_p2     |    xor   |      0|  0|   2|           1|           2|
    |xor_ln786_344_fu_3842_p2     |    xor   |      0|  0|   2|           1|           2|
    |xor_ln786_345_fu_3945_p2     |    xor   |      0|  0|   2|           1|           2|
    |xor_ln786_346_fu_4048_p2     |    xor   |      0|  0|   2|           1|           2|
    |xor_ln786_347_fu_4151_p2     |    xor   |      0|  0|   2|           1|           2|
    |xor_ln786_348_fu_4254_p2     |    xor   |      0|  0|   2|           1|           2|
    |xor_ln786_349_fu_4357_p2     |    xor   |      0|  0|   2|           1|           2|
    |xor_ln786_350_fu_4460_p2     |    xor   |      0|  0|   2|           1|           2|
    |xor_ln786_351_fu_4563_p2     |    xor   |      0|  0|   2|           1|           2|
    |xor_ln786_352_fu_5034_p2     |    xor   |      0|  0|   2|           1|           2|
    |xor_ln786_353_fu_5176_p2     |    xor   |      0|  0|   2|           1|           2|
    |xor_ln786_354_fu_5318_p2     |    xor   |      0|  0|   2|           1|           2|
    |xor_ln786_355_fu_5460_p2     |    xor   |      0|  0|   2|           1|           2|
    |xor_ln786_356_fu_5602_p2     |    xor   |      0|  0|   2|           1|           2|
    |xor_ln786_357_fu_5744_p2     |    xor   |      0|  0|   2|           1|           2|
    |xor_ln786_358_fu_5886_p2     |    xor   |      0|  0|   2|           1|           2|
    |xor_ln786_359_fu_6028_p2     |    xor   |      0|  0|   2|           1|           2|
    |xor_ln786_360_fu_6170_p2     |    xor   |      0|  0|   2|           1|           2|
    |xor_ln786_361_fu_6312_p2     |    xor   |      0|  0|   2|           1|           2|
    |xor_ln786_362_fu_6454_p2     |    xor   |      0|  0|   2|           1|           2|
    |xor_ln786_363_fu_6596_p2     |    xor   |      0|  0|   2|           1|           2|
    |xor_ln786_364_fu_6738_p2     |    xor   |      0|  0|   2|           1|           2|
    |xor_ln786_365_fu_6880_p2     |    xor   |      0|  0|   2|           1|           2|
    |xor_ln786_366_fu_7022_p2     |    xor   |      0|  0|   2|           1|           2|
    |xor_ln786_367_fu_7164_p2     |    xor   |      0|  0|   2|           1|           2|
    |xor_ln786_368_fu_7306_p2     |    xor   |      0|  0|   2|           1|           2|
    |xor_ln786_369_fu_7448_p2     |    xor   |      0|  0|   2|           1|           2|
    |xor_ln786_370_fu_7590_p2     |    xor   |      0|  0|   2|           1|           2|
    |xor_ln786_371_fu_7732_p2     |    xor   |      0|  0|   2|           1|           2|
    |xor_ln786_372_fu_7874_p2     |    xor   |      0|  0|   2|           1|           2|
    |xor_ln786_373_fu_8016_p2     |    xor   |      0|  0|   2|           1|           2|
    |xor_ln786_374_fu_8158_p2     |    xor   |      0|  0|   2|           1|           2|
    |xor_ln786_375_fu_8300_p2     |    xor   |      0|  0|   2|           1|           2|
    |xor_ln786_376_fu_8442_p2     |    xor   |      0|  0|   2|           1|           2|
    |xor_ln786_377_fu_8584_p2     |    xor   |      0|  0|   2|           1|           2|
    |xor_ln786_378_fu_8726_p2     |    xor   |      0|  0|   2|           1|           2|
    |xor_ln786_379_fu_8868_p2     |    xor   |      0|  0|   2|           1|           2|
    |xor_ln786_380_fu_9010_p2     |    xor   |      0|  0|   2|           1|           2|
    |xor_ln786_381_fu_9152_p2     |    xor   |      0|  0|   2|           1|           2|
    |xor_ln786_382_fu_9294_p2     |    xor   |      0|  0|   2|           1|           2|
    |xor_ln786_fu_4892_p2         |    xor   |      0|  0|   2|           1|           2|
    +-----------------------------+----------+-------+---+----+------------+------------+
    |Total                        |          |      0|  0|8316|        1808|        6986|
    +-----------------------------+----------+-------+---+----+------------+------------+

    * Multiplexer: 
    +--------------------------------+----+-----------+-----+-----------+
    |              Name              | LUT| Input Size| Bits| Total Bits|
    +--------------------------------+----+-----------+-----+-----------+
    |ap_NS_fsm                       |  33|          6|    1|          6|
    |ap_enable_reg_pp0_iter1         |   9|          2|    1|          2|
    |ap_enable_reg_pp0_iter3         |   9|          2|    1|          2|
    |ap_phi_mux_ii_0_phi_fu_1014_p4  |   9|          2|    2|          4|
    |col_0_reg_988                   |   9|          2|    6|         12|
    |ii_0_reg_1010                   |   9|          2|    2|          4|
    |indvar_flatten6_reg_966         |   9|          2|    8|         16|
    |indvar_flatten_reg_999          |   9|          2|    3|          6|
    |jj_0_reg_1021                   |   9|          2|    2|          4|
    |out_buf_sc_0_V_address0         |  15|          3|   10|         30|
    |out_buf_sc_10_V_address0        |  15|          3|   10|         30|
    |out_buf_sc_11_V_address0        |  15|          3|   10|         30|
    |out_buf_sc_12_V_address0        |  15|          3|   10|         30|
    |out_buf_sc_13_V_address0        |  15|          3|   10|         30|
    |out_buf_sc_14_V_address0        |  15|          3|   10|         30|
    |out_buf_sc_15_V_address0        |  15|          3|   10|         30|
    |out_buf_sc_16_V_address0        |  15|          3|   10|         30|
    |out_buf_sc_17_V_address0        |  15|          3|   10|         30|
    |out_buf_sc_18_V_address0        |  15|          3|   10|         30|
    |out_buf_sc_19_V_address0        |  15|          3|   10|         30|
    |out_buf_sc_1_V_address0         |  15|          3|   10|         30|
    |out_buf_sc_20_V_address0        |  15|          3|   10|         30|
    |out_buf_sc_21_V_address0        |  15|          3|   10|         30|
    |out_buf_sc_22_V_address0        |  15|          3|   10|         30|
    |out_buf_sc_23_V_address0        |  15|          3|   10|         30|
    |out_buf_sc_24_V_address0        |  15|          3|   10|         30|
    |out_buf_sc_25_V_address0        |  15|          3|   10|         30|
    |out_buf_sc_26_V_address0        |  15|          3|   10|         30|
    |out_buf_sc_27_V_address0        |  15|          3|   10|         30|
    |out_buf_sc_28_V_address0        |  15|          3|   10|         30|
    |out_buf_sc_29_V_address0        |  15|          3|   10|         30|
    |out_buf_sc_2_V_address0         |  15|          3|   10|         30|
    |out_buf_sc_30_V_address0        |  15|          3|   10|         30|
    |out_buf_sc_31_V_address0        |  15|          3|   10|         30|
    |out_buf_sc_3_V_address0         |  15|          3|   10|         30|
    |out_buf_sc_4_V_address0         |  15|          3|   10|         30|
    |out_buf_sc_5_V_address0         |  15|          3|   10|         30|
    |out_buf_sc_6_V_address0         |  15|          3|   10|         30|
    |out_buf_sc_7_V_address0         |  15|          3|   10|         30|
    |out_buf_sc_8_V_address0         |  15|          3|   10|         30|
    |out_buf_sc_9_V_address0         |  15|          3|   10|         30|
    |row_0_reg_977                   |   9|          2|    3|          6|
    +--------------------------------+----+-----------+-----+-----------+
    |Total                           | 594|        120|  349|       1022|
    +--------------------------------+----+-----------+-----+-----------+

    * Register: 
    +----------------------------+----+----+-----+-----------+
    |            Name            | FF | LUT| Bits| Const Bits|
    +----------------------------+----+----+-----+-----------+
    |add_ln203_1_reg_9693        |  10|   0|   10|          0|
    |add_ln203_reg_9858          |  10|   0|   10|          0|
    |add_ln391_reg_9596          |   8|   0|    8|          0|
    |add_ln395_reg_9646          |   3|   0|    3|          0|
    |ap_CS_fsm                   |   5|   0|    5|          0|
    |ap_enable_reg_pp0_iter0     |   1|   0|    1|          0|
    |ap_enable_reg_pp0_iter1     |   1|   0|    1|          0|
    |ap_enable_reg_pp0_iter2     |   1|   0|    1|          0|
    |ap_enable_reg_pp0_iter3     |   1|   0|    1|          0|
    |col_0_reg_988               |   6|   0|    6|          0|
    |col_reg_10023               |   6|   0|    6|          0|
    |icmp_ln395_reg_9627         |   1|   0|    1|          0|
    |icmp_ln399_reg_9651         |   1|   0|    1|          0|
    |ii_0_reg_1010               |   2|   0|    2|          0|
    |indvar_flatten6_reg_966     |   8|   0|    8|          0|
    |indvar_flatten_reg_999      |   3|   0|    3|          0|
    |jj_0_reg_1021               |   2|   0|    2|          0|
    |mul_ln203_reg_9617          |  10|   0|   10|          0|
    |row_0_reg_977               |   3|   0|    3|          0|
    |select_ln340_704_reg_9863   |  16|   0|   16|          0|
    |select_ln340_705_reg_9868   |  16|   0|   16|          0|
    |select_ln340_706_reg_9873   |  16|   0|   16|          0|
    |select_ln340_707_reg_9878   |  16|   0|   16|          0|
    |select_ln340_708_reg_9883   |  16|   0|   16|          0|
    |select_ln340_709_reg_9888   |  16|   0|   16|          0|
    |select_ln340_710_reg_9893   |  16|   0|   16|          0|
    |select_ln340_711_reg_9898   |  16|   0|   16|          0|
    |select_ln340_712_reg_9903   |  16|   0|   16|          0|
    |select_ln340_713_reg_9908   |  16|   0|   16|          0|
    |select_ln340_714_reg_9913   |  16|   0|   16|          0|
    |select_ln340_715_reg_9918   |  16|   0|   16|          0|
    |select_ln340_716_reg_9923   |  16|   0|   16|          0|
    |select_ln340_717_reg_9928   |  16|   0|   16|          0|
    |select_ln340_718_reg_9933   |  16|   0|   16|          0|
    |select_ln340_719_reg_9938   |  16|   0|   16|          0|
    |select_ln340_720_reg_9943   |  16|   0|   16|          0|
    |select_ln340_721_reg_9948   |  16|   0|   16|          0|
    |select_ln340_722_reg_9953   |  16|   0|   16|          0|
    |select_ln340_723_reg_9958   |  16|   0|   16|          0|
    |select_ln340_724_reg_9963   |  16|   0|   16|          0|
    |select_ln340_725_reg_9968   |  16|   0|   16|          0|
    |select_ln340_726_reg_9973   |  16|   0|   16|          0|
    |select_ln340_727_reg_9978   |  16|   0|   16|          0|
    |select_ln340_728_reg_9983   |  16|   0|   16|          0|
    |select_ln340_729_reg_9988   |  16|   0|   16|          0|
    |select_ln340_730_reg_9993   |  16|   0|   16|          0|
    |select_ln340_731_reg_9998   |  16|   0|   16|          0|
    |select_ln340_732_reg_10003  |  16|   0|   16|          0|
    |select_ln340_733_reg_10008  |  16|   0|   16|          0|
    |select_ln340_734_reg_10013  |  16|   0|   16|          0|
    |select_ln340_735_reg_10018  |  16|   0|   16|          0|
    |select_ln395_1_reg_9641     |   2|   0|    2|          0|
    |select_ln395_reg_9636       |   2|   0|    2|          0|
    |select_ln399_1_reg_9607     |   3|   0|    3|          0|
    |select_ln399_reg_9601       |   6|   0|    6|          0|
    |shl_ln399_1_reg_9622        |   6|   0|    7|          1|
    |shl_ln399_reg_9612          |   2|   0|    3|          1|
    |tmp_0_V_19_fu_160           |  16|   0|   16|          0|
    |tmp_10_V_19_fu_200          |  16|   0|   16|          0|
    |tmp_11_V_19_fu_204          |  16|   0|   16|          0|
    |tmp_12_V_19_fu_208          |  16|   0|   16|          0|
    |tmp_13_V_19_fu_212          |  16|   0|   16|          0|
    |tmp_14_V_19_fu_216          |  16|   0|   16|          0|
    |tmp_15_V_19_fu_220          |  16|   0|   16|          0|
    |tmp_16_V_5_fu_224           |  16|   0|   16|          0|
    |tmp_17_V_5_fu_228           |  16|   0|   16|          0|
    |tmp_18_V_5_fu_232           |  16|   0|   16|          0|
    |tmp_19_V_5_fu_236           |  16|   0|   16|          0|
    |tmp_1_V_19_fu_164           |  16|   0|   16|          0|
    |tmp_20_V_5_fu_240           |  16|   0|   16|          0|
    |tmp_21_V_5_fu_244           |  16|   0|   16|          0|
    |tmp_22_V_5_fu_248           |  16|   0|   16|          0|
    |tmp_23_V_5_fu_252           |  16|   0|   16|          0|
    |tmp_24_V_5_fu_256           |  16|   0|   16|          0|
    |tmp_25_V_5_fu_260           |  16|   0|   16|          0|
    |tmp_26_V_5_fu_264           |  16|   0|   16|          0|
    |tmp_27_V_5_fu_268           |  16|   0|   16|          0|
    |tmp_28_V_5_fu_272           |  16|   0|   16|          0|
    |tmp_29_V_5_fu_276           |  16|   0|   16|          0|
    |tmp_2_V_19_fu_168           |  16|   0|   16|          0|
    |tmp_30_V_5_fu_280           |  16|   0|   16|          0|
    |tmp_31_V_5_fu_284           |  16|   0|   16|          0|
    |tmp_322_reg_9587            |   6|   0|    8|          2|
    |tmp_3_V_19_fu_172           |  16|   0|   16|          0|
    |tmp_4_V_19_fu_176           |  16|   0|   16|          0|
    |tmp_5_V_19_fu_180           |  16|   0|   16|          0|
    |tmp_6_V_19_fu_184           |  16|   0|   16|          0|
    |tmp_7_V_19_fu_188           |  16|   0|   16|          0|
    |tmp_8_V_19_fu_192           |  16|   0|   16|          0|
    |tmp_9_V_19_fu_196           |  16|   0|   16|          0|
    |trunc_ln392_3_reg_9582      |   6|   0|    6|          0|
    |icmp_ln395_reg_9627         |  64|  32|    1|          0|
    |icmp_ln399_reg_9651         |  64|  32|    1|          0|
    +----------------------------+----+----+-----+-----------+
    |Total                       |1267|  64| 1145|          4|
    +----------------------------+----+----+-----+-----------+



================================================================
== Interface
================================================================
* Summary: 
+--------------------------+-----+-----+------------+-----------------+--------------+
|         RTL Ports        | Dir | Bits|  Protocol  |  Source Object  |    C Type    |
+--------------------------+-----+-----+------------+-----------------+--------------+
|ap_clk                    |  in |    1| ap_ctrl_hs |     avgpool     | return value |
|ap_rst                    |  in |    1| ap_ctrl_hs |     avgpool     | return value |
|ap_start                  |  in |    1| ap_ctrl_hs |     avgpool     | return value |
|ap_done                   | out |    1| ap_ctrl_hs |     avgpool     | return value |
|ap_idle                   | out |    1| ap_ctrl_hs |     avgpool     | return value |
|ap_ready                  | out |    1| ap_ctrl_hs |     avgpool     | return value |
|out_buf_sc_0_V_address0   | out |   10|  ap_memory |  out_buf_sc_0_V |     array    |
|out_buf_sc_0_V_ce0        | out |    1|  ap_memory |  out_buf_sc_0_V |     array    |
|out_buf_sc_0_V_we0        | out |    1|  ap_memory |  out_buf_sc_0_V |     array    |
|out_buf_sc_0_V_d0         | out |   16|  ap_memory |  out_buf_sc_0_V |     array    |
|out_buf_sc_0_V_q0         |  in |   16|  ap_memory |  out_buf_sc_0_V |     array    |
|out_buf_sc_1_V_address0   | out |   10|  ap_memory |  out_buf_sc_1_V |     array    |
|out_buf_sc_1_V_ce0        | out |    1|  ap_memory |  out_buf_sc_1_V |     array    |
|out_buf_sc_1_V_we0        | out |    1|  ap_memory |  out_buf_sc_1_V |     array    |
|out_buf_sc_1_V_d0         | out |   16|  ap_memory |  out_buf_sc_1_V |     array    |
|out_buf_sc_1_V_q0         |  in |   16|  ap_memory |  out_buf_sc_1_V |     array    |
|out_buf_sc_2_V_address0   | out |   10|  ap_memory |  out_buf_sc_2_V |     array    |
|out_buf_sc_2_V_ce0        | out |    1|  ap_memory |  out_buf_sc_2_V |     array    |
|out_buf_sc_2_V_we0        | out |    1|  ap_memory |  out_buf_sc_2_V |     array    |
|out_buf_sc_2_V_d0         | out |   16|  ap_memory |  out_buf_sc_2_V |     array    |
|out_buf_sc_2_V_q0         |  in |   16|  ap_memory |  out_buf_sc_2_V |     array    |
|out_buf_sc_3_V_address0   | out |   10|  ap_memory |  out_buf_sc_3_V |     array    |
|out_buf_sc_3_V_ce0        | out |    1|  ap_memory |  out_buf_sc_3_V |     array    |
|out_buf_sc_3_V_we0        | out |    1|  ap_memory |  out_buf_sc_3_V |     array    |
|out_buf_sc_3_V_d0         | out |   16|  ap_memory |  out_buf_sc_3_V |     array    |
|out_buf_sc_3_V_q0         |  in |   16|  ap_memory |  out_buf_sc_3_V |     array    |
|out_buf_sc_4_V_address0   | out |   10|  ap_memory |  out_buf_sc_4_V |     array    |
|out_buf_sc_4_V_ce0        | out |    1|  ap_memory |  out_buf_sc_4_V |     array    |
|out_buf_sc_4_V_we0        | out |    1|  ap_memory |  out_buf_sc_4_V |     array    |
|out_buf_sc_4_V_d0         | out |   16|  ap_memory |  out_buf_sc_4_V |     array    |
|out_buf_sc_4_V_q0         |  in |   16|  ap_memory |  out_buf_sc_4_V |     array    |
|out_buf_sc_5_V_address0   | out |   10|  ap_memory |  out_buf_sc_5_V |     array    |
|out_buf_sc_5_V_ce0        | out |    1|  ap_memory |  out_buf_sc_5_V |     array    |
|out_buf_sc_5_V_we0        | out |    1|  ap_memory |  out_buf_sc_5_V |     array    |
|out_buf_sc_5_V_d0         | out |   16|  ap_memory |  out_buf_sc_5_V |     array    |
|out_buf_sc_5_V_q0         |  in |   16|  ap_memory |  out_buf_sc_5_V |     array    |
|out_buf_sc_6_V_address0   | out |   10|  ap_memory |  out_buf_sc_6_V |     array    |
|out_buf_sc_6_V_ce0        | out |    1|  ap_memory |  out_buf_sc_6_V |     array    |
|out_buf_sc_6_V_we0        | out |    1|  ap_memory |  out_buf_sc_6_V |     array    |
|out_buf_sc_6_V_d0         | out |   16|  ap_memory |  out_buf_sc_6_V |     array    |
|out_buf_sc_6_V_q0         |  in |   16|  ap_memory |  out_buf_sc_6_V |     array    |
|out_buf_sc_7_V_address0   | out |   10|  ap_memory |  out_buf_sc_7_V |     array    |
|out_buf_sc_7_V_ce0        | out |    1|  ap_memory |  out_buf_sc_7_V |     array    |
|out_buf_sc_7_V_we0        | out |    1|  ap_memory |  out_buf_sc_7_V |     array    |
|out_buf_sc_7_V_d0         | out |   16|  ap_memory |  out_buf_sc_7_V |     array    |
|out_buf_sc_7_V_q0         |  in |   16|  ap_memory |  out_buf_sc_7_V |     array    |
|out_buf_sc_8_V_address0   | out |   10|  ap_memory |  out_buf_sc_8_V |     array    |
|out_buf_sc_8_V_ce0        | out |    1|  ap_memory |  out_buf_sc_8_V |     array    |
|out_buf_sc_8_V_we0        | out |    1|  ap_memory |  out_buf_sc_8_V |     array    |
|out_buf_sc_8_V_d0         | out |   16|  ap_memory |  out_buf_sc_8_V |     array    |
|out_buf_sc_8_V_q0         |  in |   16|  ap_memory |  out_buf_sc_8_V |     array    |
|out_buf_sc_9_V_address0   | out |   10|  ap_memory |  out_buf_sc_9_V |     array    |
|out_buf_sc_9_V_ce0        | out |    1|  ap_memory |  out_buf_sc_9_V |     array    |
|out_buf_sc_9_V_we0        | out |    1|  ap_memory |  out_buf_sc_9_V |     array    |
|out_buf_sc_9_V_d0         | out |   16|  ap_memory |  out_buf_sc_9_V |     array    |
|out_buf_sc_9_V_q0         |  in |   16|  ap_memory |  out_buf_sc_9_V |     array    |
|out_buf_sc_10_V_address0  | out |   10|  ap_memory | out_buf_sc_10_V |     array    |
|out_buf_sc_10_V_ce0       | out |    1|  ap_memory | out_buf_sc_10_V |     array    |
|out_buf_sc_10_V_we0       | out |    1|  ap_memory | out_buf_sc_10_V |     array    |
|out_buf_sc_10_V_d0        | out |   16|  ap_memory | out_buf_sc_10_V |     array    |
|out_buf_sc_10_V_q0        |  in |   16|  ap_memory | out_buf_sc_10_V |     array    |
|out_buf_sc_11_V_address0  | out |   10|  ap_memory | out_buf_sc_11_V |     array    |
|out_buf_sc_11_V_ce0       | out |    1|  ap_memory | out_buf_sc_11_V |     array    |
|out_buf_sc_11_V_we0       | out |    1|  ap_memory | out_buf_sc_11_V |     array    |
|out_buf_sc_11_V_d0        | out |   16|  ap_memory | out_buf_sc_11_V |     array    |
|out_buf_sc_11_V_q0        |  in |   16|  ap_memory | out_buf_sc_11_V |     array    |
|out_buf_sc_12_V_address0  | out |   10|  ap_memory | out_buf_sc_12_V |     array    |
|out_buf_sc_12_V_ce0       | out |    1|  ap_memory | out_buf_sc_12_V |     array    |
|out_buf_sc_12_V_we0       | out |    1|  ap_memory | out_buf_sc_12_V |     array    |
|out_buf_sc_12_V_d0        | out |   16|  ap_memory | out_buf_sc_12_V |     array    |
|out_buf_sc_12_V_q0        |  in |   16|  ap_memory | out_buf_sc_12_V |     array    |
|out_buf_sc_13_V_address0  | out |   10|  ap_memory | out_buf_sc_13_V |     array    |
|out_buf_sc_13_V_ce0       | out |    1|  ap_memory | out_buf_sc_13_V |     array    |
|out_buf_sc_13_V_we0       | out |    1|  ap_memory | out_buf_sc_13_V |     array    |
|out_buf_sc_13_V_d0        | out |   16|  ap_memory | out_buf_sc_13_V |     array    |
|out_buf_sc_13_V_q0        |  in |   16|  ap_memory | out_buf_sc_13_V |     array    |
|out_buf_sc_14_V_address0  | out |   10|  ap_memory | out_buf_sc_14_V |     array    |
|out_buf_sc_14_V_ce0       | out |    1|  ap_memory | out_buf_sc_14_V |     array    |
|out_buf_sc_14_V_we0       | out |    1|  ap_memory | out_buf_sc_14_V |     array    |
|out_buf_sc_14_V_d0        | out |   16|  ap_memory | out_buf_sc_14_V |     array    |
|out_buf_sc_14_V_q0        |  in |   16|  ap_memory | out_buf_sc_14_V |     array    |
|out_buf_sc_15_V_address0  | out |   10|  ap_memory | out_buf_sc_15_V |     array    |
|out_buf_sc_15_V_ce0       | out |    1|  ap_memory | out_buf_sc_15_V |     array    |
|out_buf_sc_15_V_we0       | out |    1|  ap_memory | out_buf_sc_15_V |     array    |
|out_buf_sc_15_V_d0        | out |   16|  ap_memory | out_buf_sc_15_V |     array    |
|out_buf_sc_15_V_q0        |  in |   16|  ap_memory | out_buf_sc_15_V |     array    |
|out_buf_sc_16_V_address0  | out |   10|  ap_memory | out_buf_sc_16_V |     array    |
|out_buf_sc_16_V_ce0       | out |    1|  ap_memory | out_buf_sc_16_V |     array    |
|out_buf_sc_16_V_we0       | out |    1|  ap_memory | out_buf_sc_16_V |     array    |
|out_buf_sc_16_V_d0        | out |   16|  ap_memory | out_buf_sc_16_V |     array    |
|out_buf_sc_16_V_q0        |  in |   16|  ap_memory | out_buf_sc_16_V |     array    |
|out_buf_sc_17_V_address0  | out |   10|  ap_memory | out_buf_sc_17_V |     array    |
|out_buf_sc_17_V_ce0       | out |    1|  ap_memory | out_buf_sc_17_V |     array    |
|out_buf_sc_17_V_we0       | out |    1|  ap_memory | out_buf_sc_17_V |     array    |
|out_buf_sc_17_V_d0        | out |   16|  ap_memory | out_buf_sc_17_V |     array    |
|out_buf_sc_17_V_q0        |  in |   16|  ap_memory | out_buf_sc_17_V |     array    |
|out_buf_sc_18_V_address0  | out |   10|  ap_memory | out_buf_sc_18_V |     array    |
|out_buf_sc_18_V_ce0       | out |    1|  ap_memory | out_buf_sc_18_V |     array    |
|out_buf_sc_18_V_we0       | out |    1|  ap_memory | out_buf_sc_18_V |     array    |
|out_buf_sc_18_V_d0        | out |   16|  ap_memory | out_buf_sc_18_V |     array    |
|out_buf_sc_18_V_q0        |  in |   16|  ap_memory | out_buf_sc_18_V |     array    |
|out_buf_sc_19_V_address0  | out |   10|  ap_memory | out_buf_sc_19_V |     array    |
|out_buf_sc_19_V_ce0       | out |    1|  ap_memory | out_buf_sc_19_V |     array    |
|out_buf_sc_19_V_we0       | out |    1|  ap_memory | out_buf_sc_19_V |     array    |
|out_buf_sc_19_V_d0        | out |   16|  ap_memory | out_buf_sc_19_V |     array    |
|out_buf_sc_19_V_q0        |  in |   16|  ap_memory | out_buf_sc_19_V |     array    |
|out_buf_sc_20_V_address0  | out |   10|  ap_memory | out_buf_sc_20_V |     array    |
|out_buf_sc_20_V_ce0       | out |    1|  ap_memory | out_buf_sc_20_V |     array    |
|out_buf_sc_20_V_we0       | out |    1|  ap_memory | out_buf_sc_20_V |     array    |
|out_buf_sc_20_V_d0        | out |   16|  ap_memory | out_buf_sc_20_V |     array    |
|out_buf_sc_20_V_q0        |  in |   16|  ap_memory | out_buf_sc_20_V |     array    |
|out_buf_sc_21_V_address0  | out |   10|  ap_memory | out_buf_sc_21_V |     array    |
|out_buf_sc_21_V_ce0       | out |    1|  ap_memory | out_buf_sc_21_V |     array    |
|out_buf_sc_21_V_we0       | out |    1|  ap_memory | out_buf_sc_21_V |     array    |
|out_buf_sc_21_V_d0        | out |   16|  ap_memory | out_buf_sc_21_V |     array    |
|out_buf_sc_21_V_q0        |  in |   16|  ap_memory | out_buf_sc_21_V |     array    |
|out_buf_sc_22_V_address0  | out |   10|  ap_memory | out_buf_sc_22_V |     array    |
|out_buf_sc_22_V_ce0       | out |    1|  ap_memory | out_buf_sc_22_V |     array    |
|out_buf_sc_22_V_we0       | out |    1|  ap_memory | out_buf_sc_22_V |     array    |
|out_buf_sc_22_V_d0        | out |   16|  ap_memory | out_buf_sc_22_V |     array    |
|out_buf_sc_22_V_q0        |  in |   16|  ap_memory | out_buf_sc_22_V |     array    |
|out_buf_sc_23_V_address0  | out |   10|  ap_memory | out_buf_sc_23_V |     array    |
|out_buf_sc_23_V_ce0       | out |    1|  ap_memory | out_buf_sc_23_V |     array    |
|out_buf_sc_23_V_we0       | out |    1|  ap_memory | out_buf_sc_23_V |     array    |
|out_buf_sc_23_V_d0        | out |   16|  ap_memory | out_buf_sc_23_V |     array    |
|out_buf_sc_23_V_q0        |  in |   16|  ap_memory | out_buf_sc_23_V |     array    |
|out_buf_sc_24_V_address0  | out |   10|  ap_memory | out_buf_sc_24_V |     array    |
|out_buf_sc_24_V_ce0       | out |    1|  ap_memory | out_buf_sc_24_V |     array    |
|out_buf_sc_24_V_we0       | out |    1|  ap_memory | out_buf_sc_24_V |     array    |
|out_buf_sc_24_V_d0        | out |   16|  ap_memory | out_buf_sc_24_V |     array    |
|out_buf_sc_24_V_q0        |  in |   16|  ap_memory | out_buf_sc_24_V |     array    |
|out_buf_sc_25_V_address0  | out |   10|  ap_memory | out_buf_sc_25_V |     array    |
|out_buf_sc_25_V_ce0       | out |    1|  ap_memory | out_buf_sc_25_V |     array    |
|out_buf_sc_25_V_we0       | out |    1|  ap_memory | out_buf_sc_25_V |     array    |
|out_buf_sc_25_V_d0        | out |   16|  ap_memory | out_buf_sc_25_V |     array    |
|out_buf_sc_25_V_q0        |  in |   16|  ap_memory | out_buf_sc_25_V |     array    |
|out_buf_sc_26_V_address0  | out |   10|  ap_memory | out_buf_sc_26_V |     array    |
|out_buf_sc_26_V_ce0       | out |    1|  ap_memory | out_buf_sc_26_V |     array    |
|out_buf_sc_26_V_we0       | out |    1|  ap_memory | out_buf_sc_26_V |     array    |
|out_buf_sc_26_V_d0        | out |   16|  ap_memory | out_buf_sc_26_V |     array    |
|out_buf_sc_26_V_q0        |  in |   16|  ap_memory | out_buf_sc_26_V |     array    |
|out_buf_sc_27_V_address0  | out |   10|  ap_memory | out_buf_sc_27_V |     array    |
|out_buf_sc_27_V_ce0       | out |    1|  ap_memory | out_buf_sc_27_V |     array    |
|out_buf_sc_27_V_we0       | out |    1|  ap_memory | out_buf_sc_27_V |     array    |
|out_buf_sc_27_V_d0        | out |   16|  ap_memory | out_buf_sc_27_V |     array    |
|out_buf_sc_27_V_q0        |  in |   16|  ap_memory | out_buf_sc_27_V |     array    |
|out_buf_sc_28_V_address0  | out |   10|  ap_memory | out_buf_sc_28_V |     array    |
|out_buf_sc_28_V_ce0       | out |    1|  ap_memory | out_buf_sc_28_V |     array    |
|out_buf_sc_28_V_we0       | out |    1|  ap_memory | out_buf_sc_28_V |     array    |
|out_buf_sc_28_V_d0        | out |   16|  ap_memory | out_buf_sc_28_V |     array    |
|out_buf_sc_28_V_q0        |  in |   16|  ap_memory | out_buf_sc_28_V |     array    |
|out_buf_sc_29_V_address0  | out |   10|  ap_memory | out_buf_sc_29_V |     array    |
|out_buf_sc_29_V_ce0       | out |    1|  ap_memory | out_buf_sc_29_V |     array    |
|out_buf_sc_29_V_we0       | out |    1|  ap_memory | out_buf_sc_29_V |     array    |
|out_buf_sc_29_V_d0        | out |   16|  ap_memory | out_buf_sc_29_V |     array    |
|out_buf_sc_29_V_q0        |  in |   16|  ap_memory | out_buf_sc_29_V |     array    |
|out_buf_sc_30_V_address0  | out |   10|  ap_memory | out_buf_sc_30_V |     array    |
|out_buf_sc_30_V_ce0       | out |    1|  ap_memory | out_buf_sc_30_V |     array    |
|out_buf_sc_30_V_we0       | out |    1|  ap_memory | out_buf_sc_30_V |     array    |
|out_buf_sc_30_V_d0        | out |   16|  ap_memory | out_buf_sc_30_V |     array    |
|out_buf_sc_30_V_q0        |  in |   16|  ap_memory | out_buf_sc_30_V |     array    |
|out_buf_sc_31_V_address0  | out |   10|  ap_memory | out_buf_sc_31_V |     array    |
|out_buf_sc_31_V_ce0       | out |    1|  ap_memory | out_buf_sc_31_V |     array    |
|out_buf_sc_31_V_we0       | out |    1|  ap_memory | out_buf_sc_31_V |     array    |
|out_buf_sc_31_V_d0        | out |   16|  ap_memory | out_buf_sc_31_V |     array    |
|out_buf_sc_31_V_q0        |  in |   16|  ap_memory | out_buf_sc_31_V |     array    |
|H_fmap                    |  in |    8|   ap_none  |      H_fmap     |    scalar    |
+--------------------------+-----+-----+------------+-----------------+--------------+

